\BOOKMARK [1][-]{section.1}{\376\377\000I\000n\000t\000r\000o\000d\000u\000\347\000\343\000o}{}% 1
\BOOKMARK [2][-]{subsection.1.1}{\376\377\000N\000o\000t\000a\000\347\000\343\000o\000\040\000e\000\040\000C\000o\000n\000v\000e\000n\000\347\000\365\000e\000s}{section.1}% 2
\BOOKMARK [1][-]{section.2}{\376\377\000R\000e\000v\000i\000s\000\343\000o\000\040\000T\000e\000\363\000r\000i\000c\000a\000\040\000e\000\040\000T\000r\000a\000b\000a\000l\000h\000o\000s\000\040\000R\000e\000l\000a\000c\000i\000o\000n\000a\000d\000o\000s}{}% 3
\BOOKMARK [2][-]{subsection.2.1}{\376\377\000S\000i\000s\000t\000e\000m\000a\000s\000\040\000D\000i\000n\000\342\000m\000i\000c\000o\000s\000\040\000e\000\040\000M\000o\000d\000e\000l\000a\000g\000e\000m\000\040\000D\000e\000t\000e\000r\000m\000i\000n\000\355\000s\000t\000i\000c\000a}{section.2}% 4
\BOOKMARK [2][-]{subsection.2.2}{\376\377\000S\000i\000s\000t\000e\000m\000a\000s\000\040\000E\000s\000t\000o\000c\000\341\000s\000t\000i\000c\000o\000s\000\040\000e\000\040\000F\000o\000n\000t\000e\000s\000\040\000d\000e\000\040\000I\000n\000c\000e\000r\000t\000e\000z\000a}{section.2}% 5
\BOOKMARK [2][-]{subsection.2.3}{\376\377\000R\000o\000b\000\363\000t\000i\000c\000a\000\040\000P\000r\000o\000b\000a\000b\000i\000l\000\355\000s\000t\000i\000c\000a\000,\000\040\000S\000u\000p\000o\000s\000i\000\347\000\343\000o\000\040\000d\000e\000\040\000M\000a\000r\000k\000o\000v\000\040\000e\000\040\000a\000\040\000C\000r\000e\000n\000\347\000a\000\040\000\050\000B\000e\000l\000i\000e\000f\000\051}{section.2}% 6
\BOOKMARK [2][-]{subsection.2.4}{\376\377\000O\000\040\000M\000o\000d\000e\000l\000o\000\040\000G\000a\000u\000s\000s\000-\000M\000a\000r\000k\000o\000v}{section.2}% 7
\BOOKMARK [2][-]{subsection.2.5}{\376\377\000D\000i\000s\000c\000r\000e\000t\000i\000z\000a\000\347\000\343\000o\000\040\000d\000o\000\040\000S\000i\000s\000t\000e\000m\000a\000\040\000e\000\040\000d\000a\000s\000\040\000C\000o\000v\000a\000r\000i\000\342\000n\000c\000i\000a\000s}{section.2}% 8
\BOOKMARK [2][-]{subsection.2.6}{\376\377\000F\000i\000l\000t\000r\000o\000s\000\040\000d\000e\000\040\000E\000s\000t\000i\000m\000a\000\347\000\343\000o\000\040\000B\000a\000s\000e\000a\000d\000o\000s\000\040\000e\000m\000\040\000K\000a\000l\000m\000a\000n}{section.2}% 9
\BOOKMARK [3][-]{subsubsection.2.6.1}{\376\377\000F\000i\000l\000t\000r\000o\000\040\000d\000e\000\040\000K\000a\000l\000m\000a\000n\000\040\000L\000i\000n\000e\000a\000r}{subsection.2.6}% 10
\BOOKMARK [3][-]{subsubsection.2.6.2}{\376\377\000F\000i\000l\000t\000r\000o\000\040\000d\000e\000\040\000K\000a\000l\000m\000a\000n\000\040\000E\000s\000t\000e\000n\000d\000i\000d\000o\000\040\000\050\000E\000K\000F\000\051}{subsection.2.6}% 11
\BOOKMARK [2][-]{subsection.2.7}{\376\377\000M\000\351\000t\000r\000i\000c\000a\000s\000\040\000d\000e\000\040\000A\000v\000a\000l\000i\000a\000\347\000\343\000o\000\040\000e\000\040\000C\000o\000n\000s\000i\000s\000t\000\352\000n\000c\000i\000a\000\040\000E\000s\000t\000o\000c\000\341\000s\000t\000i\000c\000a}{section.2}% 12
\BOOKMARK [3][-]{subsubsection.2.7.1}{\376\377\000R\000o\000o\000t\000\040\000M\000e\000a\000n\000\040\000S\000q\000u\000a\000r\000e\000\040\000E\000r\000r\000o\000r\000\040\000\050\000R\000M\000S\000E\000\051}{subsection.2.7}% 13
\BOOKMARK [3][-]{subsubsection.2.7.2}{\376\377\000N\000o\000r\000m\000a\000l\000i\000z\000e\000d\000\040\000I\000n\000n\000o\000v\000a\000t\000i\000o\000n\000\040\000S\000q\000u\000a\000r\000e\000d\000\040\000\050\000N\000I\000S\000\051}{subsection.2.7}% 14
\BOOKMARK [1][-]{section.3}{\376\377\000F\000o\000r\000m\000u\000l\000a\000\347\000\343\000o\000\040\000d\000o\000\040\000P\000r\000o\000b\000l\000e\000m\000a\000\040\000e\000\040\000M\000o\000d\000e\000l\000a\000g\000e\000m\000\040\000d\000o\000\040\000S\000i\000s\000t\000e\000m\000a}{}% 15
\BOOKMARK [2][-]{subsection.3.1}{\376\377\000D\000e\000s\000c\000r\000i\000\347\000\343\000o\000\040\000d\000o\000\040\000P\000r\000o\000b\000l\000e\000m\000a}{section.3}% 16
\BOOKMARK [2][-]{subsection.3.2}{\376\377\000M\000o\000d\000e\000l\000o\000\040\000C\000i\000n\000e\000m\000\341\000t\000i\000c\000o\000\040\000d\000e\000\040\000P\000r\000o\000c\000e\000s\000s\000o\000\040\000\050\000E\000s\000p\000a\000\347\000o\000\040\000d\000e\000\040\000E\000s\000t\000a\000d\000o\000s\000\040\000P\000V\000A\000\051}{section.3}% 17
\BOOKMARK [2][-]{subsection.3.3}{\376\377\000M\000o\000d\000e\000l\000o\000\040\000d\000e\000\040\000O\000b\000s\000e\000r\000v\000a\000\347\000\343\000o\000\040\000e\000\040\000G\000e\000o\000m\000e\000t\000r\000i\000a\000\040\000d\000a\000s\000\040\000E\000s\000t\000a\000\347\000\365\000e\000s\000\040\000B\000a\000s\000e}{section.3}% 18
\BOOKMARK [2][-]{subsection.3.4}{\376\377\000C\000e\000n\000\341\000r\000i\000o\000\040\000d\000e\000\040\000D\000e\000s\000a\000f\000i\000o\000:\000\040\000M\000o\000d\000e\000l\000a\000g\000e\000m\000\040\000d\000e\000\040\000O\000c\000l\000u\000s\000\343\000o\000\040\000T\000e\000m\000p\000o\000r\000a\000l}{section.3}% 19
\BOOKMARK [1][-]{section.4}{\376\377\000M\000e\000t\000o\000d\000o\000l\000o\000g\000i\000a\000\040\000e\000\040\000E\000x\000p\000e\000r\000i\000m\000e\000n\000t\000a\000\347\000\343\000o}{}% 20
\BOOKMARK [2][-]{subsection.4.1}{\376\377\000S\000\355\000n\000t\000e\000s\000e\000\040\000C\000i\000n\000e\000m\000\341\000t\000i\000c\000a\000\040\000d\000a\000s\000\040\000T\000r\000a\000j\000e\000t\000\363\000r\000i\000a\000s\000\040\000d\000e\000\040\000R\000e\000f\000e\000r\000\352\000n\000c\000i\000a}{section.4}% 21
\BOOKMARK [3][-]{subsubsection.4.1.1}{\376\377\000G\000e\000r\000a\000\347\000\343\000o\000\040\000d\000e\000\040\000C\000u\000r\000v\000a\000s\000\040\000P\000a\000r\000a\000m\000\351\000t\000r\000i\000c\000a\000s\000\040\000e\000\040\000A\000n\000a\000l\000\355\000t\000i\000c\000a\000s}{subsection.4.1}% 22
\BOOKMARK [3][-]{figure.caption.5}{\376\377\000G\000e\000r\000a\000\347\000\343\000o\000\040\000d\000e\000\040\000N\000a\000v\000e\000g\000a\000\347\000\343\000o\000\040\000A\000l\000e\000a\000t\000\363\000r\000i\000a\000\040\000e\000\040\000O\000c\000l\000u\000s\000\365\000e\000s}{subsection.4.1}% 23
\BOOKMARK [2][-]{subsection.4.2}{\376\377\000C\000e\000n\000\341\000r\000i\000o\000s\000\040\000d\000e\000\040\000S\000i\000m\000u\000l\000a\000\347\000\343\000o\000\040\000e\000\040\000E\000s\000t\000r\000a\000t\000\351\000g\000i\000a\000\040\000d\000e\000\040\000S\000i\000n\000t\000o\000n\000i\000a}{section.4}% 24
\BOOKMARK [2][-]{subsection.4.3}{\376\377\000C\000o\000n\000f\000i\000g\000u\000r\000a\000\347\000\343\000o\000\040\000d\000o\000\040\000E\000s\000t\000i\000m\000a\000d\000o\000r\000\040\000e\000\040\000M\000o\000d\000e\000l\000a\000g\000e\000m\000\040\000d\000o\000\040\000R\000u\000\355\000d\000o}{section.4}% 25
\BOOKMARK [2][-]{subsection.4.4}{\376\377\000A\000m\000b\000i\000e\000n\000t\000e\000\040\000C\000o\000m\000p\000u\000t\000a\000c\000i\000o\000n\000a\000l\000\040\000e\000\040\000I\000n\000f\000r\000a\000e\000s\000t\000r\000u\000t\000u\000r\000a\000\040\000d\000e\000\040\000S\000i\000m\000u\000l\000a\000\347\000\343\000o}{section.4}% 26
\BOOKMARK [2][-]{subsection.4.5}{\376\377\000M\000\351\000t\000o\000d\000o\000s\000\040\000d\000e\000\040\000A\000v\000a\000l\000i\000a\000\347\000\343\000o\000\040\000e\000\040\000C\000o\000n\000s\000i\000s\000t\000\352\000n\000c\000i\000a}{section.4}% 27
\BOOKMARK [3][-]{subsubsection.4.5.1}{\376\377\000V\000a\000l\000i\000d\000a\000\347\000\343\000o\000\040\000d\000a\000\040\000C\000r\000e\000n\000\347\000a\000\040\000d\000o\000\040\000E\000s\000t\000i\000m\000a\000d\000o\000r\000\040\000\050\000I\000n\000l\000i\000e\000r\000\040\000R\000a\000t\000e\000\051}{subsection.4.5}% 28
\BOOKMARK [3][-]{subsubsection.4.5.2}{\376\377\000A\000n\000\341\000l\000i\000s\000e\000\040\000d\000e\000\040\000E\000s\000t\000a\000b\000i\000l\000i\000d\000a\000d\000e\000\040\000E\000s\000t\000a\000t\000\355\000s\000t\000i\000c\000a\000\040\000v\000i\000a\000\040\000L\000i\000m\000i\000t\000e\000s\000\040\000d\000e\000\040\000C\000o\000n\000f\000i\000a\000n\000\347\000a\000\040\000d\000o\000\040\000N\000I\000S}{subsection.4.5}% 29
\BOOKMARK [1][-]{section.5}{\376\377\000R\000e\000s\000u\000l\000t\000a\000d\000o\000s\000\040\000e\000\040\000D\000i\000s\000c\000u\000s\000s\000\343\000o}{}% 30
\BOOKMARK [2][-]{subsection.5.1}{\376\377\000I\000n\000t\000e\000r\000f\000a\000c\000e\000\040\000G\000r\000\341\000f\000i\000c\000a\000\040\000e\000\040\000A\000m\000b\000i\000e\000n\000t\000e\000\040\000d\000e\000\040\000S\000i\000m\000u\000l\000a\000\347\000\343\000o}{section.5}% 31
\BOOKMARK [2][-]{subsection.5.2}{\376\377\000A\000n\000\341\000l\000i\000s\000e\000\040\000d\000e\000\040\000A\000c\000u\000r\000\341\000c\000i\000a\000\040\000P\000o\000s\000i\000c\000i\000o\000n\000a\000l\000\040\000e\000\040\000D\000i\000s\000t\000r\000i\000b\000u\000i\000\347\000\343\000o\000\040\000d\000e\000\040\000E\000r\000r\000o\000s}{section.5}% 32
\BOOKMARK [2][-]{subsection.5.3}{\376\377\000C\000o\000n\000s\000i\000s\000t\000\352\000n\000c\000i\000a\000\040\000E\000s\000t\000a\000t\000\355\000s\000t\000i\000c\000a\000\040\000e\000\040\000M\000o\000n\000i\000t\000o\000r\000a\000m\000e\000n\000t\000o\000\040\000d\000o\000\040\000N\000I\000S}{section.5}% 33
\BOOKMARK [2][-]{subsection.5.4}{\376\377\000R\000e\000g\000i\000\343\000o\000\040\000d\000e\000\040\000C\000o\000n\000f\000i\000a\000n\000\347\000a\000\040\000e\000\040\000T\000a\000x\000a\000\040\000d\000e\000\040\000I\000n\000l\000i\000e\000r\000s}{section.5}% 34
\BOOKMARK [2][-]{subsection.5.5}{\376\377\000R\000e\000s\000p\000o\000s\000t\000a\000\040\000T\000r\000a\000n\000s\000i\000t\000\363\000r\000i\000a\000\040\000s\000o\000b\000\040\000O\000c\000l\000u\000s\000\343\000o\000\040\000\050\000C\000e\000n\000\341\000r\000i\000o\000\040\0006\000\051}{section.5}% 35
\BOOKMARK [1][-]{section.6}{\376\377\000C\000o\000n\000c\000l\000u\000s\000\343\000o}{}% 36
\BOOKMARK [2][-]{subsection.6.1}{\376\377\000R\000e\000s\000u\000m\000o\000\040\000e\000\040\000P\000r\000i\000n\000c\000i\000p\000a\000i\000s\000\040\000C\000o\000n\000s\000t\000a\000t\000a\000\347\000\365\000e\000s}{section.6}% 37
\BOOKMARK [2][-]{subsection.6.2}{\376\377\000C\000o\000n\000t\000r\000i\000b\000u\000i\000\347\000\365\000e\000s}{section.6}% 38
\BOOKMARK [2][-]{subsection.6.3}{\376\377\000L\000i\000m\000i\000t\000a\000\347\000\365\000e\000s\000\040\000e\000\040\000T\000r\000a\000b\000a\000l\000h\000o\000s\000\040\000F\000u\000t\000u\000r\000o\000s}{section.6}% 39
\BOOKMARK [2][-]{subsection.6.4}{\376\377\000C\000o\000n\000c\000l\000u\000s\000\343\000o\000\040\000F\000i\000n\000a\000l}{section.6}% 40
\BOOKMARK [1][-]{section*.15}{\376\377\000R\000e\000f\000e\000r\000\352\000n\000c\000i\000a\000s}{}% 41
\BOOKMARK [1][-]{section*.16}{\376\377\000A\000p\000\352\000n\000d\000i\000c\000e\000\040\000A\000:\000\040\000M\000a\000t\000e\000r\000i\000a\000l\000\040\000S\000u\000p\000l\000e\000m\000e\000n\000t\000a\000r\000\040\000e\000\040\000R\000e\000p\000o\000s\000i\000t\000\363\000r\000i\000o\000\040\000d\000o\000\040\000C\000\363\000d\000i\000g\000o}{}% 42
\BOOKMARK [1][-]{section*.17}{\376\377\000A\000p\000\352\000n\000d\000i\000c\000e\000\040\000B\000:\000\040\000M\000a\000p\000e\000a\000m\000e\000n\000t\000o\000\040\000V\000i\000s\000u\000a\000l\000\040\000e\000\040\000E\000s\000t\000a\000t\000\355\000s\000t\000i\000c\000o\000\040\000C\000o\000m\000p\000l\000e\000t\000o}{}% 43
