This is pdfTeX, Version 3.141592653-2.6-1.40.27 (MiKTeX 25.4) (preloaded format=pdflatex 2025.12.28)  22 JUN 2026 14:21
entering extended mode
 restricted \write18 enabled.
 file:line:error style messages enabled.
 %&-line parsing enabled.
**"c:/Users/saulo/Desktop/PASKalman2/Artigo do Projeto/main.tex"
(c:/Users/saulo/Desktop/PASKalman2/Artigo do Projeto/main.tex
LaTeX2e <2025-11-01>
L3 programming layer <2025-12-24>
(C:\Users\saulo\AppData\Local\Programs\MiKTeX\tex/latex/ieeetran\IEEEtran.cls
Document Class: IEEEtran 2015/08/26 V1.8b by Michael Shell
-- See the "IEEEtran_HOWTO" manual for usage information.
-- http://www.michaelshell.org/tex/ieeetran/
\@IEEEtrantmpdimenA=\dimen148
\@IEEEtrantmpdimenB=\dimen149
\@IEEEtrantmpdimenC=\dimen150
\@IEEEtrantmpcountA=\count275
\@IEEEtrantmpcountB=\count276
\@IEEEtrantmpcountC=\count277
\@IEEEtrantmptoksA=\toks17
LaTeX Font Info:    Trying to load font information for OT1+ptm on input line 503.
(C:\Users\saulo\AppData\Local\Programs\MiKTeX\tex/latex/psnfss\ot1ptm.fd
File: ot1ptm.fd 2001/06/04 font definitions for OT1/ptm.
)
-- Using 8.5in x 11in (letter) paper.
-- Using PDF output.
\@IEEEnormalsizeunitybaselineskip=\dimen151
-- This is a 10 point document.
LaTeX Encoding Info:    Redeclaring text command \textunderscore (encoding ?) on input line 937.
\CLASSINFOnormalsizebaselineskip=\dimen152
\CLASSINFOnormalsizeunitybaselineskip=\dimen153
\IEEEnormaljot=\dimen154
LaTeX Font Info:    Font shape `OT1/ptm/bx/n' in size <5> not available
(Font)              Font shape `OT1/ptm/b/n' tried instead on input line 1090.
LaTeX Font Info:    Font shape `OT1/ptm/bx/it' in size <5> not available
(Font)              Font shape `OT1/ptm/b/it' tried instead on input line 1090.
LaTeX Font Info:    Font shape `OT1/ptm/bx/n' in size <7> not available
(Font)              Font shape `OT1/ptm/b/n' tried instead on input line 1090.
LaTeX Font Info:    Font shape `OT1/ptm/bx/it' in size <7> not available
(Font)              Font shape `OT1/ptm/b/it' tried instead on input line 1090.
LaTeX Font Info:    Font shape `OT1/ptm/bx/n' in size <8> not available
(Font)              Font shape `OT1/ptm/b/n' tried instead on input line 1090.
LaTeX Font Info:    Font shape `OT1/ptm/bx/it' in size <8> not available
(Font)              Font shape `OT1/ptm/b/it' tried instead on input line 1090.
LaTeX Font Info:    Font shape `OT1/ptm/bx/n' in size <9> not available
(Font)              Font shape `OT1/ptm/b/n' tried instead on input line 1090.
LaTeX Font Info:    Font shape `OT1/ptm/bx/it' in size <9> not available
(Font)              Font shape `OT1/ptm/b/it' tried instead on input line 1090.
LaTeX Font Info:    Font shape `OT1/ptm/bx/n' in size <10> not available
(Font)              Font shape `OT1/ptm/b/n' tried instead on input line 1090.
LaTeX Font Info:    Font shape `OT1/ptm/bx/it' in size <10> not available
(Font)              Font shape `OT1/ptm/b/it' tried instead on input line 1090.
LaTeX Font Info:    Font shape `OT1/ptm/bx/n' in size <11> not available
(Font)              Font shape `OT1/ptm/b/n' tried instead on input line 1090.
LaTeX Font Info:    Font shape `OT1/ptm/bx/it' in size <11> not available
(Font)              Font shape `OT1/ptm/b/it' tried instead on input line 1090.
LaTeX Font Info:    Font shape `OT1/ptm/bx/n' in size <12> not available
(Font)              Font shape `OT1/ptm/b/n' tried instead on input line 1090.
LaTeX Font Info:    Font shape `OT1/ptm/bx/it' in size <12> not available
(Font)              Font shape `OT1/ptm/b/it' tried instead on input line 1090.
LaTeX Font Info:    Font shape `OT1/ptm/bx/n' in size <17> not available
(Font)              Font shape `OT1/ptm/b/n' tried instead on input line 1090.
LaTeX Font Info:    Font shape `OT1/ptm/bx/it' in size <17> not available
(Font)              Font shape `OT1/ptm/b/it' tried instead on input line 1090.
LaTeX Font Info:    Font shape `OT1/ptm/bx/n' in size <20> not available
(Font)              Font shape `OT1/ptm/b/n' tried instead on input line 1090.
LaTeX Font Info:    Font shape `OT1/ptm/bx/it' in size <20> not available
(Font)              Font shape `OT1/ptm/b/it' tried instead on input line 1090.
LaTeX Font Info:    Font shape `OT1/ptm/bx/n' in size <24> not available
(Font)              Font shape `OT1/ptm/b/n' tried instead on input line 1090.
LaTeX Font Info:    Font shape `OT1/ptm/bx/it' in size <24> not available
(Font)              Font shape `OT1/ptm/b/it' tried instead on input line 1090.
\IEEEquantizedlength=\dimen155
\IEEEquantizedlengthdiff=\dimen156
\IEEEquantizedtextheightdiff=\dimen157
\IEEEilabelindentA=\dimen158
\IEEEilabelindentB=\dimen159
\IEEEilabelindent=\dimen160
\IEEEelabelindent=\dimen161
\IEEEdlabelindent=\dimen162
\IEEElabelindent=\dimen163
\IEEEiednormlabelsep=\dimen164
\IEEEiedmathlabelsep=\dimen165
\IEEEiedtopsep=\skip49
\c@section=\count278
\c@subsection=\count279
\c@subsubsection=\count280
\c@paragraph=\count281
\c@IEEEsubequation=\count282
\abovecaptionskip=\skip50
\belowcaptionskip=\skip51
\c@figure=\count283
\c@table=\count284
\@IEEEeqnnumcols=\count285
\@IEEEeqncolcnt=\count286
\@IEEEsubeqnnumrollback=\count287
\@IEEEquantizeheightA=\dimen166
\@IEEEquantizeheightB=\dimen167
\@IEEEquantizeheightC=\dimen168
\@IEEEquantizeprevdepth=\dimen169
\@IEEEquantizemultiple=\count288
\@IEEEquantizeboxA=\box53
\@IEEEtmpitemindent=\dimen170
\IEEEPARstartletwidth=\dimen171
\c@IEEEbiography=\count289
\@IEEEtranrubishbin=\box54
) (C:\Users\saulo\AppData\Local\Programs\MiKTeX\tex/latex/base\inputenc.sty
Package: inputenc 2024/02/08 v1.3d Input encoding file
\inpenc@prehook=\toks18
\inpenc@posthook=\toks19
) (C:\Users\saulo\AppData\Local\Programs\MiKTeX\tex/generic/babel\babel.sty
Package: babel 2025/12/11 v25.17 The multilingual framework for LuaLaTeX, pdfLaTeX and XeLaTeX
\babel@savecnt=\count290
LaTeX Encoding Info:    Redeclaring text command \ij (encoding OT1) on input line 2068.
LaTeX Encoding Info:    Redeclaring text command \IJ (encoding OT1) on input line 2070.
LaTeX Encoding Info:    Redeclaring text command \ij (encoding T1) on input line 2072.
LaTeX Encoding Info:    Redeclaring text command \IJ (encoding T1) on input line 2073.
LaTeX Encoding Info:    Ignoring declaration for text command \ij (encoding ?) on input line 2074.
LaTeX Encoding Info:    Ignoring declaration for text command \IJ (encoding ?) on input line 2076.
LaTeX Encoding Info:    Ignoring declaration for text command \SS (encoding ?) on input line 2101.
\U@D=\dimen172
\l@unhyphenated=\language79
 (C:\Users\saulo\AppData\Local\Programs\MiKTeX\tex/generic/babel\txtbabel.def)
\bbl@readstream=\read2
\bbl@dirlevel=\count291
Package babel Info: Configuration files are deprecated, as
(babel)             they can break document portability.
(babel)             Reported on input line 4196.

*************************************
* Local config file bblopts.cfg used
*
(C:\Users\saulo\AppData\Local\Programs\MiKTeX\tex/latex/arabi\bblopts.cfg
File: bblopts.cfg 2005/09/08 v0.1 add Arabic and Farsi to "declared" options of babel
) (C:\Users\saulo\AppData\Local\Programs\MiKTeX\tex/generic/babel/locale/pt\babel-brazilian.tex)
Package babel Info: Importing font and identification data for brazilian
(babel)             from babel-pt-BR.ini. Reported on input line 4320.
 (C:\Users\saulo\AppData\Local\Programs\MiKTeX\tex/latex/babel-portuges\brazilian.ldf
Language: portuges 2021/07/09 v1.2t Portuguese support from the babel system
Package babel Info: Hyphen rules for 'brazilian' set to \l@portuguese
(babel)             (\language56). Reported on input line 111.
Package babel Info: Making " an active character on input line 143.
)) (C:\Users\saulo\AppData\Local\Programs\MiKTeX\tex/latex/amsmath\amsmath.sty
Package: amsmath 2025/07/09 v2.17z AMS math features
\@mathmargin=\skip52

For additional information on amsmath, use the `?' option.
(C:\Users\saulo\AppData\Local\Programs\MiKTeX\tex/latex/amsmath\amstext.sty
Package: amstext 2024/11/17 v2.01 AMS text
 (C:\Users\saulo\AppData\Local\Programs\MiKTeX\tex/latex/amsmath\amsgen.sty
File: amsgen.sty 1999/11/30 v2.0 generic functions
\@emptytoks=\toks20
\ex@=\dimen173
)) (C:\Users\saulo\AppData\Local\Programs\MiKTeX\tex/latex/amsmath\amsbsy.sty
Package: amsbsy 1999/11/29 v1.2d Bold Symbols
\pmbraise@=\dimen174
) (C:\Users\saulo\AppData\Local\Programs\MiKTeX\tex/latex/amsmath\amsopn.sty
Package: amsopn 2022/04/08 v2.04 operator names
)
\inf@bad=\count292
LaTeX Info: Redefining \frac on input line 233.
\uproot@=\count293
\leftroot@=\count294
LaTeX Info: Redefining \overline on input line 398.
LaTeX Info: Redefining \colon on input line 409.
\classnum@=\count295
\DOTSCASE@=\count296
LaTeX Info: Redefining \ldots on input line 495.
LaTeX Info: Redefining \dots on input line 498.
LaTeX Info: Redefining \cdots on input line 619.
\Mathstrutbox@=\box55
\strutbox@=\box56
LaTeX Info: Redefining \big on input line 721.
LaTeX Info: Redefining \Big on input line 722.
LaTeX Info: Redefining \bigg on input line 723.
LaTeX Info: Redefining \Bigg on input line 724.
\big@size=\dimen175
LaTeX Font Info:    Redeclaring font encoding OML on input line 742.
LaTeX Font Info:    Redeclaring font encoding OMS on input line 743.
\macc@depth=\count297
LaTeX Info: Redefining \bmod on input line 904.
LaTeX Info: Redefining \pmod on input line 909.
LaTeX Info: Redefining \smash on input line 939.
LaTeX Info: Redefining \relbar on input line 969.
LaTeX Info: Redefining \Relbar on input line 970.
\c@MaxMatrixCols=\count298
\dotsspace@=\muskip17
\c@parentequation=\count299
\dspbrk@lvl=\count300
\tag@help=\toks21
\row@=\count301
\column@=\count302
\maxfields@=\count303
\andhelp@=\toks22
\eqnshift@=\dimen176
\alignsep@=\dimen177
\tagshift@=\dimen178
\tagwidth@=\dimen179
\totwidth@=\dimen180
\lineht@=\dimen181
\@envbody=\toks23
\multlinegap=\skip53
\multlinetaggap=\skip54
\mathdisplay@stack=\toks24
LaTeX Info: Redefining \[ on input line 2950.
LaTeX Info: Redefining \] on input line 2951.
) (C:\Users\saulo\AppData\Local\Programs\MiKTeX\tex/latex/amsfonts\amssymb.sty
Package: amssymb 2013/01/14 v3.01 AMS font symbols
 (C:\Users\saulo\AppData\Local\Programs\MiKTeX\tex/latex/amsfonts\amsfonts.sty
Package: amsfonts 2013/01/14 v3.01 Basic AMSFonts support
\symAMSa=\mathgroup4
\symAMSb=\mathgroup5
LaTeX Font Info:    Redeclaring math symbol \hbar on input line 98.
LaTeX Font Info:    Overwriting math alphabet `\mathfrak' in version `bold'
(Font)                  U/euf/m/n --> U/euf/b/n on input line 106.
)) (C:\Users\saulo\AppData\Local\Programs\MiKTeX\tex/latex/jknappen\mathrsfs.sty
Package: mathrsfs 1996/01/01 Math RSFS package v1.0 (jk)
\symrsfs=\mathgroup6
) (C:\Users\saulo\AppData\Local\Programs\MiKTeX\tex/latex/graphics\graphicx.sty
Package: graphicx 2024/12/31 v1.2e Enhanced LaTeX Graphics (DPC,SPQR)
 (C:\Users\saulo\AppData\Local\Programs\MiKTeX\tex/latex/graphics\keyval.sty
Package: keyval 2022/05/29 v1.15 key=value parser (DPC)
\KV@toks@=\toks25
) (C:\Users\saulo\AppData\Local\Programs\MiKTeX\tex/latex/graphics\graphics.sty
Package: graphics 2024/08/06 v1.4g Standard LaTeX Graphics (DPC,SPQR)
 (C:\Users\saulo\AppData\Local\Programs\MiKTeX\tex/latex/graphics\trig.sty
Package: trig 2023/12/02 v1.11 sin cos tan (DPC)
) (C:\Users\saulo\AppData\Local\Programs\MiKTeX\tex/latex/graphics-cfg\graphics.cfg
File: graphics.cfg 2016/06/04 v1.11 sample graphics configuration
)
Package graphics Info: Driver file: pdftex.def on input line 106.
 (C:\Users\saulo\AppData\Local\Programs\MiKTeX\tex/latex/graphics-def\pdftex.def
File: pdftex.def 2025/09/29 v1.2d Graphics/color driver for pdftex
))
\Gin@req@height=\dimen182
\Gin@req@width=\dimen183
) (C:\Users\saulo\AppData\Local\Programs\MiKTeX\tex/latex/booktabs\booktabs.sty
Package: booktabs 2020/01/12 v1.61803398 Publication quality tables
\heavyrulewidth=\dimen184
\lightrulewidth=\dimen185
\cmidrulewidth=\dimen186
\belowrulesep=\dimen187
\belowbottomsep=\dimen188
\aboverulesep=\dimen189
\abovetopsep=\dimen190
\cmidrulesep=\dimen191
\cmidrulekern=\dimen192
\defaultaddspace=\dimen193
\@cmidla=\count304
\@cmidlb=\count305
\@aboverulesep=\dimen194
\@belowrulesep=\dimen195
\@thisruleclass=\count306
\@lastruleclass=\count307
\@thisrulewidth=\dimen196
) (C:\Users\saulo\AppData\Local\Programs\MiKTeX\tex/latex/float\float.sty
Package: float 2001/11/08 v1.3d Float enhancements (AL)
\c@float@type=\count308
\float@exts=\toks26
\float@box=\box57
\@float@everytoks=\toks27
\@floatcapt=\box58
) (C:\Users\saulo\AppData\Local\Programs\MiKTeX\tex/latex/multirow\multirow.sty
Package: multirow 2024/11/12 v2.9 Span multiple rows of a table
\multirow@colwidth=\skip55
\multirow@cntb=\count309
\multirow@dima=\skip56
\bigstrutjot=\dimen197
) (C:\Users\saulo\AppData\Local\Programs\MiKTeX\tex/latex/xcolor\xcolor.sty
Package: xcolor 2024/09/29 v3.02 LaTeX color extensions (UK)
 (C:\Users\saulo\AppData\Local\Programs\MiKTeX\tex/latex/graphics-cfg\color.cfg
File: color.cfg 2016/01/02 v1.6 sample color configuration
)
Package xcolor Info: Driver file: pdftex.def on input line 274.
 (C:\Users\saulo\AppData\Local\Programs\MiKTeX\tex/latex/graphics\mathcolor.ltx)
Package xcolor Info: Model `cmy' substituted by `cmy0' on input line 1349.
Package xcolor Info: Model `hsb' substituted by `rgb' on input line 1353.
Package xcolor Info: Model `RGB' extended on input line 1365.
Package xcolor Info: Model `HTML' substituted by `rgb' on input line 1367.
Package xcolor Info: Model `Hsb' substituted by `hsb' on input line 1368.
Package xcolor Info: Model `tHsb' substituted by `hsb' on input line 1369.
Package xcolor Info: Model `HSB' substituted by `hsb' on input line 1370.
Package xcolor Info: Model `Gray' substituted by `gray' on input line 1371.
Package xcolor Info: Model `wave' substituted by `hsb' on input line 1372.
) (C:\Users\saulo\AppData\Local\Programs\MiKTeX\tex/latex/colortbl\colortbl.sty
Package: colortbl 2024/10/29 v1.0k Color table columns (DPC)
 (C:\Users\saulo\AppData\Local\Programs\MiKTeX\tex/latex/tools\array.sty
Package: array 2025/09/25 v2.6n Tabular extension package (FMi)
\col@sep=\dimen198
\ar@mcellbox=\box59
\extrarowheight=\dimen199
\NC@list=\toks28
\extratabsurround=\skip57
\backup@length=\skip58
\ar@cellbox=\box60
)
\everycr=\toks29
\minrowclearance=\skip59
\rownum=\count310
) (C:\Users\saulo\AppData\Local\Programs\MiKTeX\tex/latex/caption\subcaption.sty
Package: subcaption 2023/07/28 v1.6b Sub-captions (AR)
 (C:\Users\saulo\AppData\Local\Programs\MiKTeX\tex/latex/caption\caption.sty
Package: caption 2023/08/05 v3.6o Customizing captions (AR)
 (C:\Users\saulo\AppData\Local\Programs\MiKTeX\tex/latex/caption\caption3.sty
Package: caption3 2023/07/31 v2.4d caption3 kernel (AR)
\caption@tempdima=\dimen256
\captionmargin=\dimen257
\caption@leftmargin=\dimen258
\caption@rightmargin=\dimen259
\caption@width=\dimen260
\caption@indent=\dimen261
\caption@parindent=\dimen262
\caption@hangindent=\dimen263
Package caption Info: Unknown document class (or package),
(caption)             standard defaults will be used.
Package caption Info: \@makecaption = \long macro:#1#2->\ifx \@captype \@IEEEtablestring \footnotesize \bgroup \par \centering \@IEEEtabletopskipstrut {\normalfont \footnotesize #1}\\{\normalfont \footnotesize \scshape #2}\par \addvspace {0.5\baselineskip }\egroup \@IEEEtablecaptionsepspace \else \@IEEEfigurecaptionsepspace \setbox \@tempboxa \hbox {\normalfont \footnotesize {#1.}\nobreakspace \nobreakspace #2}\ifdim \wd \@tempboxa >\hsize \setbox \@tempboxa \hbox {\normalfont \footnotesize {#1.}\nobreakspace \nobreakspace }\parbox [t]{\hsize }{\normalfont \footnotesize \noindent \unhbox \@tempboxa #2}\else \ifCLASSOPTIONconference \hbox to\hsize {\normalfont \footnotesize \hfil \box \@tempboxa \hfil }\else \hbox to\hsize {\normalfont \footnotesize \box \@tempboxa \hfil }\fi \fi \fi  on input line 1175.
)

Package caption Warning: Unknown document class (or package),
(caption)                standard defaults will be used.
See the caption package documentation for explanation.

\c@caption@flags=\count311
\c@continuedfloat=\count312
Package caption Info: float package is loaded.
)
Package caption Info: New subtype `subfigure' on input line 238.
\c@subfigure=\count313
Package caption Info: New subtype `subtable' on input line 238.
\c@subtable=\count314
) (C:\Users\saulo\AppData\Local\Programs\MiKTeX\tex/latex/cite\cite.sty
LaTeX Info: Redefining \cite on input line 302.
LaTeX Info: Redefining \nocite on input line 332.
Package: cite 2015/02/27  v 5.5
) (C:\Users\saulo\AppData\Local\Programs\MiKTeX\tex/latex/siunitx\siunitx.sty
Package: siunitx 2025-07-09 v3.4.14 A comprehensive (SI) units package
\l__siunitx_number_uncert_offset_int=\count315
\l__siunitx_number_exponent_fixed_int=\count316
\l__siunitx_number_min_decimal_int=\count317
\l__siunitx_number_min_integer_int=\count318
\l__siunitx_number_round_precision_int=\count319
\l__siunitx_number_lower_threshold_int=\count320
\l__siunitx_number_upper_threshold_int=\count321
\l__siunitx_number_group_first_int=\count322
\l__siunitx_number_group_size_int=\count323
\l__siunitx_number_group_minimum_int=\count324
\l__siunitx_angle_tmp_dim=\dimen264
\l__siunitx_angle_marker_box=\box61
\l__siunitx_angle_unit_box=\box62
\l__siunitx_compound_count_int=\count325
 (C:\Users\saulo\AppData\Local\Programs\MiKTeX\tex/latex/translations\translations.sty
Package: translations 2022/02/05 v1.12 internationalization of LaTeX2e packages (CN)
 (C:\Users\saulo\AppData\Local\Programs\MiKTeX\tex/latex/etoolbox\etoolbox.sty
Package: etoolbox 2025/10/02 v2.5m e-TeX tools for LaTeX (JAW)
\etb@tempcnta=\count326
) (C:\Users\saulo\AppData\Local\Programs\MiKTeX\tex/generic/pdftexcmds\pdftexcmds.sty
Package: pdftexcmds 2020-06-27 v0.33 Utility functions of pdfTeX for LuaTeX (HO)
 (C:\Users\saulo\AppData\Local\Programs\MiKTeX\tex/generic/infwarerr\infwarerr.sty
Package: infwarerr 2019/12/03 v1.5 Providing info/warning/error messages (HO)
) (C:\Users\saulo\AppData\Local\Programs\MiKTeX\tex/generic/iftex\iftex.sty
Package: iftex 2024/12/12 v1.0g TeX engine tests
) (C:\Users\saulo\AppData\Local\Programs\MiKTeX\tex/generic/ltxcmds\ltxcmds.sty
Package: ltxcmds 2023-12-04 v1.26 LaTeX kernel commands for general use (HO)
)
Package pdftexcmds Info: \pdf@primitive is available.
Package pdftexcmds Info: \pdf@ifprimitive is available.
Package pdftexcmds Info: \pdfdraftmode found.
))
\l__siunitx_table_tmp_box=\box63
\l__siunitx_table_tmp_dim=\dimen265
\l__siunitx_table_column_width_dim=\dimen266
\l__siunitx_table_integer_box=\box64
\l__siunitx_table_decimal_box=\box65
\l__siunitx_table_uncert_box=\box66
\l__siunitx_table_before_box=\box67
\l__siunitx_table_after_box=\box68
\l__siunitx_table_before_dim=\dimen267
\l__siunitx_table_carry_dim=\dimen268
\l__siunitx_unit_tmp_int=\count327
\l__siunitx_unit_position_int=\count328
\l__siunitx_unit_total_int=\count329
) (C:\Users\saulo\AppData\Local\Programs\MiKTeX\tex/latex/hyperref\hyperref.sty
Package: hyperref 2025-07-12 v7.01o Hypertext links for LaTeX
 (C:\Users\saulo\AppData\Local\Programs\MiKTeX\tex/latex/kvsetkeys\kvsetkeys.sty
Package: kvsetkeys 2022-10-05 v1.19 Key value parser (HO)
) (C:\Users\saulo\AppData\Local\Programs\MiKTeX\tex/generic/kvdefinekeys\kvdefinekeys.sty
Package: kvdefinekeys 2019-12-19 v1.6 Define keys (HO)
) (C:\Users\saulo\AppData\Local\Programs\MiKTeX\tex/generic/pdfescape\pdfescape.sty
Package: pdfescape 2019/12/09 v1.15 Implements pdfTeX's escape features (HO)
) (C:\Users\saulo\AppData\Local\Programs\MiKTeX\tex/latex/hycolor\hycolor.sty
Package: hycolor 2020-01-27 v1.10 Color options for hyperref/bookmark (HO)
) (C:\Users\saulo\AppData\Local\Programs\MiKTeX\tex/latex/hyperref\nameref.sty
Package: nameref 2025-06-21 v2.57 Cross-referencing by name of section
 (C:\Users\saulo\AppData\Local\Programs\MiKTeX\tex/latex/refcount\refcount.sty
Package: refcount 2019/12/15 v3.6 Data extraction from label references (HO)
) (C:\Users\saulo\AppData\Local\Programs\MiKTeX\tex/generic/gettitlestring\gettitlestring.sty
Package: gettitlestring 2019/12/15 v1.6 Cleanup title references (HO)
 (C:\Users\saulo\AppData\Local\Programs\MiKTeX\tex/latex/kvoptions\kvoptions.sty
Package: kvoptions 2022-06-15 v3.15 Key value format for package options (HO)
))
\c@section@level=\count330
) (C:\Users\saulo\AppData\Local\Programs\MiKTeX\tex/generic/stringenc\stringenc.sty
Package: stringenc 2019/11/29 v1.12 Convert strings between diff. encodings (HO)
)
\@linkdim=\dimen269
\Hy@linkcounter=\count331
\Hy@pagecounter=\count332
 (C:\Users\saulo\AppData\Local\Programs\MiKTeX\tex/latex/hyperref\pd1enc.def
File: pd1enc.def 2025-07-12 v7.01o Hyperref: PDFDocEncoding definition (HO)
Now handling font encoding PD1 ...
... no UTF-8 mapping file for font encoding PD1
) (C:\Users\saulo\AppData\Local\Programs\MiKTeX\tex/generic/intcalc\intcalc.sty
Package: intcalc 2019/12/15 v1.3 Expandable calculations with integers (HO)
)
\Hy@SavedSpaceFactor=\count333
 (C:\Users\saulo\AppData\Local\Programs\MiKTeX\tex/latex/hyperref\puenc.def
File: puenc.def 2025-07-12 v7.01o Hyperref: PDF Unicode definition (HO)
Now handling font encoding PU ...
... no UTF-8 mapping file for font encoding PU
)
Package hyperref Info: Option `colorlinks' set `true' on input line 4066.
Package hyperref Info: Hyper figures OFF on input line 4195.
Package hyperref Info: Link nesting OFF on input line 4200.
Package hyperref Info: Hyper index ON on input line 4203.
Package hyperref Info: Plain pages OFF on input line 4210.
Package hyperref Info: Backreferencing OFF on input line 4215.
Package hyperref Info: Implicit mode ON; LaTeX internals redefined.
Package hyperref Info: Bookmarks ON on input line 4462.
\c@Hy@tempcnt=\count334
 (C:\Users\saulo\AppData\Local\Programs\MiKTeX\tex/latex/url\url.sty
\Urlmuskip=\muskip18
Package: url 2013/09/16  ver 3.4  Verb mode for urls, etc.
)
LaTeX Info: Redefining \url on input line 4801.
\XeTeXLinkMargin=\dimen270
 (C:\Users\saulo\AppData\Local\Programs\MiKTeX\tex/generic/bitset\bitset.sty
Package: bitset 2019/12/09 v1.3 Handle bit-vector datatype (HO)
 (C:\Users\saulo\AppData\Local\Programs\MiKTeX\tex/generic/bigintcalc\bigintcalc.sty
Package: bigintcalc 2019/12/15 v1.5 Expandable calculations on big integers (HO)
))
\Fld@menulength=\count335
\Field@Width=\dimen271
\Fld@charsize=\dimen272
Package hyperref Info: Hyper figures OFF on input line 6078.
Package hyperref Info: Link nesting OFF on input line 6083.
Package hyperref Info: Hyper index ON on input line 6086.
Package hyperref Info: backreferencing OFF on input line 6093.
Package hyperref Info: Link coloring ON on input line 6096.
Package hyperref Info: Link coloring with OCG OFF on input line 6103.
Package hyperref Info: PDF/A mode OFF on input line 6108.
\Hy@abspage=\count336
\c@Item=\count337
\c@Hfootnote=\count338
)
Package hyperref Info: Driver (autodetected): hpdftex.
 (C:\Users\saulo\AppData\Local\Programs\MiKTeX\tex/latex/hyperref\hpdftex.def
File: hpdftex.def 2025-07-12 v7.01o Hyperref driver for pdfTeX
\Fld@listcount=\count339
\c@bookmark@seq@number=\count340
 (C:\Users\saulo\AppData\Local\Programs\MiKTeX\tex/latex/rerunfilecheck\rerunfilecheck.sty
Package: rerunfilecheck 2025-06-21 v1.11 Rerun checks for auxiliary files (HO)
 (C:\Users\saulo\AppData\Local\Programs\MiKTeX\tex/generic/uniquecounter\uniquecounter.sty
Package: uniquecounter 2019/12/15 v1.4 Provide unlimited unique counter (HO)
)
Package uniquecounter Info: New unique counter `rerunfilecheck' on input line 284.
)
\Hy@SectionHShift=\skip60
) (C:\Users\saulo\AppData\Local\Programs\MiKTeX\tex/latex/algorithms\algorithm.sty
Package: algorithm 2009/08/24 v0.1 Document Style `algorithm' - floating environment
 (C:\Users\saulo\AppData\Local\Programs\MiKTeX\tex/latex/base\ifthen.sty
Package: ifthen 2024/03/16 v1.1e Standard LaTeX ifthen package (DPC)
)
\@float@every@algorithm=\toks30
\c@algorithm=\count341
) (C:\Users\saulo\AppData\Local\Programs\MiKTeX\tex/latex/algorithmicx\algpseudocode.sty
Package: algpseudocode 
 (C:\Users\saulo\AppData\Local\Programs\MiKTeX\tex/latex/algorithmicx\algorithmicx.sty
Package: algorithmicx 2005/04/27 v1.2 Algorithmicx

Document Style algorithmicx 1.2 - a greatly improved `algorithmic' style
\c@ALG@line=\count342
\c@ALG@rem=\count343
\c@ALG@nested=\count344
\ALG@tlm=\skip61
\ALG@thistlm=\skip62
\c@ALG@Lnr=\count345
\c@ALG@blocknr=\count346
\c@ALG@storecount=\count347
\c@ALG@tmpcounter=\count348
\ALG@tmplength=\skip63
)
Document Style - pseudocode environments for use with the `algorithmicx' style
) (C:\Users\saulo\AppData\Local\Programs\MiKTeX\tex/latex/l3backend\l3backend-pdftex.def
File: l3backend-pdftex.def 2025-10-09 L3 backend support: PDF output (pdfTeX)
\l__color_backend_stack_int=\count349
) (main.aux
Package babel Info: 'brazilian' activates 'portuges' shorthands.
(babel)             Reported on input line 13.
)
\openout1 = `main.aux'.

LaTeX Font Info:    Checking defaults for OML/cmm/m/it on input line 58.
LaTeX Font Info:    ... okay on input line 58.
LaTeX Font Info:    Checking defaults for OMS/cmsy/m/n on input line 58.
LaTeX Font Info:    ... okay on input line 58.
LaTeX Font Info:    Checking defaults for OT1/cmr/m/n on input line 58.
LaTeX Font Info:    ... okay on input line 58.
LaTeX Font Info:    Checking defaults for T1/cmr/m/n on input line 58.
LaTeX Font Info:    ... okay on input line 58.
LaTeX Font Info:    Checking defaults for TS1/cmr/m/n on input line 58.
LaTeX Font Info:    ... okay on input line 58.
LaTeX Font Info:    Checking defaults for OMX/cmex/m/n on input line 58.
LaTeX Font Info:    ... okay on input line 58.
LaTeX Font Info:    Checking defaults for U/cmr/m/n on input line 58.
LaTeX Font Info:    ... okay on input line 58.
LaTeX Font Info:    Checking defaults for PD1/pdf/m/n on input line 58.
LaTeX Font Info:    ... okay on input line 58.
LaTeX Font Info:    Checking defaults for PU/pdf/m/n on input line 58.
LaTeX Font Info:    ... okay on input line 58.

-- Lines per column: 58 (exact).
(C:\Users\saulo\AppData\Local\Programs\MiKTeX\tex/context/base/mkii\supp-pdf.mkii
[Loading MPS to PDF converter (version 2006.09.02).]
\scratchcounter=\count350
\scratchdimen=\dimen273
\scratchbox=\box69
\nofMPsegments=\count351
\nofMParguments=\count352
\everyMPshowfont=\toks31
\MPscratchCnt=\count353
\MPscratchDim=\dimen274
\MPnumerator=\count354
\makeMPintoPDFobject=\count355
\everyMPtoPDFconversion=\toks32
) (C:\Users\saulo\AppData\Local\Programs\MiKTeX\tex/latex/epstopdf-pkg\epstopdf-base.sty
Package: epstopdf-base 2020-01-24 v2.11 Base part for package epstopdf
Package epstopdf-base Info: Redefining graphics rule for `.eps' on input line 485.
 (C:\Users\saulo\AppData\Local\Programs\MiKTeX\tex/latex/00miktex\epstopdf-sys.cfg
File: epstopdf-sys.cfg 2021/03/18 v2.0 Configuration of epstopdf for MiKTeX
))
Package caption Info: Begin \AtBeginDocument code.
Package caption Info: hyperref package is loaded.
Package caption Info: End \AtBeginDocument code.
 (C:\Users\saulo\AppData\Local\Programs\MiKTeX\tex/latex/translations/dicts\translations-basic-dictionary-brazil.trsl
File: translations-basic-dictionary-brazil.trsl (brazil translation file `translations-basic-dictionary')
)
Package translations Info: loading dictionary `translations-basic-dictionary' for `brazil'. on input line 58.
Package hyperref Info: Link coloring ON on input line 58.
 (main.out) (main.out)
\@outlinefile=\write3
\openout3 = `main.out'.

LaTeX Font Info:    Trying to load font information for U+msa on input line 64.
 (C:\Users\saulo\AppData\Local\Programs\MiKTeX\tex/latex/amsfonts\umsa.fd
File: umsa.fd 2013/01/14 v3.01 AMS symbols A
)
LaTeX Font Info:    Trying to load font information for U+msb on input line 64.
 (C:\Users\saulo\AppData\Local\Programs\MiKTeX\tex/latex/amsfonts\umsb.fd
File: umsb.fd 2013/01/14 v3.01 AMS symbols B
)
LaTeX Font Info:    Trying to load font information for U+rsfs on input line 64.
 (C:\Users\saulo\AppData\Local\Programs\MiKTeX\tex/latex/jknappen\ursfs.fd
File: ursfs.fd 1998/03/24 rsfs font definition file (jk)
)
Underfull \hbox (badness 1796) in paragraph at lines 67--69
\OT1/ptm/b/n/9 Tempo Real, Po-si-ci-o-na-mento \OT1/ptm/b/it/9 Range-Only\OT1/ptm/b/n/9 , Con-sist[]encia Es-
 []

(capitulos/01_introducao.tex
Underfull \hbox (badness 3354) in paragraph at lines 27--28
[]$\OML/cmm/m/it/10 k\OMS/cmsy/m/n/10 j\OML/cmm/m/it/10 k$\OT1/ptm/m/n/10 : re-pre-senta os va-lo-res \OT1/ptm/m/it/10 a pos-te-ri-ori \OT1/ptm/m/n/10 (etapa de
 []


Underfull \hbox (badness 1502) in paragraph at lines 27--28
\OT1/ptm/m/n/10 corre[][]ao), atu-a-li-za-dos ap[]os a incorpora[][]ao da nova
 []

[1{C:/Users/saulo/AppData/Local/MiKTeX/fonts/map/pdftex/pdftex.map}{C:/Users/saulo/AppData/Local/Programs/MiKTeX/fonts/enc/dvips/base/8r.enc}


]) (capitulos/02_revisao_teorica.tex
Underfull \hbox (badness 10000) in paragraph at lines 38--39
[]\OT1/ptm/b/n/10 Ru[]^^Pdo de Pro-cesso ($[]$): \OT1/ptm/m/n/10 Re-pre-senta dist[]urbios
 []

[2]
Package hyperref Info: bookmark level for unknown algorithm defaults to 0 on input line 143.
 [3]
Underfull \hbox (badness 7504) in paragraph at lines 212--213
 \OT1/ptm/m/it/10 1) Root Mean Square Er-ror (RMSE): [][][] \OT1/ptm/m/n/10 A pre-cis[]ao
 []

) (capitulos/03_problematica.tex
<Figuras/diagrams/MULTILATERAÇÃO.png, id=271, 820.56563pt x 682.80093pt>
File: Figuras/diagrams/MULTILATERAÇÃO.png Graphic file (type png)
<use Figuras/diagrams/MULTILATERAÇÃO.png>
Package pdftex.def Info: Figuras/diagrams/MULTILATERAÇÃO.png  used on input line 18.
(pdftex.def)             Requested size: 258.0pt x 214.6771pt.

Overfull \hbox (6.0pt too wide) in paragraph at lines 18--19
 [][] 
 []

[4 <./Figuras/diagrams/MULTILATERAÇÃO.png>]
<Figuras/diagrams/PREVISAO.png, id=297, 770.88pt x 578.16pt>
File: Figuras/diagrams/PREVISAO.png Graphic file (type png)
<use Figuras/diagrams/PREVISAO.png>
Package pdftex.def Info: Figuras/diagrams/PREVISAO.png  used on input line 112.
(pdftex.def)             Requested size: 165.12378pt x 123.84323pt.
<Figuras/diagrams/OCLUSAO.png, id=298, 770.88pt x 578.16pt>
File: Figuras/diagrams/OCLUSAO.png Graphic file (type png)
<use Figuras/diagrams/OCLUSAO.png>
Package pdftex.def Info: Figuras/diagrams/OCLUSAO.png  used on input line 120.
(pdftex.def)             Requested size: 165.12378pt x 123.84323pt.
<Figuras/diagrams/OCLUSAO2.png, id=299, 770.88pt x 578.16pt>
File: Figuras/diagrams/OCLUSAO2.png Graphic file (type png)
<use Figuras/diagrams/OCLUSAO2.png>
Package pdftex.def Info: Figuras/diagrams/OCLUSAO2.png  used on input line 128.
(pdftex.def)             Requested size: 165.12378pt x 123.84323pt.
) (capitulos/04_metodologia.tex [5]

LaTeX Warning: `h' float specifier changed to `ht'.

<Figuras/diagrams/trajetorias.png, id=311, 1084.05pt x 585.387pt>
File: Figuras/diagrams/trajetorias.png Graphic file (type png)
<use Figuras/diagrams/trajetorias.png>
Package pdftex.def Info: Figuras/diagrams/trajetorias.png  used on input line 54.
(pdftex.def)             Requested size: 516.0pt x 278.65123pt.

LaTeX Warning: `h' float specifier changed to `ht'.

[6 <./Figuras/diagrams/PREVISAO.png (PNG copy)> <./Figuras/diagrams/OCLUSAO.png (PNG copy)> <./Figuras/diagrams/OCLUSAO2.png (PNG copy)>]
Underfull \hbox (badness 10000) in paragraph at lines 145--146
[]\OT1/ptm/m/n/10 Isso re-sulta no ve-tor de observa[][]ao $\OT1/cmr/bx/n/10 z[] \OT1/cmr/m/n/10 =
 []


Underfull \hbox (badness 4108) in paragraph at lines 145--146
\OT1/cmr/m/n/10 [\OML/cmm/m/it/10 z[]; z[]; z[]; z[]\OT1/cmr/m/n/10 ][]$\OT1/ptm/m/n/10 , que cont[]em as qua-tro dist[]ancias
 []

[7 <./Figuras/diagrams/trajetorias.png>]
<Figuras/diagrams/ARQUITETURA.png, id=334, 1445.4pt x 813.0375pt>
File: Figuras/diagrams/ARQUITETURA.png Graphic file (type png)
<use Figuras/diagrams/ARQUITETURA.png>
Package pdftex.def Info: Figuras/diagrams/ARQUITETURA.png  used on input line 158.
(pdftex.def)             Requested size: 252.0pt x 141.75023pt.
 [8 <./Figuras/diagrams/ARQUITETURA.png (PNG copy)>]
Underfull \hbox (badness 1975) in paragraph at lines 218--219
 \OT1/ptm/m/it/10 2) An[]alise de Es-ta-bi-li-dade Es-tat[]^^Pstica via Li-mi-tes de
 []

<Figuras/diagrams/GATTING.png, id=353, 770.88pt x 578.16pt>
File: Figuras/diagrams/GATTING.png Graphic file (type png)
<use Figuras/diagrams/GATTING.png>
Package pdftex.def Info: Figuras/diagrams/GATTING.png  used on input line 230.
(pdftex.def)             Requested size: 252.0pt x 188.9937pt.
) (capitulos/05_resultados.tex
Underfull \vbox (badness 3240) has occurred while \output is active []

 [9 <./Figuras/diagrams/GATTING.png (PNG copy)>]
<Figuras/diagrams/Bases.png, id=370, 1154.51324pt x 611.28375pt>
File: Figuras/diagrams/Bases.png Graphic file (type png)
<use Figuras/diagrams/Bases.png>
Package pdftex.def Info: Figuras/diagrams/Bases.png  used on input line 56.
(pdftex.def)             Requested size: 464.39685pt x 245.8803pt.
<Figuras/C2/sintonizado/simulacao_quadrado_2_rms.png, id=374, 867.24pt x 433.62pt>
File: Figuras/C2/sintonizado/simulacao_quadrado_2_rms.png Graphic file (type png)
<use Figuras/C2/sintonizado/simulacao_quadrado_2_rms.png>
Package pdftex.def Info: Figuras/C2/sintonizado/simulacao_quadrado_2_rms.png  used on input line 71.
(pdftex.def)             Requested size: 226.79846pt x 113.39357pt.
<Figuras/C2/sintonizado/simulacao_quadrado_5_hist.png, id=376, 722.7pt x 433.62pt>
File: Figuras/C2/sintonizado/simulacao_quadrado_5_hist.png Graphic file (type png)
<use Figuras/C2/sintonizado/simulacao_quadrado_5_hist.png>
Package pdftex.def Info: Figuras/C2/sintonizado/simulacao_quadrado_5_hist.png  used on input line 80.
(pdftex.def)             Requested size: 226.79846pt x 136.07494pt.
<Figuras/C2/nsintonizado/simulacao_quadrado_5_hist.png, id=377, 722.7pt x 433.62pt>
File: Figuras/C2/nsintonizado/simulacao_quadrado_5_hist.png Graphic file (type png)
<use Figuras/C2/nsintonizado/simulacao_quadrado_5_hist.png>
Package pdftex.def Info: Figuras/C2/nsintonizado/simulacao_quadrado_5_hist.png  used on input line 84.
(pdftex.def)             Requested size: 226.79846pt x 136.07494pt.
<Figuras/C3/sintonizado/simulacao_tangente_hiperbólica_4_nis.png, id=380, 867.24pt x 433.62pt>
File: Figuras/C3/sintonizado/simulacao_tangente_hiperbólica_4_nis.png Graphic file (type png)
<use Figuras/C3/sintonizado/simulacao_tangente_hiperbólica_4_nis.png>
Package pdftex.def Info: Figuras/C3/sintonizado/simulacao_tangente_hiperbólica_4_nis.png  used on input line 102.
(pdftex.def)             Requested size: 226.79846pt x 113.39357pt.

Underfull \hbox (badness 1852) in paragraph at lines 103--103
[]\OT1/ptm/m/n/10 Figura 9: |Com-por-ta-mento tem-po-ral da m[]etrica NIS. A
 []

[10]
<Figuras/C6/sintonizado/simulacao_oclusão_1_traj.png, id=393, 867.24pt x 867.24pt>
File: Figuras/C6/sintonizado/simulacao_oclusão_1_traj.png Graphic file (type png)
<use Figuras/C6/sintonizado/simulacao_oclusão_1_traj.png>
Package pdftex.def Info: Figuras/C6/sintonizado/simulacao_oclusão_1_traj.png  used on input line 119.
(pdftex.def)             Requested size: 226.79846pt x 226.78716pt.
) (capitulos/06_conclusao.tex [11 <./Figuras/diagrams/Bases.png> <./Figuras/C2/sintonizado/simulacao_quadrado_2_rms.png>] [12 <./Figuras/C2/sintonizado/simulacao_quadrado_5_hist.png> <./Figuras/C2/nsintonizado/simulacao_quadrado_5_hist.png> <./Figuras/C3/sintonizado/simulacao_tangente_hiperbólica_4_nis.png> <./Figuras/C6/sintonizado/simulacao_oclusão_1_traj.png>]
Underfull \hbox (badness 7133) in paragraph at lines 32--33
[]\OT1/ptm/b/n/10 Sintonia Au-tom[]atica: \OT1/ptm/m/n/10 Im-ple-men-tar al-go-rit-mos de
 []

) (main.bbl) (apendices/simulacao.tex
<Figuras/C1/sintonizado/simulacao_círculo_1_traj.png, id=413, 867.24pt x 867.24pt>
File: Figuras/C1/sintonizado/simulacao_círculo_1_traj.png Graphic file (type png)
<use Figuras/C1/sintonizado/simulacao_círculo_1_traj.png>
Package pdftex.def Info: Figuras/C1/sintonizado/simulacao_círculo_1_traj.png  used on input line 18.
(pdftex.def)             Requested size: 123.84283pt x 123.83441pt.
<Figuras/C2/sintonizado/simulacao_quadrado_1_traj.png, id=414, 867.24pt x 867.24pt>
File: Figuras/C2/sintonizado/simulacao_quadrado_1_traj.png Graphic file (type png)
<use Figuras/C2/sintonizado/simulacao_quadrado_1_traj.png>
Package pdftex.def Info: Figuras/C2/sintonizado/simulacao_quadrado_1_traj.png  used on input line 24.
(pdftex.def)             Requested size: 123.84283pt x 123.83441pt.
<Figuras/C3/sintonizado/simulacao_tangente_hiperbólica_1_traj.png, id=415, 867.24pt x 867.24pt>
File: Figuras/C3/sintonizado/simulacao_tangente_hiperbólica_1_traj.png Graphic file (type png)
<use Figuras/C3/sintonizado/simulacao_tangente_hiperbólica_1_traj.png>
Package pdftex.def Info: Figuras/C3/sintonizado/simulacao_tangente_hiperbólica_1_traj.png  used on input line 30.
(pdftex.def)             Requested size: 123.84283pt x 123.83441pt.
<Figuras/C4/sintonizado/simulacao_lemniscata_1_traj.png, id=416, 867.24pt x 867.24pt>
File: Figuras/C4/sintonizado/simulacao_lemniscata_1_traj.png Graphic file (type png)
<use Figuras/C4/sintonizado/simulacao_lemniscata_1_traj.png>
Package pdftex.def Info: Figuras/C4/sintonizado/simulacao_lemniscata_1_traj.png  used on input line 39.
(pdftex.def)             Requested size: 123.84283pt x 123.83441pt.
<Figuras/C5/sintonizado/simulacao_aleatória_1_traj.png, id=417, 867.24pt x 867.24pt>
File: Figuras/C5/sintonizado/simulacao_aleatória_1_traj.png Graphic file (type png)
<use Figuras/C5/sintonizado/simulacao_aleatória_1_traj.png>
Package pdftex.def Info: Figuras/C5/sintonizado/simulacao_aleatória_1_traj.png  used on input line 45.
(pdftex.def)             Requested size: 123.84283pt x 123.83441pt.
File: Figuras/C6/sintonizado/simulacao_oclusão_1_traj.png Graphic file (type png)
<use Figuras/C6/sintonizado/simulacao_oclusão_1_traj.png>
Package pdftex.def Info: Figuras/C6/sintonizado/simulacao_oclusão_1_traj.png  used on input line 51.
(pdftex.def)             Requested size: 123.84283pt x 123.83441pt.
<Figuras/C1/nsintonizado/simulacao_círculo_1_traj.png, id=418, 867.24pt x 867.24pt>
File: Figuras/C1/nsintonizado/simulacao_círculo_1_traj.png Graphic file (type png)
<use Figuras/C1/nsintonizado/simulacao_círculo_1_traj.png>
Package pdftex.def Info: Figuras/C1/nsintonizado/simulacao_círculo_1_traj.png  used on input line 64.
(pdftex.def)             Requested size: 123.84283pt x 123.83441pt.
<Figuras/C2/nsintonizado/simulacao_quadrado_1_traj.png, id=419, 867.24pt x 867.24pt>
File: Figuras/C2/nsintonizado/simulacao_quadrado_1_traj.png Graphic file (type png)
<use Figuras/C2/nsintonizado/simulacao_quadrado_1_traj.png>
Package pdftex.def Info: Figuras/C2/nsintonizado/simulacao_quadrado_1_traj.png  used on input line 70.
(pdftex.def)             Requested size: 123.84283pt x 123.83441pt.
<Figuras/C3/nsintonizado/simulacao_tangente_hiperbólica_1_traj.png, id=420, 867.24pt x 867.24pt>
File: Figuras/C3/nsintonizado/simulacao_tangente_hiperbólica_1_traj.png Graphic file (type png)
<use Figuras/C3/nsintonizado/simulacao_tangente_hiperbólica_1_traj.png>
Package pdftex.def Info: Figuras/C3/nsintonizado/simulacao_tangente_hiperbólica_1_traj.png  used on input line 76.
(pdftex.def)             Requested size: 123.84283pt x 123.83441pt.
<Figuras/C4/nsintonizado/simulacao_lemniscata_1_traj.png, id=421, 867.24pt x 867.24pt>
File: Figuras/C4/nsintonizado/simulacao_lemniscata_1_traj.png Graphic file (type png)
<use Figuras/C4/nsintonizado/simulacao_lemniscata_1_traj.png>
Package pdftex.def Info: Figuras/C4/nsintonizado/simulacao_lemniscata_1_traj.png  used on input line 85.
(pdftex.def)             Requested size: 123.84283pt x 123.83441pt.
<Figuras/C5/nsintonizado/simulacao_aleatória_1_traj.png, id=422, 867.24pt x 867.24pt>
File: Figuras/C5/nsintonizado/simulacao_aleatória_1_traj.png Graphic file (type png)
<use Figuras/C5/nsintonizado/simulacao_aleatória_1_traj.png>
Package pdftex.def Info: Figuras/C5/nsintonizado/simulacao_aleatória_1_traj.png  used on input line 91.
(pdftex.def)             Requested size: 123.84283pt x 123.83441pt.
<Figuras/C6/nsintonizado/simulacao_oclusão_1_traj.png, id=423, 867.24pt x 867.24pt>
File: Figuras/C6/nsintonizado/simulacao_oclusão_1_traj.png Graphic file (type png)
<use Figuras/C6/nsintonizado/simulacao_oclusão_1_traj.png>
Package pdftex.def Info: Figuras/C6/nsintonizado/simulacao_oclusão_1_traj.png  used on input line 97.
(pdftex.def)             Requested size: 123.84283pt x 123.83441pt.


LaTeX Warning: Float too large for page by 17.24422pt on input line 103.

[13] [14 <./Figuras/C1/sintonizado/simulacao_círculo_1_traj.png> <./Figuras/C2/sintonizado/simulacao_quadrado_1_traj.png> <./Figuras/C3/sintonizado/simulacao_tangente_hiperbólica_1_traj.png> <./Figuras/C4/sintonizado/simulacao_lemniscata_1_traj.png> <./Figuras/C5/sintonizado/simulacao_aleatória_1_traj.png> <./Figuras/C1/nsintonizado/simulacao_círculo_1_traj.png> <./Figuras/C2/nsintonizado/simulacao_quadrado_1_traj.png> <./Figuras/C3/nsintonizado/simulacao_tangente_hiperbólica_1_traj.png> <./Figuras/C4/nsintonizado/simulacao_lemniscata_1_traj.png> <./Figuras/C5/nsintonizado/simulacao_aleatória_1_traj.png> <./Figuras/C6/nsintonizado/simulacao_oclusão_1_traj.png>]
<Figuras/C1/sintonizado/simulacao_círculo_2_rms.png, id=450, 867.24pt x 433.62pt>
File: Figuras/C1/sintonizado/simulacao_círculo_2_rms.png Graphic file (type png)
<use Figuras/C1/sintonizado/simulacao_círculo_2_rms.png>
Package pdftex.def Info: Figuras/C1/sintonizado/simulacao_círculo_2_rms.png  used on input line 119.
(pdftex.def)             Requested size: 165.12378pt x 82.56068pt.
File: Figuras/C2/sintonizado/simulacao_quadrado_2_rms.png Graphic file (type png)
<use Figuras/C2/sintonizado/simulacao_quadrado_2_rms.png>
Package pdftex.def Info: Figuras/C2/sintonizado/simulacao_quadrado_2_rms.png  used on input line 125.
(pdftex.def)             Requested size: 165.12378pt x 82.56068pt.
<Figuras/C3/sintonizado/simulacao_tangente_hiperbólica_2_rms.png, id=451, 867.24pt x 433.62pt>
File: Figuras/C3/sintonizado/simulacao_tangente_hiperbólica_2_rms.png Graphic file (type png)
<use Figuras/C3/sintonizado/simulacao_tangente_hiperbólica_2_rms.png>
Package pdftex.def Info: Figuras/C3/sintonizado/simulacao_tangente_hiperbólica_2_rms.png  used on input line 131.
(pdftex.def)             Requested size: 165.12378pt x 82.56068pt.
<Figuras/C4/sintonizado/simulacao_lemniscata_2_rms.png, id=452, 867.24pt x 433.62pt>
File: Figuras/C4/sintonizado/simulacao_lemniscata_2_rms.png Graphic file (type png)
<use Figuras/C4/sintonizado/simulacao_lemniscata_2_rms.png>
Package pdftex.def Info: Figuras/C4/sintonizado/simulacao_lemniscata_2_rms.png  used on input line 140.
(pdftex.def)             Requested size: 165.12378pt x 82.56068pt.
<Figuras/C5/sintonizado/simulacao_aleatória_2_rms.png, id=453, 867.24pt x 433.62pt>
File: Figuras/C5/sintonizado/simulacao_aleatória_2_rms.png Graphic file (type png)
<use Figuras/C5/sintonizado/simulacao_aleatória_2_rms.png>
Package pdftex.def Info: Figuras/C5/sintonizado/simulacao_aleatória_2_rms.png  used on input line 146.
(pdftex.def)             Requested size: 165.12378pt x 82.56068pt.
<Figuras/C6/sintonizado/simulacao_oclusão_2_rms.png, id=454, 867.24pt x 433.62pt>
File: Figuras/C6/sintonizado/simulacao_oclusão_2_rms.png Graphic file (type png)
<use Figuras/C6/sintonizado/simulacao_oclusão_2_rms.png>
Package pdftex.def Info: Figuras/C6/sintonizado/simulacao_oclusão_2_rms.png  used on input line 152.
(pdftex.def)             Requested size: 165.12378pt x 82.56068pt.
<Figuras/C1/nsintonizado/simulacao_círculo_2_rms.png, id=455, 867.24pt x 433.62pt>
File: Figuras/C1/nsintonizado/simulacao_círculo_2_rms.png Graphic file (type png)
<use Figuras/C1/nsintonizado/simulacao_círculo_2_rms.png>
Package pdftex.def Info: Figuras/C1/nsintonizado/simulacao_círculo_2_rms.png  used on input line 165.
(pdftex.def)             Requested size: 165.12378pt x 82.56068pt.
<Figuras/C2/nsintonizado/simulacao_quadrado_2_rms.png, id=456, 867.24pt x 433.62pt>
File: Figuras/C2/nsintonizado/simulacao_quadrado_2_rms.png Graphic file (type png)
<use Figuras/C2/nsintonizado/simulacao_quadrado_2_rms.png>
Package pdftex.def Info: Figuras/C2/nsintonizado/simulacao_quadrado_2_rms.png  used on input line 171.
(pdftex.def)             Requested size: 165.12378pt x 82.56068pt.
<Figuras/C3/nsintonizado/simulacao_tangente_hiperbólica_2_rms.png, id=457, 867.24pt x 433.62pt>
File: Figuras/C3/nsintonizado/simulacao_tangente_hiperbólica_2_rms.png Graphic file (type png)
<use Figuras/C3/nsintonizado/simulacao_tangente_hiperbólica_2_rms.png>
Package pdftex.def Info: Figuras/C3/nsintonizado/simulacao_tangente_hiperbólica_2_rms.png  used on input line 177.
(pdftex.def)             Requested size: 165.12378pt x 82.56068pt.
<Figuras/C4/nsintonizado/simulacao_lemniscata_2_rms.png, id=458, 867.24pt x 433.62pt>
File: Figuras/C4/nsintonizado/simulacao_lemniscata_2_rms.png Graphic file (type png)
<use Figuras/C4/nsintonizado/simulacao_lemniscata_2_rms.png>
Package pdftex.def Info: Figuras/C4/nsintonizado/simulacao_lemniscata_2_rms.png  used on input line 186.
(pdftex.def)             Requested size: 165.12378pt x 82.56068pt.
<Figuras/C5/nsintonizado/simulacao_aleatória_2_rms.png, id=459, 867.24pt x 433.62pt>
File: Figuras/C5/nsintonizado/simulacao_aleatória_2_rms.png Graphic file (type png)
<use Figuras/C5/nsintonizado/simulacao_aleatória_2_rms.png>
Package pdftex.def Info: Figuras/C5/nsintonizado/simulacao_aleatória_2_rms.png  used on input line 192.
(pdftex.def)             Requested size: 165.12378pt x 82.56068pt.
<Figuras/C6/nsintonizado/simulacao_oclusão_2_rms.png, id=460, 867.24pt x 433.62pt>
File: Figuras/C6/nsintonizado/simulacao_oclusão_2_rms.png Graphic file (type png)
<use Figuras/C6/nsintonizado/simulacao_oclusão_2_rms.png>
Package pdftex.def Info: Figuras/C6/nsintonizado/simulacao_oclusão_2_rms.png  used on input line 198.
(pdftex.def)             Requested size: 165.12378pt x 82.56068pt.
 [15 <./Figuras/C1/sintonizado/simulacao_círculo_2_rms.png> <./Figuras/C3/sintonizado/simulacao_tangente_hiperbólica_2_rms.png> <./Figuras/C4/sintonizado/simulacao_lemniscata_2_rms.png> <./Figuras/C5/sintonizado/simulacao_aleatória_2_rms.png> <./Figuras/C6/sintonizado/simulacao_oclusão_2_rms.png> <./Figuras/C1/nsintonizado/simulacao_círculo_2_rms.png> <./Figuras/C2/nsintonizado/simulacao_quadrado_2_rms.png> <./Figuras/C3/nsintonizado/simulacao_tangente_hiperbólica_2_rms.png> <./Figuras/C4/nsintonizado/simulacao_lemniscata_2_rms.png> <./Figuras/C5/nsintonizado/simulacao_aleatória_2_rms.png> <./Figuras/C6/nsintonizado/simulacao_oclusão_2_rms.png>]
<Figuras/C1/sintonizado/simulacao_círculo_4_nis.png, id=477, 867.24pt x 433.62pt>
File: Figuras/C1/sintonizado/simulacao_círculo_4_nis.png Graphic file (type png)
<use Figuras/C1/sintonizado/simulacao_círculo_4_nis.png>
Package pdftex.def Info: Figuras/C1/sintonizado/simulacao_círculo_4_nis.png  used on input line 219.
(pdftex.def)             Requested size: 165.12378pt x 82.56068pt.
<Figuras/C2/sintonizado/simulacao_quadrado_4_nis.png, id=478, 867.24pt x 433.62pt>
File: Figuras/C2/sintonizado/simulacao_quadrado_4_nis.png Graphic file (type png)
<use Figuras/C2/sintonizado/simulacao_quadrado_4_nis.png>
Package pdftex.def Info: Figuras/C2/sintonizado/simulacao_quadrado_4_nis.png  used on input line 225.
(pdftex.def)             Requested size: 165.12378pt x 82.56068pt.
File: Figuras/C3/sintonizado/simulacao_tangente_hiperbólica_4_nis.png Graphic file (type png)
<use Figuras/C3/sintonizado/simulacao_tangente_hiperbólica_4_nis.png>
Package pdftex.def Info: Figuras/C3/sintonizado/simulacao_tangente_hiperbólica_4_nis.png  used on input line 231.
(pdftex.def)             Requested size: 165.12378pt x 82.56068pt.
<Figuras/C4/sintonizado/simulacao_lemniscata_4_nis.png, id=479, 867.24pt x 433.62pt>
File: Figuras/C4/sintonizado/simulacao_lemniscata_4_nis.png Graphic file (type png)
<use Figuras/C4/sintonizado/simulacao_lemniscata_4_nis.png>
Package pdftex.def Info: Figuras/C4/sintonizado/simulacao_lemniscata_4_nis.png  used on input line 240.
(pdftex.def)             Requested size: 165.12378pt x 82.56068pt.
<Figuras/C5/sintonizado/simulacao_aleatória_4_nis.png, id=480, 867.24pt x 433.62pt>
File: Figuras/C5/sintonizado/simulacao_aleatória_4_nis.png Graphic file (type png)
<use Figuras/C5/sintonizado/simulacao_aleatória_4_nis.png>
Package pdftex.def Info: Figuras/C5/sintonizado/simulacao_aleatória_4_nis.png  used on input line 246.
(pdftex.def)             Requested size: 165.12378pt x 82.56068pt.
<Figuras/C6/sintonizado/simulacao_oclusão_4_nis.png, id=481, 867.24pt x 433.62pt>
File: Figuras/C6/sintonizado/simulacao_oclusão_4_nis.png Graphic file (type png)
<use Figuras/C6/sintonizado/simulacao_oclusão_4_nis.png>
Package pdftex.def Info: Figuras/C6/sintonizado/simulacao_oclusão_4_nis.png  used on input line 252.
(pdftex.def)             Requested size: 165.12378pt x 82.56068pt.
<Figuras/C1/nsintonizado/simulacao_círculo_4_nis.png, id=482, 867.24pt x 433.62pt>
File: Figuras/C1/nsintonizado/simulacao_círculo_4_nis.png Graphic file (type png)
<use Figuras/C1/nsintonizado/simulacao_círculo_4_nis.png>
Package pdftex.def Info: Figuras/C1/nsintonizado/simulacao_círculo_4_nis.png  used on input line 265.
(pdftex.def)             Requested size: 165.12378pt x 82.56068pt.
<Figuras/C2/nsintonizado/simulacao_quadrado_4_nis.png, id=483, 867.24pt x 433.62pt>
File: Figuras/C2/nsintonizado/simulacao_quadrado_4_nis.png Graphic file (type png)
<use Figuras/C2/nsintonizado/simulacao_quadrado_4_nis.png>
Package pdftex.def Info: Figuras/C2/nsintonizado/simulacao_quadrado_4_nis.png  used on input line 271.
(pdftex.def)             Requested size: 165.12378pt x 82.56068pt.
<Figuras/C3/nsintonizado/simulacao_tangente_hiperbólica_4_nis.png, id=484, 867.24pt x 433.62pt>
File: Figuras/C3/nsintonizado/simulacao_tangente_hiperbólica_4_nis.png Graphic file (type png)
<use Figuras/C3/nsintonizado/simulacao_tangente_hiperbólica_4_nis.png>
Package pdftex.def Info: Figuras/C3/nsintonizado/simulacao_tangente_hiperbólica_4_nis.png  used on input line 277.
(pdftex.def)             Requested size: 165.12378pt x 82.56068pt.
<Figuras/C4/nsintonizado/simulacao_lemniscata_4_nis.png, id=485, 867.24pt x 433.62pt>
File: Figuras/C4/nsintonizado/simulacao_lemniscata_4_nis.png Graphic file (type png)
<use Figuras/C4/nsintonizado/simulacao_lemniscata_4_nis.png>
Package pdftex.def Info: Figuras/C4/nsintonizado/simulacao_lemniscata_4_nis.png  used on input line 286.
(pdftex.def)             Requested size: 165.12378pt x 82.56068pt.
<Figuras/C5/nsintonizado/simulacao_aleatória_4_nis.png, id=486, 867.24pt x 433.62pt>
File: Figuras/C5/nsintonizado/simulacao_aleatória_4_nis.png Graphic file (type png)
<use Figuras/C5/nsintonizado/simulacao_aleatória_4_nis.png>
Package pdftex.def Info: Figuras/C5/nsintonizado/simulacao_aleatória_4_nis.png  used on input line 292.
(pdftex.def)             Requested size: 165.12378pt x 82.56068pt.
<Figuras/C6/nsintonizado/simulacao_oclusão_4_nis.png, id=487, 867.24pt x 433.62pt>
File: Figuras/C6/nsintonizado/simulacao_oclusão_4_nis.png Graphic file (type png)
<use Figuras/C6/nsintonizado/simulacao_oclusão_4_nis.png>
Package pdftex.def Info: Figuras/C6/nsintonizado/simulacao_oclusão_4_nis.png  used on input line 298.
(pdftex.def)             Requested size: 165.12378pt x 82.56068pt.
 [16 <./Figuras/C1/sintonizado/simulacao_círculo_4_nis.png> <./Figuras/C2/sintonizado/simulacao_quadrado_4_nis.png> <./Figuras/C4/sintonizado/simulacao_lemniscata_4_nis.png> <./Figuras/C5/sintonizado/simulacao_aleatória_4_nis.png> <./Figuras/C6/sintonizado/simulacao_oclusão_4_nis.png> <./Figuras/C1/nsintonizado/simulacao_círculo_4_nis.png> <./Figuras/C2/nsintonizado/simulacao_quadrado_4_nis.png> <./Figuras/C3/nsintonizado/simulacao_tangente_hiperbólica_4_nis.png> <./Figuras/C4/nsintonizado/simulacao_lemniscata_4_nis.png> <./Figuras/C5/nsintonizado/simulacao_aleatória_4_nis.png> <./Figuras/C6/nsintonizado/simulacao_oclusão_4_nis.png>]
<Figuras/C1/sintonizado/simulacao_círculo_5_hist.png, id=504, 722.7pt x 433.62pt>
File: Figuras/C1/sintonizado/simulacao_círculo_5_hist.png Graphic file (type png)
<use Figuras/C1/sintonizado/simulacao_círculo_5_hist.png>
Package pdftex.def Info: Figuras/C1/sintonizado/simulacao_círculo_5_hist.png  used on input line 319.
(pdftex.def)             Requested size: 165.12378pt x 99.07547pt.
File: Figuras/C2/sintonizado/simulacao_quadrado_5_hist.png Graphic file (type png)
<use Figuras/C2/sintonizado/simulacao_quadrado_5_hist.png>
Package pdftex.def Info: Figuras/C2/sintonizado/simulacao_quadrado_5_hist.png  used on input line 325.
(pdftex.def)             Requested size: 165.12378pt x 99.07547pt.
<Figuras/C3/sintonizado/simulacao_tangente_hiperbólica_5_hist.png, id=505, 722.7pt x 433.62pt>
File: Figuras/C3/sintonizado/simulacao_tangente_hiperbólica_5_hist.png Graphic file (type png)
<use Figuras/C3/sintonizado/simulacao_tangente_hiperbólica_5_hist.png>
Package pdftex.def Info: Figuras/C3/sintonizado/simulacao_tangente_hiperbólica_5_hist.png  used on input line 331.
(pdftex.def)             Requested size: 165.12378pt x 99.07547pt.
<Figuras/C4/sintonizado/simulacao_lemniscata_5_hist.png, id=506, 722.7pt x 433.62pt>
File: Figuras/C4/sintonizado/simulacao_lemniscata_5_hist.png Graphic file (type png)
<use Figuras/C4/sintonizado/simulacao_lemniscata_5_hist.png>
Package pdftex.def Info: Figuras/C4/sintonizado/simulacao_lemniscata_5_hist.png  used on input line 340.
(pdftex.def)             Requested size: 165.12378pt x 99.07547pt.
<Figuras/C5/sintonizado/simulacao_aleatória_5_hist.png, id=507, 722.7pt x 433.62pt>
File: Figuras/C5/sintonizado/simulacao_aleatória_5_hist.png Graphic file (type png)
<use Figuras/C5/sintonizado/simulacao_aleatória_5_hist.png>
Package pdftex.def Info: Figuras/C5/sintonizado/simulacao_aleatória_5_hist.png  used on input line 346.
(pdftex.def)             Requested size: 165.12378pt x 99.07547pt.
<Figuras/C6/sintonizado/simulacao_oclusão_5_hist.png, id=508, 722.7pt x 433.62pt>
File: Figuras/C6/sintonizado/simulacao_oclusão_5_hist.png Graphic file (type png)
<use Figuras/C6/sintonizado/simulacao_oclusão_5_hist.png>
Package pdftex.def Info: Figuras/C6/sintonizado/simulacao_oclusão_5_hist.png  used on input line 352.
(pdftex.def)             Requested size: 165.12378pt x 99.07547pt.
<Figuras/C1/nsintonizado/simulacao_círculo_5_hist.png, id=509, 722.7pt x 433.62pt>
File: Figuras/C1/nsintonizado/simulacao_círculo_5_hist.png Graphic file (type png)
<use Figuras/C1/nsintonizado/simulacao_círculo_5_hist.png>
Package pdftex.def Info: Figuras/C1/nsintonizado/simulacao_círculo_5_hist.png  used on input line 365.
(pdftex.def)             Requested size: 165.12378pt x 99.07547pt.
File: Figuras/C2/nsintonizado/simulacao_quadrado_5_hist.png Graphic file (type png)
<use Figuras/C2/nsintonizado/simulacao_quadrado_5_hist.png>
Package pdftex.def Info: Figuras/C2/nsintonizado/simulacao_quadrado_5_hist.png  used on input line 371.
(pdftex.def)             Requested size: 165.12378pt x 99.07547pt.
<Figuras/C3/nsintonizado/simulacao_tangente_hiperbólica_5_hist.png, id=510, 722.7pt x 433.62pt>
File: Figuras/C3/nsintonizado/simulacao_tangente_hiperbólica_5_hist.png Graphic file (type png)
<use Figuras/C3/nsintonizado/simulacao_tangente_hiperbólica_5_hist.png>
Package pdftex.def Info: Figuras/C3/nsintonizado/simulacao_tangente_hiperbólica_5_hist.png  used on input line 377.
(pdftex.def)             Requested size: 165.12378pt x 99.07547pt.
<Figuras/C4/nsintonizado/simulacao_lemniscata_5_hist.png, id=511, 722.7pt x 433.62pt>
File: Figuras/C4/nsintonizado/simulacao_lemniscata_5_hist.png Graphic file (type png)
<use Figuras/C4/nsintonizado/simulacao_lemniscata_5_hist.png>
Package pdftex.def Info: Figuras/C4/nsintonizado/simulacao_lemniscata_5_hist.png  used on input line 386.
(pdftex.def)             Requested size: 165.12378pt x 99.07547pt.
<Figuras/C5/nsintonizado/simulacao_aleatória_5_hist.png, id=512, 722.7pt x 433.62pt>
File: Figuras/C5/nsintonizado/simulacao_aleatória_5_hist.png Graphic file (type png)
<use Figuras/C5/nsintonizado/simulacao_aleatória_5_hist.png>
Package pdftex.def Info: Figuras/C5/nsintonizado/simulacao_aleatória_5_hist.png  used on input line 392.
(pdftex.def)             Requested size: 165.12378pt x 99.07547pt.
<Figuras/C6/nsintonizado/simulacao_oclusão_5_hist.png, id=513, 722.7pt x 433.62pt>
File: Figuras/C6/nsintonizado/simulacao_oclusão_5_hist.png Graphic file (type png)
<use Figuras/C6/nsintonizado/simulacao_oclusão_5_hist.png>
Package pdftex.def Info: Figuras/C6/nsintonizado/simulacao_oclusão_5_hist.png  used on input line 398.
(pdftex.def)             Requested size: 165.12378pt x 99.07547pt.
 [17 <./Figuras/C1/sintonizado/simulacao_círculo_5_hist.png> <./Figuras/C3/sintonizado/simulacao_tangente_hiperbólica_5_hist.png> <./Figuras/C4/sintonizado/simulacao_lemniscata_5_hist.png> <./Figuras/C5/sintonizado/simulacao_aleatória_5_hist.png> <./Figuras/C6/sintonizado/simulacao_oclusão_5_hist.png> <./Figuras/C1/nsintonizado/simulacao_círculo_5_hist.png> <./Figuras/C3/nsintonizado/simulacao_tangente_hiperbólica_5_hist.png> <./Figuras/C4/nsintonizado/simulacao_lemniscata_5_hist.png> <./Figuras/C5/nsintonizado/simulacao_aleatória_5_hist.png> <./Figuras/C6/nsintonizado/simulacao_oclusão_5_hist.png>]
<Figuras/C1/sintonizado/simulacao_círculo_3_scatter.png, id=529, 578.16pt x 578.16pt>
File: Figuras/C1/sintonizado/simulacao_círculo_3_scatter.png Graphic file (type png)
<use Figuras/C1/sintonizado/simulacao_círculo_3_scatter.png>
Package pdftex.def Info: Figuras/C1/sintonizado/simulacao_círculo_3_scatter.png  used on input line 419.
(pdftex.def)             Requested size: 123.84283pt x 123.84323pt.
<Figuras/C2/sintonizado/simulacao_quadrado_3_scatter.png, id=530, 578.16pt x 578.16pt>
File: Figuras/C2/sintonizado/simulacao_quadrado_3_scatter.png Graphic file (type png)
<use Figuras/C2/sintonizado/simulacao_quadrado_3_scatter.png>
Package pdftex.def Info: Figuras/C2/sintonizado/simulacao_quadrado_3_scatter.png  used on input line 425.
(pdftex.def)             Requested size: 123.84283pt x 123.84323pt.
<Figuras/C3/sintonizado/simulacao_tangente_hiperbólica_3_scatter.png, id=531, 578.16pt x 578.16pt>
File: Figuras/C3/sintonizado/simulacao_tangente_hiperbólica_3_scatter.png Graphic file (type png)
<use Figuras/C3/sintonizado/simulacao_tangente_hiperbólica_3_scatter.png>
Package pdftex.def Info: Figuras/C3/sintonizado/simulacao_tangente_hiperbólica_3_scatter.png  used on input line 431.
(pdftex.def)             Requested size: 123.84283pt x 123.84323pt.
<Figuras/C4/sintonizado/simulacao_lemniscata_3_scatter.png, id=532, 578.16pt x 578.16pt>
File: Figuras/C4/sintonizado/simulacao_lemniscata_3_scatter.png Graphic file (type png)
<use Figuras/C4/sintonizado/simulacao_lemniscata_3_scatter.png>
Package pdftex.def Info: Figuras/C4/sintonizado/simulacao_lemniscata_3_scatter.png  used on input line 440.
(pdftex.def)             Requested size: 123.84283pt x 123.84323pt.
<Figuras/C5/sintonizado/simulacao_aleatória_3_scatter.png, id=533, 578.16pt x 578.16pt>
File: Figuras/C5/sintonizado/simulacao_aleatória_3_scatter.png Graphic file (type png)
<use Figuras/C5/sintonizado/simulacao_aleatória_3_scatter.png>
Package pdftex.def Info: Figuras/C5/sintonizado/simulacao_aleatória_3_scatter.png  used on input line 446.
(pdftex.def)             Requested size: 123.84283pt x 123.84323pt.
<Figuras/C6/sintonizado/simulacao_oclusão_3_scatter.png, id=534, 578.16pt x 578.16pt>
File: Figuras/C6/sintonizado/simulacao_oclusão_3_scatter.png Graphic file (type png)
<use Figuras/C6/sintonizado/simulacao_oclusão_3_scatter.png>
Package pdftex.def Info: Figuras/C6/sintonizado/simulacao_oclusão_3_scatter.png  used on input line 452.
(pdftex.def)             Requested size: 123.84283pt x 123.84323pt.
<Figuras/C1/nsintonizado/simulacao_círculo_3_scatter.png, id=535, 578.16pt x 578.16pt>
File: Figuras/C1/nsintonizado/simulacao_círculo_3_scatter.png Graphic file (type png)
<use Figuras/C1/nsintonizado/simulacao_círculo_3_scatter.png>
Package pdftex.def Info: Figuras/C1/nsintonizado/simulacao_círculo_3_scatter.png  used on input line 465.
(pdftex.def)             Requested size: 123.84283pt x 123.84323pt.
<Figuras/C2/nsintonizado/simulacao_quadrado_3_scatter.png, id=536, 578.16pt x 578.16pt>
File: Figuras/C2/nsintonizado/simulacao_quadrado_3_scatter.png Graphic file (type png)
<use Figuras/C2/nsintonizado/simulacao_quadrado_3_scatter.png>
Package pdftex.def Info: Figuras/C2/nsintonizado/simulacao_quadrado_3_scatter.png  used on input line 471.
(pdftex.def)             Requested size: 123.84283pt x 123.84323pt.
<Figuras/C3/nsintonizado/simulacao_tangente_hiperbólica_3_scatter.png, id=537, 578.16pt x 578.16pt>
File: Figuras/C3/nsintonizado/simulacao_tangente_hiperbólica_3_scatter.png Graphic file (type png)
<use Figuras/C3/nsintonizado/simulacao_tangente_hiperbólica_3_scatter.png>
Package pdftex.def Info: Figuras/C3/nsintonizado/simulacao_tangente_hiperbólica_3_scatter.png  used on input line 477.
(pdftex.def)             Requested size: 123.84283pt x 123.84323pt.
<Figuras/C4/nsintonizado/simulacao_lemniscata_3_scatter.png, id=538, 578.16pt x 578.16pt>
File: Figuras/C4/nsintonizado/simulacao_lemniscata_3_scatter.png Graphic file (type png)
<use Figuras/C4/nsintonizado/simulacao_lemniscata_3_scatter.png>
Package pdftex.def Info: Figuras/C4/nsintonizado/simulacao_lemniscata_3_scatter.png  used on input line 486.
(pdftex.def)             Requested size: 123.84283pt x 123.84323pt.
<Figuras/C5/nsintonizado/simulacao_aleatória_3_scatter.png, id=539, 578.16pt x 578.16pt>
File: Figuras/C5/nsintonizado/simulacao_aleatória_3_scatter.png Graphic file (type png)
<use Figuras/C5/nsintonizado/simulacao_aleatória_3_scatter.png>
Package pdftex.def Info: Figuras/C5/nsintonizado/simulacao_aleatória_3_scatter.png  used on input line 492.
(pdftex.def)             Requested size: 123.84283pt x 123.84323pt.
<Figuras/C6/nsintonizado/simulacao_oclusão_3_scatter.png, id=540, 578.16pt x 578.16pt>
File: Figuras/C6/nsintonizado/simulacao_oclusão_3_scatter.png Graphic file (type png)
<use Figuras/C6/nsintonizado/simulacao_oclusão_3_scatter.png>
Package pdftex.def Info: Figuras/C6/nsintonizado/simulacao_oclusão_3_scatter.png  used on input line 498.
(pdftex.def)             Requested size: 123.84283pt x 123.84323pt.


LaTeX Warning: Float too large for page by 17.2795pt on input line 504.

) [18 <./Figuras/C1/sintonizado/simulacao_círculo_3_scatter.png> <./Figuras/C2/sintonizado/simulacao_quadrado_3_scatter.png> <./Figuras/C3/sintonizado/simulacao_tangente_hiperbólica_3_scatter.png> <./Figuras/C4/sintonizado/simulacao_lemniscata_3_scatter.png> <./Figuras/C5/sintonizado/simulacao_aleatória_3_scatter.png> <./Figuras/C6/sintonizado/simulacao_oclusão_3_scatter.png> <./Figuras/C1/nsintonizado/simulacao_círculo_3_scatter.png> <./Figuras/C2/nsintonizado/simulacao_quadrado_3_scatter.png> <./Figuras/C3/nsintonizado/simulacao_tangente_hiperbólica_3_scatter.png> <./Figuras/C4/nsintonizado/simulacao_lemniscata_3_scatter.png> <./Figuras/C5/nsintonizado/simulacao_aleatória_3_scatter.png> <./Figuras/C6/nsintonizado/simulacao_oclusão_3_scatter.png>] (main.aux)
 ***********
LaTeX2e <2025-11-01>
L3 programming layer <2025-12-24>
 ***********
Package rerunfilecheck Info: File `main.out' has not changed.
(rerunfilecheck)             Checksum: F9CF89D8417B837358C704DD8D6A0E11;11470.
 ) 
Here is how much of TeX's memory you used:
 19439 strings out of 467871
 399813 string characters out of 5418375
 815283 words of memory out of 5000000
 47923 multiletter control sequences out of 15000+600000
 678508 words of font info for 143 fonts, out of 8000000 for 9000
 1141 hyphenation exceptions out of 8191
 75i,18n,83p,1448b,1152s stack positions out of 10000i,1000n,20000p,200000b,200000s
<C:/Users/saulo/AppData/Local/Programs/MiKTeX/fonts/type1/public/amsfonts/cm/cmbx10.pfb><C:/Users/saulo/AppData/Local/Programs/MiKTeX/fonts/type1/public/amsfonts/cm/cmbx6.pfb><C:/Users/saulo/AppData/Local/Programs/MiKTeX/fonts/type1/public/amsfonts/cm/cmbx7.pfb><C:/Users/saulo/AppData/Local/Programs/MiKTeX/fonts/type1/public/amsfonts/cm/cmbx9.pfb><C:/Users/saulo/AppData/Local/Programs/MiKTeX/fonts/type1/public/amsfonts/cm/cmex10.pfb><C:/Users/saulo/AppData/Local/Programs/MiKTeX/fonts/type1/public/amsfonts/cm/cmmi10.pfb><C:/Users/saulo/AppData/Local/Programs/MiKTeX/fonts/type1/public/amsfonts/cm/cmmi5.pfb><C:/Users/saulo/AppData/Local/Programs/MiKTeX/fonts/type1/public/amsfonts/cm/cmmi6.pfb><C:/Users/saulo/AppData/Local/Programs/MiKTeX/fonts/type1/public/amsfonts/cm/cmmi7.pfb><C:/Users/saulo/AppData/Local/Programs/MiKTeX/fonts/type1/public/amsfonts/cm/cmmi8.pfb><C:/Users/saulo/AppData/Local/Programs/MiKTeX/fonts/type1/public/amsfonts/cm/cmmi9.pfb><C:/Users/saulo/AppData/Local/Programs/MiKTeX/fonts/type1/public/amsfonts/cm/cmmib10.pfb><C:/Users/saulo/AppData/Local/Programs/MiKTeX/fonts/type1/public/amsfonts/cm/cmr10.pfb><C:/Users/saulo/AppData/Local/Programs/MiKTeX/fonts/type1/public/amsfonts/cm/cmr5.pfb><C:/Users/saulo/AppData/Local/Programs/MiKTeX/fonts/type1/public/amsfonts/cm/cmr6.pfb><C:/Users/saulo/AppData/Local/Programs/MiKTeX/fonts/type1/public/amsfonts/cm/cmr7.pfb><C:/Users/saulo/AppData/Local/Programs/MiKTeX/fonts/type1/public/amsfonts/cm/cmr9.pfb><C:/Users/saulo/AppData/Local/Programs/MiKTeX/fonts/type1/public/amsfonts/cm/cmsy10.pfb><C:/Users/saulo/AppData/Local/Programs/MiKTeX/fonts/type1/public/amsfonts/cm/cmsy5.pfb><C:/Users/saulo/AppData/Local/Programs/MiKTeX/fonts/type1/public/amsfonts/cm/cmsy6.pfb><C:/Users/saulo/AppData/Local/Programs/MiKTeX/fonts/type1/public/amsfonts/cm/cmsy7.pfb><C:/Users/saulo/AppData/Local/Programs/MiKTeX/fonts/type1/public/amsfonts/cm/cmsy9.pfb><C:/Users/saulo/AppData/Local/Programs/MiKTeX/fonts/type1/public/amsfonts/symbols/msbm10.pfb><C:/Users/saulo/AppData/Local/Programs/MiKTeX/fonts/type1/urw/times/utmb8a.pfb><C:/Users/saulo/AppData/Local/Programs/MiKTeX/fonts/type1/urw/times/utmbi8a.pfb><C:/Users/saulo/AppData/Local/Programs/MiKTeX/fonts/type1/urw/times/utmr8a.pfb><C:/Users/saulo/AppData/Local/Programs/MiKTeX/fonts/type1/urw/times/utmri8a.pfb>
Output written on main.pdf (18 pages, 11001051 bytes).
PDF statistics:
 699 PDF objects out of 1000 (max. 8388607)
 134 named destinations out of 1000 (max. 500000)
 685 words of extra memory for PDF output out of 10000 (max. 10000000)

