This is pdfTeX, Version 3.141592653-2.6-1.40.27 (MiKTeX 25.4) (preloaded format=pdflatex 2025.12.28)  16 APR 2026 16:50
entering extended mode
 restricted \write18 enabled.
 file:line:error style messages enabled.
 %&-line parsing enabled.
**"c:/Users/saulo/Desktop/Relatório 2/main.tex"
(c:/Users/saulo/Desktop/Relatório 2/main.tex
LaTeX2e <2025-11-01>
L3 programming layer <2025-12-24>
(C:\Users\saulo\AppData\Local\Programs\MiKTeX\tex/latex/ieeetran\IEEEtran.cls
Document Class: IEEEtran 2015/08/26 V1.8b by Michael Shell
-- See the "IEEEtran_HOWTO" manual for usage information.
-- http://www.michaelshell.org/tex/ieeetran/
\@IEEEtrantmpdimenA=\dimen148
\@IEEEtrantmpdimenB=\dimen149
\@IEEEtrantmpdimenC=\dimen150
\@IEEEtrantmpcountA=\count275
\@IEEEtrantmpcountB=\count276
\@IEEEtrantmpcountC=\count277
\@IEEEtrantmptoksA=\toks17
LaTeX Font Info:    Trying to load font information for OT1+ptm on input line 503.
(C:\Users\saulo\AppData\Local\Programs\MiKTeX\tex/latex/psnfss\ot1ptm.fd
File: ot1ptm.fd 2001/06/04 font definitions for OT1/ptm.
)
-- Using 8.5in x 11in (letter) paper.
-- Using PDF output.
\@IEEEnormalsizeunitybaselineskip=\dimen151
-- This is a 10 point document.
LaTeX Encoding Info:    Redeclaring text command \textunderscore (encoding ?) on input line 937.
\CLASSINFOnormalsizebaselineskip=\dimen152
\CLASSINFOnormalsizeunitybaselineskip=\dimen153
\IEEEnormaljot=\dimen154
LaTeX Font Info:    Font shape `OT1/ptm/bx/n' in size <5> not available
(Font)              Font shape `OT1/ptm/b/n' tried instead on input line 1090.
LaTeX Font Info:    Font shape `OT1/ptm/bx/it' in size <5> not available
(Font)              Font shape `OT1/ptm/b/it' tried instead on input line 1090.
LaTeX Font Info:    Font shape `OT1/ptm/bx/n' in size <7> not available
(Font)              Font shape `OT1/ptm/b/n' tried instead on input line 1090.
LaTeX Font Info:    Font shape `OT1/ptm/bx/it' in size <7> not available
(Font)              Font shape `OT1/ptm/b/it' tried instead on input line 1090.
LaTeX Font Info:    Font shape `OT1/ptm/bx/n' in size <8> not available
(Font)              Font shape `OT1/ptm/b/n' tried instead on input line 1090.
LaTeX Font Info:    Font shape `OT1/ptm/bx/it' in size <8> not available
(Font)              Font shape `OT1/ptm/b/it' tried instead on input line 1090.
LaTeX Font Info:    Font shape `OT1/ptm/bx/n' in size <9> not available
(Font)              Font shape `OT1/ptm/b/n' tried instead on input line 1090.
LaTeX Font Info:    Font shape `OT1/ptm/bx/it' in size <9> not available
(Font)              Font shape `OT1/ptm/b/it' tried instead on input line 1090.
LaTeX Font Info:    Font shape `OT1/ptm/bx/n' in size <10> not available
(Font)              Font shape `OT1/ptm/b/n' tried instead on input line 1090.
LaTeX Font Info:    Font shape `OT1/ptm/bx/it' in size <10> not available
(Font)              Font shape `OT1/ptm/b/it' tried instead on input line 1090.
LaTeX Font Info:    Font shape `OT1/ptm/bx/n' in size <11> not available
(Font)              Font shape `OT1/ptm/b/n' tried instead on input line 1090.
LaTeX Font Info:    Font shape `OT1/ptm/bx/it' in size <11> not available
(Font)              Font shape `OT1/ptm/b/it' tried instead on input line 1090.
LaTeX Font Info:    Font shape `OT1/ptm/bx/n' in size <12> not available
(Font)              Font shape `OT1/ptm/b/n' tried instead on input line 1090.
LaTeX Font Info:    Font shape `OT1/ptm/bx/it' in size <12> not available
(Font)              Font shape `OT1/ptm/b/it' tried instead on input line 1090.
LaTeX Font Info:    Font shape `OT1/ptm/bx/n' in size <17> not available
(Font)              Font shape `OT1/ptm/b/n' tried instead on input line 1090.
LaTeX Font Info:    Font shape `OT1/ptm/bx/it' in size <17> not available
(Font)              Font shape `OT1/ptm/b/it' tried instead on input line 1090.
LaTeX Font Info:    Font shape `OT1/ptm/bx/n' in size <20> not available
(Font)              Font shape `OT1/ptm/b/n' tried instead on input line 1090.
LaTeX Font Info:    Font shape `OT1/ptm/bx/it' in size <20> not available
(Font)              Font shape `OT1/ptm/b/it' tried instead on input line 1090.
LaTeX Font Info:    Font shape `OT1/ptm/bx/n' in size <24> not available
(Font)              Font shape `OT1/ptm/b/n' tried instead on input line 1090.
LaTeX Font Info:    Font shape `OT1/ptm/bx/it' in size <24> not available
(Font)              Font shape `OT1/ptm/b/it' tried instead on input line 1090.
\IEEEquantizedlength=\dimen155
\IEEEquantizedlengthdiff=\dimen156
\IEEEquantizedtextheightdiff=\dimen157
\IEEEilabelindentA=\dimen158
\IEEEilabelindentB=\dimen159
\IEEEilabelindent=\dimen160
\IEEEelabelindent=\dimen161
\IEEEdlabelindent=\dimen162
\IEEElabelindent=\dimen163
\IEEEiednormlabelsep=\dimen164
\IEEEiedmathlabelsep=\dimen165
\IEEEiedtopsep=\skip49
\c@section=\count278
\c@subsection=\count279
\c@subsubsection=\count280
\c@paragraph=\count281
\c@IEEEsubequation=\count282
\abovecaptionskip=\skip50
\belowcaptionskip=\skip51
\c@figure=\count283
\c@table=\count284
\@IEEEeqnnumcols=\count285
\@IEEEeqncolcnt=\count286
\@IEEEsubeqnnumrollback=\count287
\@IEEEquantizeheightA=\dimen166
\@IEEEquantizeheightB=\dimen167
\@IEEEquantizeheightC=\dimen168
\@IEEEquantizeprevdepth=\dimen169
\@IEEEquantizemultiple=\count288
\@IEEEquantizeboxA=\box53
\@IEEEtmpitemindent=\dimen170
\IEEEPARstartletwidth=\dimen171
\c@IEEEbiography=\count289
\@IEEEtranrubishbin=\box54
) (C:\Users\saulo\AppData\Local\Programs\MiKTeX\tex/latex/base\inputenc.sty
Package: inputenc 2024/02/08 v1.3d Input encoding file
\inpenc@prehook=\toks18
\inpenc@posthook=\toks19
) (C:\Users\saulo\AppData\Local\Programs\MiKTeX\tex/generic/babel\babel.sty
Package: babel 2025/12/11 v25.17 The multilingual framework for LuaLaTeX, pdfLaTeX and XeLaTeX
\babel@savecnt=\count290
LaTeX Encoding Info:    Redeclaring text command \ij (encoding OT1) on input line 2068.
LaTeX Encoding Info:    Redeclaring text command \IJ (encoding OT1) on input line 2070.
LaTeX Encoding Info:    Redeclaring text command \ij (encoding T1) on input line 2072.
LaTeX Encoding Info:    Redeclaring text command \IJ (encoding T1) on input line 2073.
LaTeX Encoding Info:    Ignoring declaration for text command \ij (encoding ?) on input line 2074.
LaTeX Encoding Info:    Ignoring declaration for text command \IJ (encoding ?) on input line 2076.
LaTeX Encoding Info:    Ignoring declaration for text command \SS (encoding ?) on input line 2101.
\U@D=\dimen172
\l@unhyphenated=\language79
 (C:\Users\saulo\AppData\Local\Programs\MiKTeX\tex/generic/babel\txtbabel.def)
\bbl@readstream=\read2
\bbl@dirlevel=\count291
Package babel Info: Configuration files are deprecated, as
(babel)             they can break document portability.
(babel)             Reported on input line 4196.

*************************************
* Local config file bblopts.cfg used
*
(C:\Users\saulo\AppData\Local\Programs\MiKTeX\tex/latex/arabi\bblopts.cfg
File: bblopts.cfg 2005/09/08 v0.1 add Arabic and Farsi to "declared" options of babel
) (C:\Users\saulo\AppData\Local\Programs\MiKTeX\tex/generic/babel/locale/pt\babel-portuguese.tex)
Package babel Info: Importing font and identification data for portuguese
(babel)             from babel-pt.ini. Reported on input line 4320.
 (C:\Users\saulo\AppData\Local\Programs\MiKTeX\tex/latex/babel-portuges\portuguese.ldf
Language: portuges 2021/07/09 v1.2t Portuguese support from the babel system
Package babel Info: Making " an active character on input line 143.
)) (C:\Users\saulo\AppData\Local\Programs\MiKTeX\tex/latex/amsmath\amsmath.sty
Package: amsmath 2025/07/09 v2.17z AMS math features
\@mathmargin=\skip52

For additional information on amsmath, use the `?' option.
(C:\Users\saulo\AppData\Local\Programs\MiKTeX\tex/latex/amsmath\amstext.sty
Package: amstext 2024/11/17 v2.01 AMS text
 (C:\Users\saulo\AppData\Local\Programs\MiKTeX\tex/latex/amsmath\amsgen.sty
File: amsgen.sty 1999/11/30 v2.0 generic functions
\@emptytoks=\toks20
\ex@=\dimen173
)) (C:\Users\saulo\AppData\Local\Programs\MiKTeX\tex/latex/amsmath\amsbsy.sty
Package: amsbsy 1999/11/29 v1.2d Bold Symbols
\pmbraise@=\dimen174
) (C:\Users\saulo\AppData\Local\Programs\MiKTeX\tex/latex/amsmath\amsopn.sty
Package: amsopn 2022/04/08 v2.04 operator names
)
\inf@bad=\count292
LaTeX Info: Redefining \frac on input line 233.
\uproot@=\count293
\leftroot@=\count294
LaTeX Info: Redefining \overline on input line 398.
LaTeX Info: Redefining \colon on input line 409.
\classnum@=\count295
\DOTSCASE@=\count296
LaTeX Info: Redefining \ldots on input line 495.
LaTeX Info: Redefining \dots on input line 498.
LaTeX Info: Redefining \cdots on input line 619.
\Mathstrutbox@=\box55
\strutbox@=\box56
LaTeX Info: Redefining \big on input line 721.
LaTeX Info: Redefining \Big on input line 722.
LaTeX Info: Redefining \bigg on input line 723.
LaTeX Info: Redefining \Bigg on input line 724.
\big@size=\dimen175
LaTeX Font Info:    Redeclaring font encoding OML on input line 742.
LaTeX Font Info:    Redeclaring font encoding OMS on input line 743.
\macc@depth=\count297
LaTeX Info: Redefining \bmod on input line 904.
LaTeX Info: Redefining \pmod on input line 909.
LaTeX Info: Redefining \smash on input line 939.
LaTeX Info: Redefining \relbar on input line 969.
LaTeX Info: Redefining \Relbar on input line 970.
\c@MaxMatrixCols=\count298
\dotsspace@=\muskip17
\c@parentequation=\count299
\dspbrk@lvl=\count300
\tag@help=\toks21
\row@=\count301
\column@=\count302
\maxfields@=\count303
\andhelp@=\toks22
\eqnshift@=\dimen176
\alignsep@=\dimen177
\tagshift@=\dimen178
\tagwidth@=\dimen179
\totwidth@=\dimen180
\lineht@=\dimen181
\@envbody=\toks23
\multlinegap=\skip53
\multlinetaggap=\skip54
\mathdisplay@stack=\toks24
LaTeX Info: Redefining \[ on input line 2950.
LaTeX Info: Redefining \] on input line 2951.
) (C:\Users\saulo\AppData\Local\Programs\MiKTeX\tex/latex/amsfonts\amssymb.sty
Package: amssymb 2013/01/14 v3.01 AMS font symbols
 (C:\Users\saulo\AppData\Local\Programs\MiKTeX\tex/latex/amsfonts\amsfonts.sty
Package: amsfonts 2013/01/14 v3.01 Basic AMSFonts support
\symAMSa=\mathgroup4
\symAMSb=\mathgroup5
LaTeX Font Info:    Redeclaring math symbol \hbar on input line 98.
LaTeX Font Info:    Overwriting math alphabet `\mathfrak' in version `bold'
(Font)                  U/euf/m/n --> U/euf/b/n on input line 106.
)) (C:\Users\saulo\AppData\Local\Programs\MiKTeX\tex/latex/jknappen\mathrsfs.sty
Package: mathrsfs 1996/01/01 Math RSFS package v1.0 (jk)
\symrsfs=\mathgroup6
) (C:\Users\saulo\AppData\Local\Programs\MiKTeX\tex/latex/graphics\graphicx.sty
Package: graphicx 2024/12/31 v1.2e Enhanced LaTeX Graphics (DPC,SPQR)
 (C:\Users\saulo\AppData\Local\Programs\MiKTeX\tex/latex/graphics\keyval.sty
Package: keyval 2022/05/29 v1.15 key=value parser (DPC)
\KV@toks@=\toks25
) (C:\Users\saulo\AppData\Local\Programs\MiKTeX\tex/latex/graphics\graphics.sty
Package: graphics 2024/08/06 v1.4g Standard LaTeX Graphics (DPC,SPQR)
 (C:\Users\saulo\AppData\Local\Programs\MiKTeX\tex/latex/graphics\trig.sty
Package: trig 2023/12/02 v1.11 sin cos tan (DPC)
) (C:\Users\saulo\AppData\Local\Programs\MiKTeX\tex/latex/graphics-cfg\graphics.cfg
File: graphics.cfg 2016/06/04 v1.11 sample graphics configuration
)
Package graphics Info: Driver file: pdftex.def on input line 106.
 (C:\Users\saulo\AppData\Local\Programs\MiKTeX\tex/latex/graphics-def\pdftex.def
File: pdftex.def 2025/09/29 v1.2d Graphics/color driver for pdftex
))
\Gin@req@height=\dimen182
\Gin@req@width=\dimen183
) (C:\Users\saulo\AppData\Local\Programs\MiKTeX\tex/latex/booktabs\booktabs.sty
Package: booktabs 2020/01/12 v1.61803398 Publication quality tables
\heavyrulewidth=\dimen184
\lightrulewidth=\dimen185
\cmidrulewidth=\dimen186
\belowrulesep=\dimen187
\belowbottomsep=\dimen188
\aboverulesep=\dimen189
\abovetopsep=\dimen190
\cmidrulesep=\dimen191
\cmidrulekern=\dimen192
\defaultaddspace=\dimen193
\@cmidla=\count304
\@cmidlb=\count305
\@aboverulesep=\dimen194
\@belowrulesep=\dimen195
\@thisruleclass=\count306
\@lastruleclass=\count307
\@thisrulewidth=\dimen196
) (C:\Users\saulo\AppData\Local\Programs\MiKTeX\tex/latex/float\float.sty
Package: float 2001/11/08 v1.3d Float enhancements (AL)
\c@float@type=\count308
\float@exts=\toks26
\float@box=\box57
\@float@everytoks=\toks27
\@floatcapt=\box58
) (C:\Users\saulo\AppData\Local\Programs\MiKTeX\tex/latex/cite\cite.sty
LaTeX Info: Redefining \cite on input line 302.
LaTeX Info: Redefining \nocite on input line 332.
Package: cite 2015/02/27  v 5.5
) (C:\Users\saulo\AppData\Local\Programs\MiKTeX\tex/latex/multirow\multirow.sty
Package: multirow 2024/11/12 v2.9 Span multiple rows of a table
\multirow@colwidth=\skip55
\multirow@cntb=\count309
\multirow@dima=\skip56
\bigstrutjot=\dimen197
) (C:\Users\saulo\AppData\Local\Programs\MiKTeX\tex/latex/siunitx\siunitx.sty
Package: siunitx 2025-07-09 v3.4.14 A comprehensive (SI) units package
\l__siunitx_number_uncert_offset_int=\count310
\l__siunitx_number_exponent_fixed_int=\count311
\l__siunitx_number_min_decimal_int=\count312
\l__siunitx_number_min_integer_int=\count313
\l__siunitx_number_round_precision_int=\count314
\l__siunitx_number_lower_threshold_int=\count315
\l__siunitx_number_upper_threshold_int=\count316
\l__siunitx_number_group_first_int=\count317
\l__siunitx_number_group_size_int=\count318
\l__siunitx_number_group_minimum_int=\count319
\l__siunitx_angle_tmp_dim=\dimen198
\l__siunitx_angle_marker_box=\box59
\l__siunitx_angle_unit_box=\box60
\l__siunitx_compound_count_int=\count320
 (C:\Users\saulo\AppData\Local\Programs\MiKTeX\tex/latex/translations\translations.sty
Package: translations 2022/02/05 v1.12 internationalization of LaTeX2e packages (CN)
 (C:\Users\saulo\AppData\Local\Programs\MiKTeX\tex/latex/etoolbox\etoolbox.sty
Package: etoolbox 2025/10/02 v2.5m e-TeX tools for LaTeX (JAW)
\etb@tempcnta=\count321
) (C:\Users\saulo\AppData\Local\Programs\MiKTeX\tex/generic/pdftexcmds\pdftexcmds.sty
Package: pdftexcmds 2020-06-27 v0.33 Utility functions of pdfTeX for LuaTeX (HO)
 (C:\Users\saulo\AppData\Local\Programs\MiKTeX\tex/generic/infwarerr\infwarerr.sty
Package: infwarerr 2019/12/03 v1.5 Providing info/warning/error messages (HO)
) (C:\Users\saulo\AppData\Local\Programs\MiKTeX\tex/generic/iftex\iftex.sty
Package: iftex 2024/12/12 v1.0g TeX engine tests
) (C:\Users\saulo\AppData\Local\Programs\MiKTeX\tex/generic/ltxcmds\ltxcmds.sty
Package: ltxcmds 2023-12-04 v1.26 LaTeX kernel commands for general use (HO)
)
Package pdftexcmds Info: \pdf@primitive is available.
Package pdftexcmds Info: \pdf@ifprimitive is available.
Package pdftexcmds Info: \pdfdraftmode found.
))
\l__siunitx_table_tmp_box=\box61
\l__siunitx_table_tmp_dim=\dimen199
\l__siunitx_table_column_width_dim=\dimen256
\l__siunitx_table_integer_box=\box62
\l__siunitx_table_decimal_box=\box63
\l__siunitx_table_uncert_box=\box64
\l__siunitx_table_before_box=\box65
\l__siunitx_table_after_box=\box66
\l__siunitx_table_before_dim=\dimen257
\l__siunitx_table_carry_dim=\dimen258
\l__siunitx_unit_tmp_int=\count322
\l__siunitx_unit_position_int=\count323
\l__siunitx_unit_total_int=\count324
 (C:\Users\saulo\AppData\Local\Programs\MiKTeX\tex/latex/tools\array.sty
Package: array 2025/09/25 v2.6n Tabular extension package (FMi)
\col@sep=\dimen259
\ar@mcellbox=\box67
\extrarowheight=\dimen260
\NC@list=\toks28
\extratabsurround=\skip57
\backup@length=\skip58
\ar@cellbox=\box68
)) (C:\Users\saulo\AppData\Local\Programs\MiKTeX\tex/latex/hyperref\hyperref.sty
Package: hyperref 2025-07-12 v7.01o Hypertext links for LaTeX
 (C:\Users\saulo\AppData\Local\Programs\MiKTeX\tex/latex/kvsetkeys\kvsetkeys.sty
Package: kvsetkeys 2022-10-05 v1.19 Key value parser (HO)
) (C:\Users\saulo\AppData\Local\Programs\MiKTeX\tex/generic/kvdefinekeys\kvdefinekeys.sty
Package: kvdefinekeys 2019-12-19 v1.6 Define keys (HO)
) (C:\Users\saulo\AppData\Local\Programs\MiKTeX\tex/generic/pdfescape\pdfescape.sty
Package: pdfescape 2019/12/09 v1.15 Implements pdfTeX's escape features (HO)
) (C:\Users\saulo\AppData\Local\Programs\MiKTeX\tex/latex/hycolor\hycolor.sty
Package: hycolor 2020-01-27 v1.10 Color options for hyperref/bookmark (HO)
) (C:\Users\saulo\AppData\Local\Programs\MiKTeX\tex/latex/hyperref\nameref.sty
Package: nameref 2025-06-21 v2.57 Cross-referencing by name of section
 (C:\Users\saulo\AppData\Local\Programs\MiKTeX\tex/latex/refcount\refcount.sty
Package: refcount 2019/12/15 v3.6 Data extraction from label references (HO)
) (C:\Users\saulo\AppData\Local\Programs\MiKTeX\tex/generic/gettitlestring\gettitlestring.sty
Package: gettitlestring 2019/12/15 v1.6 Cleanup title references (HO)
 (C:\Users\saulo\AppData\Local\Programs\MiKTeX\tex/latex/kvoptions\kvoptions.sty
Package: kvoptions 2022-06-15 v3.15 Key value format for package options (HO)
))
\c@section@level=\count325
) (C:\Users\saulo\AppData\Local\Programs\MiKTeX\tex/generic/stringenc\stringenc.sty
Package: stringenc 2019/11/29 v1.12 Convert strings between diff. encodings (HO)
)
\@linkdim=\dimen261
\Hy@linkcounter=\count326
\Hy@pagecounter=\count327
 (C:\Users\saulo\AppData\Local\Programs\MiKTeX\tex/latex/hyperref\pd1enc.def
File: pd1enc.def 2025-07-12 v7.01o Hyperref: PDFDocEncoding definition (HO)
Now handling font encoding PD1 ...
... no UTF-8 mapping file for font encoding PD1
) (C:\Users\saulo\AppData\Local\Programs\MiKTeX\tex/generic/intcalc\intcalc.sty
Package: intcalc 2019/12/15 v1.3 Expandable calculations with integers (HO)
)
\Hy@SavedSpaceFactor=\count328
 (C:\Users\saulo\AppData\Local\Programs\MiKTeX\tex/latex/hyperref\puenc.def
File: puenc.def 2025-07-12 v7.01o Hyperref: PDF Unicode definition (HO)
Now handling font encoding PU ...
... no UTF-8 mapping file for font encoding PU
)
Package hyperref Info: Hyper figures OFF on input line 4195.
Package hyperref Info: Link nesting OFF on input line 4200.
Package hyperref Info: Hyper index ON on input line 4203.
Package hyperref Info: Plain pages OFF on input line 4210.
Package hyperref Info: Backreferencing OFF on input line 4215.
Package hyperref Info: Implicit mode ON; LaTeX internals redefined.
Package hyperref Info: Bookmarks ON on input line 4462.
\c@Hy@tempcnt=\count329
 (C:\Users\saulo\AppData\Local\Programs\MiKTeX\tex/latex/url\url.sty
\Urlmuskip=\muskip18
Package: url 2013/09/16  ver 3.4  Verb mode for urls, etc.
)
LaTeX Info: Redefining \url on input line 4801.
\XeTeXLinkMargin=\dimen262
 (C:\Users\saulo\AppData\Local\Programs\MiKTeX\tex/generic/bitset\bitset.sty
Package: bitset 2019/12/09 v1.3 Handle bit-vector datatype (HO)
 (C:\Users\saulo\AppData\Local\Programs\MiKTeX\tex/generic/bigintcalc\bigintcalc.sty
Package: bigintcalc 2019/12/15 v1.5 Expandable calculations on big integers (HO)
))
\Fld@menulength=\count330
\Field@Width=\dimen263
\Fld@charsize=\dimen264
Package hyperref Info: Hyper figures OFF on input line 6078.
Package hyperref Info: Link nesting OFF on input line 6083.
Package hyperref Info: Hyper index ON on input line 6086.
Package hyperref Info: backreferencing OFF on input line 6093.
Package hyperref Info: Link coloring OFF on input line 6098.
Package hyperref Info: Link coloring with OCG OFF on input line 6103.
Package hyperref Info: PDF/A mode OFF on input line 6108.
\Hy@abspage=\count331
\c@Item=\count332
\c@Hfootnote=\count333
)
Package hyperref Info: Driver (autodetected): hpdftex.
 (C:\Users\saulo\AppData\Local\Programs\MiKTeX\tex/latex/hyperref\hpdftex.def
File: hpdftex.def 2025-07-12 v7.01o Hyperref driver for pdfTeX
\Fld@listcount=\count334
\c@bookmark@seq@number=\count335
 (C:\Users\saulo\AppData\Local\Programs\MiKTeX\tex/latex/rerunfilecheck\rerunfilecheck.sty
Package: rerunfilecheck 2025-06-21 v1.11 Rerun checks for auxiliary files (HO)
 (C:\Users\saulo\AppData\Local\Programs\MiKTeX\tex/generic/uniquecounter\uniquecounter.sty
Package: uniquecounter 2019/12/15 v1.4 Provide unlimited unique counter (HO)
)
Package uniquecounter Info: New unique counter `rerunfilecheck' on input line 284.
)
\Hy@SectionHShift=\skip59
) (C:\Users\saulo\AppData\Local\Programs\MiKTeX\tex/latex/algorithms\algorithm.sty
Package: algorithm 2009/08/24 v0.1 Document Style `algorithm' - floating environment
 (C:\Users\saulo\AppData\Local\Programs\MiKTeX\tex/latex/base\ifthen.sty
Package: ifthen 2024/03/16 v1.1e Standard LaTeX ifthen package (DPC)
)
\@float@every@algorithm=\toks29
\c@algorithm=\count336
) (C:\Users\saulo\AppData\Local\Programs\MiKTeX\tex/latex/algorithmicx\algpseudocode.sty
Package: algpseudocode 
 (C:\Users\saulo\AppData\Local\Programs\MiKTeX\tex/latex/algorithmicx\algorithmicx.sty
Package: algorithmicx 2005/04/27 v1.2 Algorithmicx

Document Style algorithmicx 1.2 - a greatly improved `algorithmic' style
\c@ALG@line=\count337
\c@ALG@rem=\count338
\c@ALG@nested=\count339
\ALG@tlm=\skip60
\ALG@thistlm=\skip61
\c@ALG@Lnr=\count340
\c@ALG@blocknr=\count341
\c@ALG@storecount=\count342
\c@ALG@tmpcounter=\count343
\ALG@tmplength=\skip62
)
Document Style - pseudocode environments for use with the `algorithmicx' style
) (C:\Users\saulo\AppData\Local\Programs\MiKTeX\tex/latex/xcolor\xcolor.sty
Package: xcolor 2024/09/29 v3.02 LaTeX color extensions (UK)
 (C:\Users\saulo\AppData\Local\Programs\MiKTeX\tex/latex/graphics-cfg\color.cfg
File: color.cfg 2016/01/02 v1.6 sample color configuration
)
Package xcolor Info: Driver file: pdftex.def on input line 274.
 (C:\Users\saulo\AppData\Local\Programs\MiKTeX\tex/latex/graphics\mathcolor.ltx)
Package xcolor Info: Model `cmy' substituted by `cmy0' on input line 1349.
Package xcolor Info: Model `hsb' substituted by `rgb' on input line 1353.
Package xcolor Info: Model `RGB' extended on input line 1365.
Package xcolor Info: Model `HTML' substituted by `rgb' on input line 1367.
Package xcolor Info: Model `Hsb' substituted by `hsb' on input line 1368.
Package xcolor Info: Model `tHsb' substituted by `hsb' on input line 1369.
Package xcolor Info: Model `HSB' substituted by `hsb' on input line 1370.
Package xcolor Info: Model `Gray' substituted by `gray' on input line 1371.
Package xcolor Info: Model `wave' substituted by `hsb' on input line 1372.
) (C:\Users\saulo\AppData\Local\Programs\MiKTeX\tex/latex/l3backend\l3backend-pdftex.def
File: l3backend-pdftex.def 2025-10-09 L3 backend support: PDF output (pdfTeX)
\l__color_backend_stack_int=\count344
) (main.aux
Package babel Info: 'portuguese' activates 'portuges' shorthands.
(babel)             Reported on input line 8.
)
\openout1 = `main.aux'.

LaTeX Font Info:    Checking defaults for OML/cmm/m/it on input line 25.
LaTeX Font Info:    ... okay on input line 25.
LaTeX Font Info:    Checking defaults for OMS/cmsy/m/n on input line 25.
LaTeX Font Info:    ... okay on input line 25.
LaTeX Font Info:    Checking defaults for OT1/cmr/m/n on input line 25.
LaTeX Font Info:    ... okay on input line 25.
LaTeX Font Info:    Checking defaults for T1/cmr/m/n on input line 25.
LaTeX Font Info:    ... okay on input line 25.
LaTeX Font Info:    Checking defaults for TS1/cmr/m/n on input line 25.
LaTeX Font Info:    ... okay on input line 25.
LaTeX Font Info:    Checking defaults for OMX/cmex/m/n on input line 25.
LaTeX Font Info:    ... okay on input line 25.
LaTeX Font Info:    Checking defaults for U/cmr/m/n on input line 25.
LaTeX Font Info:    ... okay on input line 25.
LaTeX Font Info:    Checking defaults for PD1/pdf/m/n on input line 25.
LaTeX Font Info:    ... okay on input line 25.
LaTeX Font Info:    Checking defaults for PU/pdf/m/n on input line 25.
LaTeX Font Info:    ... okay on input line 25.

-- Lines per column: 58 (exact).
(C:\Users\saulo\AppData\Local\Programs\MiKTeX\tex/context/base/mkii\supp-pdf.mkii
[Loading MPS to PDF converter (version 2006.09.02).]
\scratchcounter=\count345
\scratchdimen=\dimen265
\scratchbox=\box69
\nofMPsegments=\count346
\nofMParguments=\count347
\everyMPshowfont=\toks30
\MPscratchCnt=\count348
\MPscratchDim=\dimen266
\MPnumerator=\count349
\makeMPintoPDFobject=\count350
\everyMPtoPDFconversion=\toks31
) (C:\Users\saulo\AppData\Local\Programs\MiKTeX\tex/latex/epstopdf-pkg\epstopdf-base.sty
Package: epstopdf-base 2020-01-24 v2.11 Base part for package epstopdf
Package epstopdf-base Info: Redefining graphics rule for `.eps' on input line 485.
 (C:\Users\saulo\AppData\Local\Programs\MiKTeX\tex/latex/00miktex\epstopdf-sys.cfg
File: epstopdf-sys.cfg 2021/03/18 v2.0 Configuration of epstopdf for MiKTeX
))
Package translations Info: no dictionary file `translations-basic-dictionary-portuges.trsl' found. on input line 25.
Package hyperref Info: Link coloring OFF on input line 25.
 (main.out) (main.out)
\@outlinefile=\write3
\openout3 = `main.out'.

LaTeX Font Info:    Trying to load font information for U+msa on input line 46.
 (C:\Users\saulo\AppData\Local\Programs\MiKTeX\tex/latex/amsfonts\umsa.fd
File: umsa.fd 2013/01/14 v3.01 AMS symbols A
)
LaTeX Font Info:    Trying to load font information for U+msb on input line 46.
 (C:\Users\saulo\AppData\Local\Programs\MiKTeX\tex/latex/amsfonts\umsb.fd
File: umsb.fd 2013/01/14 v3.01 AMS symbols B
)
LaTeX Font Info:    Trying to load font information for U+rsfs on input line 46.
 (C:\Users\saulo\AppData\Local\Programs\MiKTeX\tex/latex/jknappen\ursfs.fd
File: ursfs.fd 1998/03/24 rsfs font definition file (jk)
)
Underfull \hbox (badness 5954) in paragraph at lines 49--51
[]\OT1/ptm/b/it/9 Index Terms\OT1/ptm/b/n/9 ---Filtro de Kal-man, Sin-to-nia Adap-ta-tiva,
 []


Underfull \hbox (badness 3417) in paragraph at lines 67--68
[]\OT1/ptm/m/n/10 Para con-tor-nar essa limita[][]ao, este ar-tigo prop[]oe a
 []

[1{C:/Users/saulo/AppData/Local/MiKTeX/fonts/map/pdftex/pdftex.map}{C:/Users/saulo/AppData/Local/Programs/MiKTeX/fonts/enc/dvips/base/8r.enc}


]

Package hyperref Warning: Token not allowed in a PDF string (Unicode):
(hyperref)                removing `math shift' on input line 128.


Package hyperref Warning: Token not allowed in a PDF string (Unicode):
(hyperref)                removing `math shift' on input line 128.


Package hyperref Warning: Token not allowed in a PDF string (Unicode):
(hyperref)                removing `math shift' on input line 128.


Package hyperref Warning: Token not allowed in a PDF string (Unicode):
(hyperref)                removing `math shift' on input line 128.

[2] [3]
Underfull \hbox (badness 2547) in paragraph at lines 273--274
[]\OT1/ptm/m/n/10 Analogamente, os ele-men-tos re-la-ci-o-na-dos aos []^^Pndices
 []


Overfull \hbox (7.08215pt too wide) detected at line 335
[][][][] \OT1/cmr/m/n/10 = \OT1/cmr/bx/n/10 F [] F[] \OMS/cmsy/m/n/10 ^^@ \OT1/cmr/bx/n/10 F [] H[] [][] H [] F[] \OT1/cmr/m/n/10 + \OT1/cmr/bx/n/10 ^^@ Q[] ^^@[]
 []

[4]

Package hyperref Warning: Difference (2) between bookmark levels is greater 
(hyperref)                than one, level fixed on input line 372.


Underfull \hbox (badness 2150) in paragraph at lines 372--373
 \OT1/ptm/m/it/10 1) Iden-ti-fi-ca-bi-li-dade do Sis-tema: [][][] \OT1/ptm/m/n/10 [[]3[]] prop[]oe que a
 []


Package amsmath Warning: Cannot use `split' here;
(amsmath)                trying to recover with `aligned' on input line 445.


Package hyperref Warning: Token not allowed in a PDF string (Unicode):
(hyperref)                removing `math shift' on input line 463.


Package hyperref Warning: Token not allowed in a PDF string (Unicode):
(hyperref)                removing `math shift' on input line 463.

[5]
Underfull \hbox (badness 2799) in paragraph at lines 473--474
[]$\OML/cmm/m/it/10 M$ []\OT1/ptm/m/n/10 e o n[]umero m[]aximo de atra-sos con-si-de-ra-dos,
 []


Underfull \hbox (badness 3302) in paragraph at lines 547--548
[]\OT1/ptm/m/n/10 Apesar de ma-te-ma-ti-ca-mente ro-busta, a com-ple-xi-dade
 []


Package hyperref Warning: Token not allowed in a PDF string (Unicode):
(hyperref)                removing `math shift' on input line 558.


Package hyperref Warning: Token not allowed in a PDF string (Unicode):
(hyperref)                removing `math shift' on input line 558.

[6]

Package hyperref Warning: Token not allowed in a PDF string (Unicode):
(hyperref)                removing `math shift' on input line 608.


Package hyperref Warning: Token not allowed in a PDF string (Unicode):
(hyperref)                removing `\leavevmode@ifvmode' on input line 608.


Package hyperref Warning: Token not allowed in a PDF string (Unicode):
(hyperref)                \kern 1.66702pt
(hyperref)                removed on input line 608.


Package hyperref Warning: Token not allowed in a PDF string (Unicode):
(hyperref)                removing `\leavevmode@ifvmode' on input line 608.


Package hyperref Warning: Token not allowed in a PDF string (Unicode):
(hyperref)                \kern 1.66702pt
(hyperref)                removed on input line 608.


Package hyperref Warning: Token not allowed in a PDF string (Unicode):
(hyperref)                removing `\leavevmode@ifvmode' on input line 608.


Package hyperref Warning: Token not allowed in a PDF string (Unicode):
(hyperref)                \kern 1.66702pt
(hyperref)                removed on input line 608.


Package hyperref Warning: Token not allowed in a PDF string (Unicode):
(hyperref)                removing `\leavevmode@ifvmode' on input line 608.


Package hyperref Warning: Token not allowed in a PDF string (Unicode):
(hyperref)                \kern 1.66702pt
(hyperref)                removed on input line 608.


Package hyperref Warning: Token not allowed in a PDF string (Unicode):
(hyperref)                removing `\leavevmode@ifvmode' on input line 608.


Package hyperref Warning: Token not allowed in a PDF string (Unicode):
(hyperref)                \kern 1.66702pt
(hyperref)                removed on input line 608.


Package hyperref Warning: Token not allowed in a PDF string (Unicode):
(hyperref)                removing `\leavevmode@ifvmode' on input line 608.


Package hyperref Warning: Token not allowed in a PDF string (Unicode):
(hyperref)                \kern 1.66702pt
(hyperref)                removed on input line 608.


Package hyperref Warning: Token not allowed in a PDF string (Unicode):
(hyperref)                removing `\bool_gset_true:N' on input line 608.


Package hyperref Warning: Token not allowed in a PDF string (Unicode):
(hyperref)                removing `\g__siunitx_emulation_unit_warning_\bar_bool' on input line 608.


Package hyperref Warning: Token not allowed in a PDF string (Unicode):
(hyperref)                removing `\msg_warning:nnnn' on input line 608.


Package hyperref Warning: Token not allowed in a PDF string (Unicode):
(hyperref)                removing `math shift' on input line 608.

[7]
Underfull \hbox (badness 2418) in paragraph at lines 706--707
[]\OT1/ptm/b/n/10 Quadrada: \OT1/ptm/m/n/10 des-lo-ca-men-tos re-til[]^^Pneos com mudan[]as
 []

LaTeX Font Info:    Trying to load font information for TS1+ptm on input line 716.
(C:\Users\saulo\AppData\Local\Programs\MiKTeX\tex/latex/psnfss\ts1ptm.fd
File: ts1ptm.fd 2001/06/04 font definitions for TS1/ptm.
)
Package hyperref Info: bookmark level for unknown algorithm defaults to 0 on input line 719.

Underfull \vbox (badness 2150) has occurred while \output is active []

 [8]
<Figuras/implementacao/trajetoria_quadrado.png, id=428, 610.1997pt x 615.4995pt>
File: Figuras/implementacao/trajetoria_quadrado.png Graphic file (type png)
<use Figuras/implementacao/trajetoria_quadrado.png>
Package pdftex.def Info: Figuras/implementacao/trajetoria_quadrado.png  used on input line 966.
(pdftex.def)             Requested size: 159.95874pt x 161.35033pt.
<Figuras/implementacao/trajetoria_circular.png, id=430, 610.1997pt x 615.4995pt>
File: Figuras/implementacao/trajetoria_circular.png Graphic file (type png)
<use Figuras/implementacao/trajetoria_circular.png>
Package pdftex.def Info: Figuras/implementacao/trajetoria_circular.png  used on input line 974.
(pdftex.def)             Requested size: 159.95874pt x 161.35033pt.
<Figuras/implementacao/trajetoria_curva_s.png, id=431, 610.1997pt x 615.4995pt>
File: Figuras/implementacao/trajetoria_curva_s.png Graphic file (type png)
<use Figuras/implementacao/trajetoria_curva_s.png>
Package pdftex.def Info: Figuras/implementacao/trajetoria_curva_s.png  used on input line 982.
(pdftex.def)             Requested size: 159.95874pt x 161.35033pt.
 [9]
<Figuras/resultados/Caso_Neethling/convergencia_J_Caso_Neethling.png, id=461, 623.4492pt x 404.2302pt>
File: Figuras/resultados/Caso_Neethling/convergencia_J_Caso_Neethling.png Graphic file (type png)
<use Figuras/resultados/Caso_Neethling/convergencia_J_Caso_Neethling.png>
Package pdftex.def Info: Figuras/resultados/Caso_Neethling/convergencia_J_Caso_Neethling.png  used on input line 1065.
(pdftex.def)             Requested size: 214.20154pt x 138.87976pt.
<Figuras/resultados/Caso_Neethling/nis_Caso_Neethling.png, id=462, 855.9177pt x 353.1594pt>
File: Figuras/resultados/Caso_Neethling/nis_Caso_Neethling.png Graphic file (type png)
<use Figuras/resultados/Caso_Neethling/nis_Caso_Neethling.png>
Package pdftex.def Info: Figuras/resultados/Caso_Neethling/nis_Caso_Neethling.png  used on input line 1075.
(pdftex.def)             Requested size: 252.0pt x 103.97633pt.

Underfull \vbox (badness 10000) has occurred while \output is active []

 [10 <./Figuras/resultados/Caso_Neethling/convergencia_J_Caso_Neethling.png>]
<Figuras/resultados/Caso_Odelson/convergencia_J_Caso_Odelson.png, id=482, 628.9899pt x 404.2302pt>
File: Figuras/resultados/Caso_Odelson/convergencia_J_Caso_Odelson.png Graphic file (type png)
<use Figuras/resultados/Caso_Odelson/convergencia_J_Caso_Odelson.png>
Package pdftex.def Info: Figuras/resultados/Caso_Odelson/convergencia_J_Caso_Odelson.png  used on input line 1125.
(pdftex.def)             Requested size: 214.20154pt x 137.6585pt.

Underfull \vbox (badness 8189) has occurred while \output is active []

 [11 <./Figuras/implementacao/trajetoria_quadrado.png> <./Figuras/implementacao/trajetoria_circular.png> <./Figuras/implementacao/trajetoria_curva_s.png> <./Figuras/resultados/Caso_Neethling/nis_Caso_Neethling.png>]
<Figuras/resultados/Caso_Odelson/nis_Caso_Odelson.png, id=494, 856.3995pt x 353.1594pt>
File: Figuras/resultados/Caso_Odelson/nis_Caso_Odelson.png Graphic file (type png)
<use Figuras/resultados/Caso_Odelson/nis_Caso_Odelson.png>
Package pdftex.def Info: Figuras/resultados/Caso_Odelson/nis_Caso_Odelson.png  used on input line 1135.
(pdftex.def)             Requested size: 252.0pt x 103.91705pt.
<Figuras/resultados/Caso_Mehra/convergencia_J_Caso_Mehra.png, id=501, 623.4492pt x 404.2302pt>
File: Figuras/resultados/Caso_Mehra/convergencia_J_Caso_Mehra.png Graphic file (type png)
<use Figuras/resultados/Caso_Mehra/convergencia_J_Caso_Mehra.png>
Package pdftex.def Info: Figuras/resultados/Caso_Mehra/convergencia_J_Caso_Mehra.png  used on input line 1185.
(pdftex.def)             Requested size: 214.20154pt x 138.87976pt.
<Figuras/resultados/Caso_Mehra/nis_Caso_Mehra.png, id=502, 856.3995pt x 353.1594pt>
File: Figuras/resultados/Caso_Mehra/nis_Caso_Mehra.png Graphic file (type png)
<use Figuras/resultados/Caso_Mehra/nis_Caso_Mehra.png>
Package pdftex.def Info: Figuras/resultados/Caso_Mehra/nis_Caso_Mehra.png  used on input line 1195.
(pdftex.def)             Requested size: 252.0pt x 103.91705pt.
<Figuras/resultados/trajetoria_pva_quadrada/trajetoria_pva_quadrada.png, id=507, 613.5723pt x 514.8033pt>
File: Figuras/resultados/trajetoria_pva_quadrada/trajetoria_pva_quadrada.png Graphic file (type png)
<use Figuras/resultados/trajetoria_pva_quadrada/trajetoria_pva_quadrada.png>
Package pdftex.def Info: Figuras/resultados/trajetoria_pva_quadrada/trajetoria_pva_quadrada.png  used on input line 1215.
(pdftex.def)             Requested size: 214.20154pt x 179.7204pt.
 [12 <./Figuras/resultados/Caso_Odelson/convergencia_J_Caso_Odelson.png> <./Figuras/resultados/Caso_Odelson/nis_Caso_Odelson.png> <./Figuras/resultados/Caso_Mehra/convergencia_J_Caso_Mehra.png> <./Figuras/resultados/Caso_Mehra/nis_Caso_Mehra.png>]
<Figuras/resultados/trajetoria_pva_quadrada/erros_estados_pva_quadrada.png, id=522, 1004.7939pt x 1067.187pt>
File: Figuras/resultados/trajetoria_pva_quadrada/erros_estados_pva_quadrada.png Graphic file (type png)
<use Figuras/resultados/trajetoria_pva_quadrada/erros_estados_pva_quadrada.png>
Package pdftex.def Info: Figuras/resultados/trajetoria_pva_quadrada/erros_estados_pva_quadrada.png  used on input line 1226.
(pdftex.def)             Requested size: 214.20154pt x 227.50294pt.
<Figuras/resultados/trajetoria_pva_circular/trajetoria_pva_circular.png, id=527, 613.5723pt x 514.8033pt>
File: Figuras/resultados/trajetoria_pva_circular/trajetoria_pva_circular.png Graphic file (type png)
<use Figuras/resultados/trajetoria_pva_circular/trajetoria_pva_circular.png>
Package pdftex.def Info: Figuras/resultados/trajetoria_pva_circular/trajetoria_pva_circular.png  used on input line 1246.
(pdftex.def)             Requested size: 214.20154pt x 179.7204pt.
<Figuras/resultados/trajetoria_pva_circular/erros_estados_pva_circular.png, id=528, 1004.7939pt x 1067.187pt>
File: Figuras/resultados/trajetoria_pva_circular/erros_estados_pva_circular.png Graphic file (type png)
<use Figuras/resultados/trajetoria_pva_circular/erros_estados_pva_circular.png>
Package pdftex.def Info: Figuras/resultados/trajetoria_pva_circular/erros_estados_pva_circular.png  used on input line 1256.
(pdftex.def)             Requested size: 214.20154pt x 227.50294pt.


LaTeX Warning: Reference `fig:EksCurvaS_Traj' on page 13 undefined on input line 1265.

[13 <./Figuras/resultados/trajetoria_pva_quadrada/trajetoria_pva_quadrada.png> <./Figuras/resultados/trajetoria_pva_quadrada/erros_estados_pva_quadrada.png> <./Figuras/resultados/trajetoria_pva_circular/trajetoria_pva_circular.png> <./Figuras/resultados/trajetoria_pva_circular/erros_estados_pva_circular.png>]
<Figuras/resultados/trajetoria_pva_curva_s/trajetoria_curva_s.png, id=543, 613.8132pt x 626.0991pt>
File: Figuras/resultados/trajetoria_pva_curva_s/trajetoria_curva_s.png Graphic file (type png)
<use Figuras/resultados/trajetoria_pva_curva_s/trajetoria_curva_s.png>
Package pdftex.def Info: Figuras/resultados/trajetoria_pva_curva_s/trajetoria_curva_s.png  used on input line 1273.
(pdftex.def)             Requested size: 214.20154pt x 218.48833pt.
<Figuras/resultados/trajetoria_pva_curva_s/erros_estados_pva_curva_s.png, id=544, 1004.3121pt x 1067.187pt>
File: Figuras/resultados/trajetoria_pva_curva_s/erros_estados_pva_curva_s.png Graphic file (type png)
<use Figuras/resultados/trajetoria_pva_curva_s/erros_estados_pva_curva_s.png>
Package pdftex.def Info: Figuras/resultados/trajetoria_pva_curva_s/erros_estados_pva_curva_s.png  used on input line 1283.
(pdftex.def)             Requested size: 214.20154pt x 227.60065pt.

Underfull \hbox (badness 4779) in paragraph at lines 1319--1320
[]\OT1/ptm/m/n/10 Analisando os re-sul-ta-dos uti-li-zando o al-gor[]^^Ptmo de
 []


Overfull \hbox (3.19466pt too wide) in paragraph at lines 1329--1337
 [][] 
 []

[14 <./Figuras/resultados/trajetoria_pva_curva_s/trajetoria_curva_s.png> <./Figuras/resultados/trajetoria_pva_curva_s/erros_estados_pva_curva_s.png>]
Underfull \hbox (badness 2088) in paragraph at lines 1357--1358
[]\OT1/ptm/m/n/10 Portanto, a abor-da-gem de lineariza[][]ao por ponto de
 []

<Figuras/Basicos/autor.png, id=556, 269.50688pt x 365.86688pt>
File: Figuras/Basicos/autor.png Graphic file (type png)
<use Figuras/Basicos/autor.png>
Package pdftex.def Info: Figuras/Basicos/autor.png  used on input line 1406.
(pdftex.def)             Requested size: 66.54585pt x 90.33879pt.
File: Figuras/Basicos/autor.png Graphic file (type png)
<use Figuras/Basicos/autor.png>
Package pdftex.def Info: Figuras/Basicos/autor.png  used on input line 1406.
(pdftex.def)             Requested size: 66.54585pt x 90.33879pt.
[15 <./Figuras/Basicos/autor.png>]
Underfull \hbox (badness 10000) in paragraph at lines 1429--1430
[]\OT1/ptm/m/n/10 Utilizando a abor-da-gem des-crita em [[]8[]], para a
 []


Underfull \hbox (badness 7012) in paragraph at lines 1429--1430
\OT1/ptm/m/n/10 implementa[][]ao em sis-te-mas di-gi-tais com per[]^^Podo de
 []


Underfull \hbox (badness 1552) in paragraph at lines 1443--1444
[]\OT1/ptm/m/n/10 Computacionalmente, uma abor-da-gem efi-ci-ente para o
 []

[16] [17] (main.aux)
 ***********
LaTeX2e <2025-11-01>
L3 programming layer <2025-12-24>
 ***********


LaTeX Warning: There were undefined references.

Package rerunfilecheck Info: File `main.out' has not changed.
(rerunfilecheck)             Checksum: 1B3728278E54AFE5BF2A20E6B4E24BDB;11712.
 ) 
Here is how much of TeX's memory you used:
 17280 strings out of 467871
 331348 string characters out of 5418375
 770122 words of memory out of 5000000
 45737 multiletter control sequences out of 15000+600000
 680846 words of font info for 147 fonts, out of 8000000 for 9000
 1141 hyphenation exceptions out of 8191
 75i,19n,80p,1759b,1148s stack positions out of 10000i,1000n,20000p,200000b,200000s
<C:/Users/saulo/AppData/Local/Programs/MiKTeX/fonts/type1/public/amsfonts/cm/cmbx10.pfb><C:/Users/saulo/AppData/Local/Programs/MiKTeX/fonts/type1/public/amsfonts/cm/cmbx7.pfb><C:/Users/saulo/AppData/Local/Programs/MiKTeX/fonts/type1/public/amsfonts/cm/cmbx8.pfb><C:/Users/saulo/AppData/Local/Programs/MiKTeX/fonts/type1/public/amsfonts/cm/cmbx9.pfb><C:/Users/saulo/AppData/Local/Programs/MiKTeX/fonts/type1/public/amsfonts/cm/cmex10.pfb><C:/Users/saulo/AppData/Local/Programs/MiKTeX/fonts/type1/public/amsfonts/cmextra/cmex8.pfb><C:/Users/saulo/AppData/Local/Programs/MiKTeX/fonts/type1/public/amsfonts/cm/cmmi10.pfb><C:/Users/saulo/AppData/Local/Programs/MiKTeX/fonts/type1/public/amsfonts/cm/cmmi5.pfb><C:/Users/saulo/AppData/Local/Programs/MiKTeX/fonts/type1/public/amsfonts/cm/cmmi6.pfb><C:/Users/saulo/AppData/Local/Programs/MiKTeX/fonts/type1/public/amsfonts/cm/cmmi7.pfb><C:/Users/saulo/AppData/Local/Programs/MiKTeX/fonts/type1/public/amsfonts/cm/cmmi8.pfb><C:/Users/saulo/AppData/Local/Programs/MiKTeX/fonts/type1/public/amsfonts/cm/cmmib10.pfb><C:/Users/saulo/AppData/Local/Programs/MiKTeX/fonts/type1/public/amsfonts/cm/cmr10.pfb><C:/Users/saulo/AppData/Local/Programs/MiKTeX/fonts/type1/public/amsfonts/cm/cmr5.pfb><C:/Users/saulo/AppData/Local/Programs/MiKTeX/fonts/type1/public/amsfonts/cm/cmr6.pfb><C:/Users/saulo/AppData/Local/Programs/MiKTeX/fonts/type1/public/amsfonts/cm/cmr7.pfb><C:/Users/saulo/AppData/Local/Programs/MiKTeX/fonts/type1/public/amsfonts/cm/cmr8.pfb><C:/Users/saulo/AppData/Local/Programs/MiKTeX/fonts/type1/public/amsfonts/cm/cmsy10.pfb><C:/Users/saulo/AppData/Local/Programs/MiKTeX/fonts/type1/public/amsfonts/cm/cmsy5.pfb><C:/Users/saulo/AppData/Local/Programs/MiKTeX/fonts/type1/public/amsfonts/cm/cmsy6.pfb><C:/Users/saulo/AppData/Local/Programs/MiKTeX/fonts/type1/public/amsfonts/cm/cmsy7.pfb><C:/Users/saulo/AppData/Local/Programs/MiKTeX/fonts/type1/public/amsfonts/cm/cmsy8.pfb><C:/Users/saulo/AppData/Local/Programs/MiKTeX/fonts/type1/public/amsfonts/symbols/msbm10.pfb><C:/Users/saulo/AppData/Local/Programs/MiKTeX/fonts/type1/urw/times/utmb8a.pfb><C:/Users/saulo/AppData/Local/Programs/MiKTeX/fonts/type1/urw/times/utmbi8a.pfb><C:/Users/saulo/AppData/Local/Programs/MiKTeX/fonts/type1/urw/times/utmr8a.pfb><C:/Users/saulo/AppData/Local/Programs/MiKTeX/fonts/type1/urw/times/utmri8a.pfb>
Output written on main.pdf (17 pages, 8824350 bytes).
PDF statistics:
 762 PDF objects out of 1000 (max. 8388607)
 201 named destinations out of 1000 (max. 500000)
 485 words of extra memory for PDF output out of 10000 (max. 10000000)

