\BOOKMARK [1][-]{section.1}{\376\377\000I\000n\000t\000r\000o\000d\000u\000\347\000\343\000o}{}% 1
\BOOKMARK [2][-]{subsection.1.1}{\376\377\000N\000o\000t\000a\000\347\000\343\000o\000\040\000e\000\040\000C\000o\000n\000v\000e\000n\000\347\000\365\000e\000s}{section.1}% 2
\BOOKMARK [1][-]{section.2}{\376\377\000R\000e\000v\000i\000s\000\343\000o\000\040\000T\000e\000\363\000r\000i\000c\000a\000\040\000e\000\040\000T\000r\000a\000b\000a\000l\000h\000o\000s\000\040\000R\000e\000l\000a\000c\000i\000o\000n\000a\000d\000o\000s}{}% 3
\BOOKMARK [2][-]{subsection.2.1}{\376\377\000O\000\040\000F\000i\000l\000t\000r\000o\000\040\000d\000e\000\040\000K\000a\000l\000m\000a\000n\000\040\000e\000\040\000o\000\040\000F\000i\000l\000t\000r\000o\000\040\000d\000e\000\040\000K\000a\000l\000m\000a\000n\000\040\000E\000s\000t\000e\000n\000d\000i\000d\000o\000\040\000\050\000E\000K\000F\000\051}{section.2}% 4
\BOOKMARK [2][-]{subsection.2.2}{\376\377\000D\000e\000s\000a\000f\000i\000o\000s\000\040\000n\000a\000\040\000S\000i\000n\000t\000o\000n\000i\000a\000\040\000d\000e\000\040\000Q\000\040\000e\000\040\000R}{section.2}% 5
\BOOKMARK [1][-]{section.3}{\376\377\000F\000o\000r\000m\000u\000l\000a\000\347\000\343\000o\000\040\000d\000o\000\040\000P\000r\000o\000b\000l\000e\000m\000a\000\040\000d\000e\000\040\000L\000o\000c\000a\000l\000i\000z\000a\000\347\000\343\000o\000\040\000R\000o\000b\000\363\000t\000i\000c\000a}{}% 6
\BOOKMARK [2][-]{subsection.3.1}{\376\377\000D\000e\000s\000c\000r\000i\000\347\000\343\000o\000\040\000d\000o\000\040\000S\000i\000s\000t\000e\000m\000a\000\040\000d\000e\000\040\000P\000o\000s\000i\000c\000i\000o\000n\000a\000m\000e\000n\000t\000o}{section.3}% 7
\BOOKMARK [2][-]{subsection.3.2}{\376\377\000M\000o\000d\000e\000l\000o\000\040\000d\000e\000\040\000O\000b\000s\000e\000r\000v\000a\000\347\000\343\000o}{section.3}% 8
\BOOKMARK [2][-]{subsection.3.3}{\376\377\000M\000o\000d\000e\000l\000o\000\040\000C\000i\000n\000e\000m\000\341\000t\000i\000c\000o\000\040\000d\000o\000\040\000R\000o\000b\000\364}{section.3}% 9
\BOOKMARK [3][-]{subsubsection.3.3.1}{\376\377\000F\000o\000r\000m\000u\000l\000a\000\347\000\365\000e\000s\000\040\000e\000m\000\040\000T\000e\000m\000p\000o\000\040\000C\000o\000n\000t\000\355\000n\000u\000o\000\040\000e\000\040\000D\000i\000s\000c\000r\000e\000t\000i\000z\000a\000\347\000\343\000o}{subsection.3.3}% 10
\BOOKMARK [2][-]{subsection.3.4}{\376\377\000L\000i\000n\000e\000a\000r\000i\000z\000a\000\347\000\343\000o\000\040\000p\000a\000r\000a\000\040\000o\000\040\000F\000i\000l\000t\000r\000o\000\040\000d\000e\000\040\000K\000a\000l\000m\000a\000n\000\040\000E\000s\000t\000e\000n\000d\000i\000d\000o\000\040\000\050\000E\000K\000F\000\051}{section.3}% 11
\BOOKMARK [1][-]{section.4}{\376\377\000O\000\040\000A\000l\000g\000o\000r\000i\000t\000m\000o\000\040\000d\000e\000\040\000I\000d\000e\000n\000t\000i\000f\000i\000c\000a\000\347\000\343\000o\000\040\000d\000e\000\040\000C\000o\000v\000a\000r\000i\000\342\000n\000c\000i\000a\000s}{}% 12
\BOOKMARK [2][-]{subsubsection.4.0.1}{\376\377\000I\000d\000e\000n\000t\000i\000f\000i\000c\000a\000b\000i\000l\000i\000d\000a\000d\000e\000\040\000d\000o\000\040\000S\000i\000s\000t\000e\000m\000a}{section.4}% 13
\BOOKMARK [2][-]{subsection.4.1}{\376\377\000D\000e\000s\000c\000r\000i\000\347\000\343\000o\000\040\000d\000o\000\040\000a\000l\000g\000o\000r\000\355\000t\000m\000o}{section.4}% 14
\BOOKMARK [3][-]{subsubsection.4.1.1}{\376\377\000I\000n\000i\000c\000i\000a\000l\000i\000z\000a\000\347\000\343\000o\000\040\000d\000o\000\040\000a\000l\000g\000o\000r\000\355\000t\000m\000o}{subsection.4.1}% 15
\BOOKMARK [3][-]{subsubsection.4.1.2}{\376\377\000P\000a\000s\000s\000o\000\040\0001\000:\000\040\000S\000e\000q\000u\000\352\000n\000c\000i\000a\000\040\000d\000e\000\040\000a\000j\000u\000s\000t\000e\000\040\000e\000\040\000p\000\363\000s\000-\000a\000j\000u\000s\000t\000e}{subsection.4.1}% 16
\BOOKMARK [3][-]{subsubsection.4.1.3}{\376\377\000P\000a\000s\000s\000o\000\040\0002\000:\000\040\000C\000\341\000l\000c\000u\000l\000o\000\040\000d\000a\000s\000\040\000a\000u\000t\000o\000c\000o\000v\000a\000r\000i\000\342\000n\000c\000i\000a\000s\000\040\000d\000e\000\040\000i\000n\000o\000v\000a\000\347\000\343\000o\000\040\000e\000\040\000p\000\363\000s\000-\000a\000j\000u\000s\000t\000e}{subsection.4.1}% 17
\BOOKMARK [3][-]{subsubsection.4.1.4}{\376\377\000P\000a\000s\000s\000o\000\040\0003\000:\000\040\000E\000s\000t\000i\000m\000a\000\347\000\343\000o\000\040\000d\000o\000\040\000G\000a\000n\000h\000o\000\040\000W}{subsection.4.1}% 18
\BOOKMARK [3][-]{subsubsection.4.1.5}{\376\377\000P\000a\000s\000s\000o\000\040\0004\000:\000\040\000E\000s\000t\000i\000m\000a\000\347\000\343\000o\000\040\000d\000e\000\040\000R}{subsection.4.1}% 19
\BOOKMARK [3][-]{subsubsection.4.1.6}{\376\377\000P\000a\000s\000s\000o\000\040\0005\000:\000\040\000E\000s\000t\000i\000m\000a\000\347\000\343\000o\000\040\000d\000e\000\040\000Q\000,\000R\000e\000\040\000s\000i\000u\000n\000i\000t\000x\000u\000n\000i\000t\000-\000d\000e\000p\000r\000e\000c\000a\000t\000e\000d\bar\000b\000a\000r\000b\000a\000r\000P}{subsection.4.1}% 20
\BOOKMARK [3][-]{subsubsection.4.1.7}{\376\377\000P\000a\000s\000s\000o\000\040\0006\000:\000\040\000I\000t\000e\000r\000a\000\347\000\365\000e\000s\000\040\000e\000\040\000c\000o\000n\000d\000i\000\347\000\365\000e\000s\000\040\000d\000e\000\040\000p\000a\000r\000a\000d\000a}{subsection.4.1}% 21
\BOOKMARK [2][-]{subsection.4.2}{\376\377\000A\000d\000a\000p\000t\000a\000\347\000\343\000o\000\040\000p\000a\000r\000a\000\040\000S\000i\000s\000t\000e\000m\000a\000s\000\040\000N\000\343\000o\000-\000L\000i\000n\000e\000a\000r\000e\000s\000\040\000\050\000E\000K\000F\000\051}{section.4}% 22
\BOOKMARK [1][-]{section.5}{\376\377\000M\000e\000t\000o\000d\000o\000l\000o\000g\000i\000a\000\040\000e\000\040\000I\000m\000p\000l\000e\000m\000e\000n\000t\000a\000\347\000\343\000o}{}% 23
\BOOKMARK [2][-]{subsection.5.1}{\376\377\000C\000e\000n\000\341\000r\000i\000o\000s\000\040\000d\000e\000\040\000S\000i\000m\000u\000l\000a\000\347\000\343\000o}{section.5}% 24
\BOOKMARK [2][-]{subsection.5.2}{\376\377\000T\000r\000a\000j\000e\000t\000\363\000r\000i\000a\000\040\000n\000o\000\040\000f\000o\000r\000m\000a\000t\000o\000\040\000d\000e\000\040\000Q\000u\000a\000d\000r\000a\000d\000o}{section.5}% 25
\BOOKMARK [2][-]{subsection.5.3}{\376\377\000T\000r\000a\000j\000e\000t\000\363\000r\000i\000a\000\040\000C\000i\000r\000c\000u\000l\000a\000r}{section.5}% 26
\BOOKMARK [2][-]{subsection.5.4}{\376\377\000T\000r\000a\000j\000e\000t\000\363\000r\000i\000a\000\040\000C\000u\000r\000v\000i\000l\000\355\000n\000e\000a}{section.5}% 27
\BOOKMARK [2][-]{subsection.5.5}{\376\377\000T\000e\000s\000t\000e\000\040\000d\000o\000\040\000A\000l\000g\000o\000r\000i\000t\000m\000o\000\040\000d\000e\000\040\000I\000d\000e\000n\000t\000i\000f\000i\000c\000a\000\347\000\343\000o}{section.5}% 28
\BOOKMARK [2][-]{subsection.5.6}{\376\377\000A\000p\000l\000i\000c\000a\000\347\000\343\000o\000\040\000d\000o\000\040\000A\000l\000g\000o\000r\000i\000t\000m\000o\000\040\000d\000e\000\040\000Z\000h\000a\000n\000g\000\040\000A\000d\000a\000p\000t\000a\000d\000o}{section.5}% 29
\BOOKMARK [1][-]{section.6}{\376\377\000R\000e\000s\000u\000l\000t\000a\000d\000o\000s\000\040\000e\000\040\000D\000i\000s\000c\000u\000s\000s\000\343\000o}{}% 30
\BOOKMARK [2][-]{subsection.6.1}{\376\377\000A\000v\000a\000l\000i\000a\000\347\000\343\000o\000\040\000d\000a\000\040\000c\000o\000n\000s\000i\000s\000t\000\352\000n\000c\000i\000a\000\040\000d\000o\000\040\000A\000l\000g\000o\000r\000\355\000t\000m\000o\000\040}{section.6}% 31
\BOOKMARK [2][-]{subsection.6.2}{\376\377\000T\000r\000a\000j\000e\000t\000\363\000r\000i\000a\000\040\0001}{section.6}% 32
\BOOKMARK [2][-]{subsection.6.3}{\376\377\000T\000r\000a\000j\000e\000t\000\363\000r\000i\000a\000\040\0002}{section.6}% 33
\BOOKMARK [2][-]{subsection.6.4}{\376\377\000T\000r\000a\000j\000e\000t\000\363\000r\000i\000a\000\040\0003}{section.6}% 34
\BOOKMARK [3][-]{subsubsection.6.4.1}{\376\377\000A\000n\000\341\000l\000i\000s\000e\000\040\000G\000e\000r\000a\000l\000\040\000d\000o\000\040\000d\000e\000s\000e\000m\000p\000e\000n\000h\000o\000\040\000d\000a\000\040\000a\000d\000a\000p\000t\000a\000\347\000\343\000o\000\040\000d\000o\000\040\000A\000l\000g\000o\000r\000\355\000t\000m\000o}{subsection.6.4}% 35
\BOOKMARK [1][-]{section.7}{\376\377\000C\000o\000n\000c\000l\000u\000s\000\343\000o}{}% 36
\BOOKMARK [2][-]{subsection.7.1}{\376\377\000S\000\355\000n\000t\000e\000s\000e}{section.7}% 37
\BOOKMARK [2][-]{subsection.7.2}{\376\377\000T\000r\000a\000b\000a\000l\000h\000o\000s\000\040\000F\000u\000t\000u\000r\000o\000s}{section.7}% 38
\BOOKMARK [1][-]{section*.3}{\376\377\000R\000e\000f\000e\000r\000\352\000n\000c\000i\000a\000s}{}% 39
\BOOKMARK [1][-]{IEEEbiography.0}{\376\377\000B\000i\000o\000g\000r\000a\000p\000h\000i\000e\000s}{}% 40
\BOOKMARK [2][-]{IEEEbiography.1}{\376\377\000S\000a\000u\000l\000o\000\040\000J\000o\000s\000\351\000\040\000A\000l\000m\000e\000i\000d\000a\000\040\000S\000i\000l\000v\000a}{IEEEbiography.0}% 41
\BOOKMARK [1][-]{section*.4}{\376\377\000A\000p\000\352\000n\000d\000i\000c\000e\000\040\000A\000:\000\040\000M\000o\000d\000e\000l\000a\000g\000e\000m\000\040\000e\000\040\000D\000i\000s\000c\000r\000e\000t\000i\000z\000a\000\347\000\343\000o\000\040\000d\000o\000\040\000S\000i\000s\000t\000e\000m\000a}{}% 42
\BOOKMARK [1][-]{section*.5}{\376\377\000A\000p\000\352\000n\000d\000i\000c\000e\000\040\000B\000:\000\040\000M\000a\000t\000r\000i\000z\000e\000s\000\040\000d\000e\000\040\000T\000r\000a\000n\000s\000i\000\347\000\343\000o\000\040\000e\000\040\000C\000o\000n\000t\000r\000o\000l\000e}{}% 43
\BOOKMARK [1][-]{section*.6}{\376\377\000A\000p\000\352\000n\000d\000i\000c\000e\000\040\000C\000:\000\040\000C\000o\000v\000a\000r\000i\000\342\000n\000c\000i\000a\000s\000\040\000d\000o\000s\000\040\000R\000u\000\355\000d\000o\000s\000\040\000D\000i\000s\000c\000r\000e\000t\000o\000s}{}% 44
\BOOKMARK [1][-]{section*.7}{\376\377\000A\000p\000\352\000n\000d\000i\000c\000e\000\040\000D\000:\000\040\000R\000e\000p\000o\000s\000i\000t\000\363\000r\000i\000o\000\040\000d\000o\000\040\000C\000\363\000d\000i\000g\000o\000\040\000F\000o\000n\000t\000e}{}% 45
\BOOKMARK [1][-]{section*.8}{\376\377\000A\000p\000\352\000n\000d\000i\000c\000e\000\040\000E\000:\000\040\000M\000a\000t\000r\000i\000z\000e\000s\000\040\000P\000o\000s\000i\000t\000i\000v\000a\000s\000\040\000S\000e\000m\000i\000d\000e\000f\000i\000n\000i\000d\000a\000s}{}% 46
\BOOKMARK [1][-]{section*.9}{\376\377\000A\000p\000\352\000n\000d\000i\000c\000e\000\040\000F\000:\000\040\000N\000o\000r\000m\000a\000\040\000d\000e\000\040\000F\000r\000o\000b\000e\000n\000i\000u\000s}{}% 47
\BOOKMARK [1][-]{section*.10}{\376\377\000A\000p\000\352\000n\000d\000i\000c\000e\000\040\000G\000:\000\040\000A\000p\000r\000o\000x\000i\000m\000a\000\347\000\343\000o\000\040\000N\000u\000m\000\351\000r\000i\000c\000a\000\040\000d\000a\000\040\000M\000a\000t\000r\000i\000z\000\040\000J\000a\000c\000o\000b\000i\000a\000n\000a\000\040\000p\000o\000r\000\040\000D\000i\000f\000e\000r\000e\000n\000\347\000a\000s\000\040\000F\000i\000n\000i\000t\000a\000s}{}% 48
\BOOKMARK [1][-]{section*.11}{\376\377\000A\000p\000\352\000n\000d\000i\000c\000e\000\040\000H\000:\000\040\000C\000o\000n\000s\000i\000s\000t\000\352\000n\000c\000i\000a\000\040\000E\000s\000t\000a\000t\000\355\000s\000t\000i\000c\000a\000\040\000v\000i\000a\000\040\000N\000o\000r\000m\000a\000l\000i\000z\000e\000d\000\040\000I\000n\000n\000o\000v\000a\000t\000i\000o\000n\000\040\000S\000q\000u\000a\000r\000e\000d\000\040\000\050\000N\000I\000S\000\051}{}% 49
