\BOOKMARK [1][-]{section.1}{\376\377\000I\000n\000t\000r\000o\000d\000u\000\347\000\343\000o}{}% 1
\BOOKMARK [2][-]{subsection.1.1}{\376\377\000N\000o\000t\000a\000\347\000\343\000o\000\040\000e\000\040\000C\000o\000n\000v\000e\000n\000\347\000\365\000e\000s}{section.1}% 2
\BOOKMARK [1][-]{section.2}{\376\377\000R\000e\000v\000i\000s\000\343\000o\000\040\000T\000e\000\363\000r\000i\000c\000a\000\040\000e\000\040\000T\000r\000a\000b\000a\000l\000h\000o\000s\000\040\000R\000e\000l\000a\000c\000i\000o\000n\000a\000d\000o\000s}{}% 3
\BOOKMARK [2][-]{subsection.2.1}{\376\377\000P\000r\000o\000c\000e\000s\000s\000o\000s\000\040\000I\000n\000d\000u\000s\000t\000r\000i\000a\000i\000s\000\040\000e\000\040\000M\000o\000n\000i\000t\000o\000r\000a\000m\000e\000n\000t\000o\000\040\000M\000u\000l\000t\000i\000v\000a\000r\000i\000\341\000v\000e\000l}{section.2}% 4
\BOOKMARK [2][-]{subsection.2.2}{\376\377\000D\000e\000f\000i\000n\000i\000\347\000\343\000o\000\040\000d\000e\000\040\000u\000m\000a\000\040\000F\000a\000l\000t\000a\000\040\000n\000u\000m\000\040\000p\000r\000o\000c\000e\000s\000s\000o\000\040\000I\000n\000d\000u\000s\000t\000r\000i\000a\000l}{section.2}% 5
\BOOKMARK [2][-]{subsection.2.3}{\376\377\000O\000\040\000P\000r\000o\000c\000e\000s\000s\000o\000\040\000T\000e\000n\000n\000e\000s\000s\000e\000e\000\040\000E\000a\000s\000t\000m\000a\000n\000\040\000\050\000T\000E\000P\000\051}{section.2}% 6
\BOOKMARK [3][-]{subsubsection.2.3.1}{\376\377\000V\000i\000s\000\343\000o\000\040\000G\000e\000r\000a\000l\000\040\000d\000o\000\040\000P\000r\000o\000c\000e\000s\000s\000o}{subsection.2.3}% 7
\BOOKMARK [3][-]{subsubsection.2.3.2}{\376\377\000V\000a\000r\000i\000\341\000v\000e\000i\000s\000\040\000M\000e\000d\000i\000d\000a\000s\000\040\000e\000\040\000E\000n\000t\000r\000a\000d\000a\000s\000\040\000M\000a\000n\000i\000p\000u\000l\000a\000d\000a\000s}{subsection.2.3}% 8
\BOOKMARK [3][-]{subsubsection.2.3.3}{\376\377\000C\000e\000n\000\341\000r\000i\000o\000s\000\040\000d\000e\000\040\000F\000a\000l\000h\000a}{subsection.2.3}% 9
\BOOKMARK [3][-]{subsubsection.2.3.4}{\376\377\000D\000e\000s\000c\000r\000i\000\347\000\343\000o\000\040\000D\000e\000t\000a\000l\000h\000a\000d\000a\000\040\000d\000a\000\040\000D\000i\000n\000\342\000m\000i\000c\000a\000\040\000d\000o\000\040\000P\000r\000o\000c\000e\000s\000s\000o}{subsection.2.3}% 10
\BOOKMARK [2][-]{subsection.2.4}{\376\377\000F\000o\000r\000m\000u\000l\000a\000\347\000\343\000o\000\040\000d\000o\000\040\000P\000r\000o\000b\000l\000e\000m\000a\000\040\000d\000e\000\040\000D\000e\000t\000e\000c\000\347\000\343\000o\000\040\000d\000e\000\040\000F\000a\000l\000h\000a\000s}{section.2}% 11
\BOOKMARK [2][-]{subsection.2.5}{\376\377\000M\000\351\000t\000r\000i\000c\000a\000s\000\040\000E\000s\000t\000a\000t\000\355\000s\000t\000i\000c\000a\000s\000\040\000d\000e\000\040\000D\000e\000t\000e\000c\000\347\000\343\000o}{section.2}% 12
\BOOKMARK [3][-]{subsubsection.2.5.1}{\376\377\000E\000s\000t\000a\000t\000\355\000s\000t\000i\000c\000a\000\040\000T\000\262\000\040\000d\000e\000\040\000H\000o\000t\000e\000l\000l\000i\000n\000g}{subsection.2.5}% 13
\BOOKMARK [3][-]{subsubsection.2.5.2}{\376\377\000E\000r\000r\000o\000\040\000Q\000u\000a\000d\000r\000\341\000t\000i\000c\000o\000\040\000d\000e\000\040\000P\000r\000e\000d\000i\000\347\000\343\000o\000\040\000\050\000E\000s\000t\000a\000t\000\355\000s\000t\000i\000c\000a\000\040\000Q\000\051}{subsection.2.5}% 14
\BOOKMARK [3][-]{subsubsection.2.5.3}{\376\377\000E\000s\000t\000a\000t\000\355\000s\000t\000i\000c\000a\000\040\000I\0002\000\040\000\050\000C\000o\000m\000p\000o\000n\000e\000n\000t\000e\000s\000\040\000I\000n\000d\000e\000p\000e\000n\000d\000e\000n\000t\000e\000s\000\051}{subsection.2.5}% 15
\BOOKMARK [3][-]{subsubsection.2.5.4}{\376\377\000E\000s\000t\000a\000t\000\355\000s\000t\000i\000c\000a\000\040\000D\000\040\000\050\000\315\000n\000d\000i\000c\000e\000\040\000C\000o\000m\000b\000i\000n\000a\000d\000o\000\051}{subsection.2.5}% 16
\BOOKMARK [2][-]{subsection.2.6}{\376\377\000V\000i\000s\000\343\000o\000\040\000G\000e\000r\000a\000l\000\040\000C\000o\000m\000p\000a\000r\000a\000t\000i\000v\000a\000\040\000d\000o\000s\000\040\000M\000\351\000t\000o\000d\000o\000s\000\040\000d\000e\000\040\000D\000e\000t\000e\000c\000\347\000\343\000o\000\040\000d\000e\000\040\000F\000a\000l\000h\000a\000s}{section.2}% 17
\BOOKMARK [3][-]{subsubsection.2.6.1}{\376\377\000A\000n\000\341\000l\000i\000s\000e\000\040\000d\000e\000\040\000C\000o\000m\000p\000o\000n\000e\000n\000t\000e\000s\000\040\000P\000r\000i\000n\000c\000i\000p\000a\000i\000s\000\040\000\050\000P\000C\000A\000\051}{subsection.2.6}% 18
\BOOKMARK [3][-]{subsubsection.2.6.2}{\376\377\000A\000n\000\341\000l\000i\000s\000e\000\040\000d\000e\000\040\000C\000o\000m\000p\000o\000n\000e\000n\000t\000e\000s\000\040\000P\000r\000i\000n\000c\000i\000p\000a\000i\000s\000\040\000D\000i\000n\000\342\000m\000i\000c\000a\000\040\000\050\000D\000P\000C\000A\000\051}{subsection.2.6}% 19
\BOOKMARK [3][-]{subsubsection.2.6.3}{\376\377\000M\000\355\000n\000i\000m\000o\000s\000\040\000Q\000u\000a\000d\000r\000a\000d\000o\000s\000\040\000P\000a\000r\000c\000i\000a\000i\000s\000\040\000\050\000P\000L\000S\000\051}{subsection.2.6}% 20
\BOOKMARK [3][-]{subsubsection.2.6.4}{\376\377\000M\000\355\000n\000i\000m\000o\000s\000\040\000Q\000u\000a\000d\000r\000a\000d\000o\000s\000\040\000P\000a\000r\000c\000i\000a\000i\000s\000\040\000c\000o\000m\000\040\000I\000n\000f\000o\000r\000m\000a\000\347\000\343\000o\000\040\000T\000e\000m\000p\000o\000r\000a\000l\000\040\000\050\000T\000P\000L\000S\000\051}{subsection.2.6}% 21
\BOOKMARK [3][-]{subsubsection.2.6.5}{\376\377\000M\000\355\000n\000i\000m\000o\000s\000\040\000Q\000u\000a\000d\000r\000a\000d\000o\000s\000\040\000P\000a\000r\000c\000i\000a\000i\000s\000\040\000M\000u\000l\000t\000i\000v\000a\000r\000i\000a\000d\000o\000s\000\040\000\050\000M\000P\000L\000S\000\051}{subsection.2.6}% 22
\BOOKMARK [3][-]{subsubsection.2.6.6}{\376\377\000A\000n\000\341\000l\000i\000s\000e\000\040\000d\000e\000\040\000C\000o\000m\000p\000o\000n\000e\000n\000t\000e\000s\000\040\000I\000n\000d\000e\000p\000e\000n\000d\000e\000n\000t\000e\000s\000\040\000\050\000I\000C\000A\000\051}{subsection.2.6}% 23
\BOOKMARK [3][-]{subsubsection.2.6.7}{\376\377\000A\000n\000\341\000l\000i\000s\000e\000\040\000d\000e\000\040\000C\000o\000m\000p\000o\000n\000e\000n\000t\000e\000s\000\040\000I\000n\000d\000e\000p\000e\000n\000d\000e\000n\000t\000e\000s\000\040\000M\000u\000l\000t\000i\000v\000a\000r\000i\000a\000d\000a\000\040\000\050\000M\000I\000C\000A\000\051}{subsection.2.6}% 24
\BOOKMARK [3][-]{subsubsection.2.6.8}{\376\377\000A\000n\000\341\000l\000i\000s\000e\000\040\000D\000i\000s\000c\000r\000i\000m\000i\000n\000a\000n\000t\000e\000\040\000d\000e\000\040\000F\000i\000s\000h\000e\000r\000\040\000\050\000F\000D\000A\000\051}{subsection.2.6}% 25
\BOOKMARK [3][-]{subsubsection.2.6.9}{\376\377\000A\000u\000t\000o\000e\000n\000c\000o\000d\000e\000r\000\040\000P\000r\000o\000b\000a\000b\000i\000l\000\355\000s\000t\000i\000c\000o\000\040\000\050\000P\000A\000E\000\051}{subsection.2.6}% 26
\BOOKMARK [1][-]{section.3}{\376\377\000M\000e\000t\000o\000d\000o\000l\000o\000g\000i\000a\000\040\000e\000\040\000I\000m\000p\000l\000e\000m\000e\000n\000t\000a\000\347\000\343\000o}{}% 27
\BOOKMARK [2][-]{subsection.3.1}{\376\377\000D\000e\000s\000c\000r\000i\000\347\000\343\000o\000\040\000d\000o\000\040\000P\000r\000o\000b\000l\000e\000m\000a\000\040\000e\000\040\000C\000a\000r\000a\000c\000t\000e\000r\000\355\000s\000t\000i\000c\000a\000s\000\040\000d\000o\000\040\000C\000o\000n\000j\000u\000n\000t\000o\000\040\000d\000e\000\040\000D\000a\000d\000o\000s}{section.3}% 28
\BOOKMARK [2][-]{subsection.3.2}{\376\377\000P\000r\000\351\000-\000p\000r\000o\000c\000e\000s\000s\000a\000m\000e\000n\000t\000o\000\040\000d\000o\000s\000\040\000D\000a\000d\000o\000s\000\040\000e\000\040\000S\000e\000l\000e\000\347\000\343\000o\000\040\000d\000e\000\040\000A\000t\000r\000i\000b\000u\000t\000o\000s}{section.3}% 29
\BOOKMARK [2][-]{subsection.3.3}{\376\377\000F\000l\000u\000x\000o\000g\000r\000a\000m\000a\000\040\000d\000e\000\040\000I\000m\000p\000l\000e\000m\000e\000n\000t\000a\000\347\000\343\000o\000\040\000e\000\040\000T\000r\000e\000i\000n\000a\000m\000e\000n\000t\000o\000\040\000d\000o\000s\000\040\000A\000l\000g\000o\000r\000i\000t\000m\000o\000s}{section.3}% 30
\BOOKMARK [2][-]{subsection.3.4}{\376\377\000R\000e\000s\000u\000m\000o\000\040\000d\000a\000\040\000I\000m\000p\000l\000e\000m\000e\000n\000t\000a\000\347\000\343\000o\000\040\000d\000o\000s\000\040\000M\000\351\000t\000o\000d\000o\000s\000\040\000I\000n\000d\000i\000v\000i\000d\000u\000a\000i\000s}{section.3}% 31
\BOOKMARK [3][-]{subsubsection.3.4.1}{\376\377\000P\000C\000A\000\040\000e\000\040\000D\000P\000C\000A}{subsection.3.4}% 32
\BOOKMARK [3][-]{subsubsection.3.4.2}{\376\377\000P\000L\000S\000,\000\040\000T\000P\000L\000S\000\040\000e\000\040\000M\000P\000L\000S}{subsection.3.4}% 33
\BOOKMARK [3][-]{subsubsection.3.4.3}{\376\377\000I\000C\000A\000\040\000e\000\040\000M\000I\000C\000A}{subsection.3.4}% 34
\BOOKMARK [3][-]{subsubsection.3.4.4}{\376\377\000A\000n\000\341\000l\000i\000s\000e\000\040\000D\000i\000s\000c\000r\000i\000m\000i\000n\000a\000n\000t\000e\000\040\000d\000e\000\040\000F\000i\000s\000h\000e\000r\000\040\000\050\000F\000D\000A\000\051}{subsection.3.4}% 35
\BOOKMARK [3][-]{subsubsection.3.4.5}{\376\377\000A\000u\000t\000o\000e\000n\000c\000o\000d\000e\000r\000\040\000P\000r\000o\000b\000a\000b\000i\000l\000\355\000s\000t\000i\000c\000o\000\040\000\050\000P\000A\000E\000\051}{subsection.3.4}% 36
\BOOKMARK [2][-]{subsection.3.5}{\376\377\000M\000\351\000t\000r\000i\000c\000a\000s\000\040\000d\000e\000\040\000D\000e\000s\000e\000m\000p\000e\000n\000h\000o}{section.3}% 37
\BOOKMARK [1][-]{section.4}{\376\377\000R\000e\000s\000u\000l\000t\000a\000d\000o\000s\000\040\000e\000\040\000D\000i\000s\000c\000u\000s\000s\000\343\000o}{}% 38
\BOOKMARK [2][-]{subsection.4.1}{\376\377\000T\000a\000x\000a\000\040\000d\000e\000\040\000A\000l\000a\000r\000m\000e\000s\000\040\000F\000a\000l\000s\000o\000s\000\040\000\050\000F\000A\000R\000\051}{section.4}% 39
\BOOKMARK [2][-]{subsection.4.2}{\376\377\000T\000a\000x\000a\000\040\000d\000e\000\040\000D\000e\000t\000e\000c\000\347\000\343\000o\000\040\000d\000e\000\040\000F\000a\000l\000h\000a\000s\000\040\000\050\000F\000D\000R\000\051\000\040\000p\000o\000r\000\040\000T\000i\000p\000o\000\040\000d\000e\000\040\000F\000a\000l\000h\000a}{section.4}% 40
\BOOKMARK [2][-]{subsection.4.3}{\376\377\000A\000n\000\341\000l\000i\000s\000e\000\040\000d\000e\000\040\000D\000e\000s\000e\000m\000p\000e\000n\000h\000o\000\040\000p\000o\000r\000\040\000C\000a\000t\000e\000g\000o\000r\000i\000a\000\040\000d\000e\000\040\000F\000a\000l\000h\000a}{section.4}% 41
\BOOKMARK [2][-]{subsection.4.4}{\376\377\000O\000b\000s\000e\000r\000v\000a\000\347\000\365\000e\000s\000\040\000E\000s\000p\000e\000c\000\355\000f\000i\000c\000a\000s\000\040\000d\000o\000s\000\040\000M\000\351\000t\000o\000d\000o\000s}{section.4}% 42
\BOOKMARK [3][-]{subsubsection.4.4.1}{\376\377\000P\000C\000A\000\040\000e\000\040\000D\000P\000C\000A}{subsection.4.4}% 43
\BOOKMARK [3][-]{subsubsection.4.4.2}{\376\377\000M\000\351\000t\000o\000d\000o\000s\000\040\000P\000L\000S}{subsection.4.4}% 44
\BOOKMARK [3][-]{subsubsection.4.4.3}{\376\377\000I\000C\000A\000\040\000e\000\040\000M\000I\000C\000A}{subsection.4.4}% 45
\BOOKMARK [3][-]{subsubsection.4.4.4}{\376\377\000F\000D\000A}{subsection.4.4}% 46
\BOOKMARK [3][-]{subsubsection.4.4.5}{\376\377\000P\000A\000E}{subsection.4.4}% 47
\BOOKMARK [2][-]{subsection.4.5}{\376\377\000M\000\351\000t\000r\000i\000c\000a\000s\000-\000R\000e\000s\000u\000m\000o}{section.4}% 48
\BOOKMARK [1][-]{section.5}{\376\377\000C\000o\000n\000c\000l\000u\000s\000\343\000o}{}% 49
\BOOKMARK [2][-]{subsection.5.1}{\376\377\000R\000e\000s\000u\000m\000o}{section.5}% 50
\BOOKMARK [2][-]{subsection.5.2}{\376\377\000P\000r\000i\000n\000c\000i\000p\000a\000i\000s\000\040\000C\000o\000n\000s\000t\000a\000t\000a\000\347\000\365\000e\000s}{section.5}% 51
\BOOKMARK [2][-]{subsection.5.3}{\376\377\000D\000i\000r\000e\000\347\000\365\000e\000s\000\040\000p\000a\000r\000a\000\040\000P\000e\000s\000q\000u\000i\000s\000a\000s\000\040\000F\000u\000t\000u\000r\000a\000s}{section.5}% 52
\BOOKMARK [2][-]{subsection.5.4}{\376\377\000C\000\363\000d\000i\000g\000o\000\040\000F\000o\000n\000t\000e\000\040\000e\000\040\000R\000e\000p\000r\000o\000d\000u\000t\000i\000b\000i\000l\000i\000d\000a\000d\000e}{section.5}% 53
\BOOKMARK [1][-]{section*.1}{\376\377\000R\000e\000f\000e\000r\000\352\000n\000c\000i\000a\000s}{}% 54
\BOOKMARK [1][-]{IEEEbiography.0}{\376\377\000B\000i\000o\000g\000r\000a\000p\000h\000i\000e\000s}{}% 55
\BOOKMARK [2][-]{IEEEbiography.1}{\376\377\000S\000a\000u\000l\000o\000\040\000J\000o\000s\000\351\000\040\000A\000l\000m\000e\000i\000d\000a\000\040\000S\000i\000l\000v\000a}{IEEEbiography.0}% 56
