This is pdfTeX, Version 3.141592653-2.6-1.40.27 (MiKTeX 25.4) (preloaded format=pdflatex 2025.12.28)  29 MAR 2026 12:56
entering extended mode
 restricted \write18 enabled.
 file:line:error style messages enabled.
 %&-line parsing enabled.
**"c:/Users/saulo/Desktop/UFCG/AULAS/SISTEMAS INTELIGENTES - 2026/Atividade 1 - Filtragem Ótima/RESULTADOS/Relatório 1/main.tex"
(c:/Users/saulo/Desktop/UFCG/AULAS/SISTEMAS INTELIGENTES - 2026/Atividade 1 - Filtragem Ótima/RESULTADOS/Relatório 1/main.tex
LaTeX2e <2025-11-01>
L3 programming layer <2025-12-24>
(C:\Users\saulo\AppData\Local\Programs\MiKTeX\tex/latex/base\article.cls
Document Class: article 2025/01/22 v1.4n Standard LaTeX document class
(C:\Users\saulo\AppData\Local\Programs\MiKTeX\tex/latex/base\size12.clo
File: size12.clo 2025/01/22 v1.4n Standard LaTeX file (size option)
)
\c@part=\count275
\c@section=\count276
\c@subsection=\count277
\c@subsubsection=\count278
\c@paragraph=\count279
\c@subparagraph=\count280
\c@figure=\count281
\c@table=\count282
\abovecaptionskip=\skip49
\belowcaptionskip=\skip50
\bibindent=\dimen148
) (C:\Users\saulo\AppData\Local\Programs\MiKTeX\tex/latex/base\inputenc.sty
Package: inputenc 2024/02/08 v1.3d Input encoding file
\inpenc@prehook=\toks17
\inpenc@posthook=\toks18
) (C:\Users\saulo\AppData\Local\Programs\MiKTeX\tex/latex/base\fontenc.sty
Package: fontenc 2025/07/18 v2.1d Standard LaTeX package
) (C:\Users\saulo\AppData\Local\Programs\MiKTeX\tex/generic/babel\babel.sty
Package: babel 2025/12/11 v25.17 The multilingual framework for LuaLaTeX, pdfLaTeX and XeLaTeX
\babel@savecnt=\count283
LaTeX Encoding Info:    Redeclaring text command \ij (encoding OT1) on input line 2068.
LaTeX Encoding Info:    Redeclaring text command \IJ (encoding OT1) on input line 2070.
LaTeX Encoding Info:    Redeclaring text command \ij (encoding T1) on input line 2072.
LaTeX Encoding Info:    Redeclaring text command \IJ (encoding T1) on input line 2073.
LaTeX Encoding Info:    Ignoring declaration for text command \ij (encoding ?) on input line 2074.
LaTeX Encoding Info:    Ignoring declaration for text command \IJ (encoding ?) on input line 2076.
LaTeX Encoding Info:    Ignoring declaration for text command \SS (encoding ?) on input line 2101.
\U@D=\dimen149
\l@unhyphenated=\language79
 (C:\Users\saulo\AppData\Local\Programs\MiKTeX\tex/generic/babel\txtbabel.def)
\bbl@readstream=\read2
\bbl@dirlevel=\count284
Package babel Info: Configuration files are deprecated, as
(babel)             they can break document portability.
(babel)             Reported on input line 4196.

*************************************
* Local config file bblopts.cfg used
*
(C:\Users\saulo\AppData\Local\Programs\MiKTeX\tex/latex/arabi\bblopts.cfg
File: bblopts.cfg 2005/09/08 v0.1 add Arabic and Farsi to "declared" options of babel
) (C:\Users\saulo\AppData\Local\Programs\MiKTeX\tex/generic/babel/locale/invalid\babel-brazil.tex)

Package babel Warning: Name 'brazil' is deprecated.
(babel)                Use 'brazilian' instead.
(babel)                Reported on input line 4320.

Package babel Info: Importing font and identification data for brazil
(babel)             from babel-pt-BR.ini. Reported on input line 4320.
(C:\Users\saulo\AppData\Local\Programs\MiKTeX\tex/latex/babel-portuges\brazilian.ldf
Language: portuges 2021/07/09 v1.2t Portuguese support from the babel system
Package babel Info: Hyphen rules for 'brazil' set to \l@portuguese
(babel)             (\language56). Reported on input line 111.
Package babel Info: Making " an active character on input line 143.
)) (C:\Users\saulo\AppData\Local\Programs\MiKTeX\tex/latex/tools\indentfirst.sty
Package: indentfirst 2023/07/02 v1.03 Indent first paragraph (DPC)
) (C:\Users\saulo\AppData\Local\Programs\MiKTeX\tex/latex/setspace\setspace.sty
Package: setspace 2022/12/04 v6.7b set line spacing
) (C:\Users\saulo\AppData\Local\Programs\MiKTeX\tex/latex/geometry\geometry.sty
Package: geometry 2020/01/02 v5.9 Page Geometry
 (C:\Users\saulo\AppData\Local\Programs\MiKTeX\tex/latex/graphics\keyval.sty
Package: keyval 2022/05/29 v1.15 key=value parser (DPC)
\KV@toks@=\toks19
) (C:\Users\saulo\AppData\Local\Programs\MiKTeX\tex/generic/iftex\ifvtex.sty
Package: ifvtex 2019/10/25 v1.7 ifvtex legacy package. Use iftex instead.
 (C:\Users\saulo\AppData\Local\Programs\MiKTeX\tex/generic/iftex\iftex.sty
Package: iftex 2024/12/12 v1.0g TeX engine tests
))
\Gm@cnth=\count285
\Gm@cntv=\count286
\c@Gm@tempcnt=\count287
\Gm@bindingoffset=\dimen150
\Gm@wd@mp=\dimen151
\Gm@odd@mp=\dimen152
\Gm@even@mp=\dimen153
\Gm@layoutwidth=\dimen154
\Gm@layoutheight=\dimen155
\Gm@layouthoffset=\dimen156
\Gm@layoutvoffset=\dimen157
\Gm@dimlist=\toks20
 (C:\Users\saulo\AppData\Local\Programs\MiKTeX\tex/latex/geometry\geometry.cfg)) (C:\Users\saulo\AppData\Local\Programs\MiKTeX\tex/latex/hyperref\hyperref.sty
Package: hyperref 2025-07-12 v7.01o Hypertext links for LaTeX
 (C:\Users\saulo\AppData\Local\Programs\MiKTeX\tex/latex/kvsetkeys\kvsetkeys.sty
Package: kvsetkeys 2022-10-05 v1.19 Key value parser (HO)
) (C:\Users\saulo\AppData\Local\Programs\MiKTeX\tex/generic/kvdefinekeys\kvdefinekeys.sty
Package: kvdefinekeys 2019-12-19 v1.6 Define keys (HO)
) (C:\Users\saulo\AppData\Local\Programs\MiKTeX\tex/generic/pdfescape\pdfescape.sty
Package: pdfescape 2019/12/09 v1.15 Implements pdfTeX's escape features (HO)
 (C:\Users\saulo\AppData\Local\Programs\MiKTeX\tex/generic/ltxcmds\ltxcmds.sty
Package: ltxcmds 2023-12-04 v1.26 LaTeX kernel commands for general use (HO)
) (C:\Users\saulo\AppData\Local\Programs\MiKTeX\tex/generic/pdftexcmds\pdftexcmds.sty
Package: pdftexcmds 2020-06-27 v0.33 Utility functions of pdfTeX for LuaTeX (HO)
 (C:\Users\saulo\AppData\Local\Programs\MiKTeX\tex/generic/infwarerr\infwarerr.sty
Package: infwarerr 2019/12/03 v1.5 Providing info/warning/error messages (HO)
)
Package pdftexcmds Info: \pdf@primitive is available.
Package pdftexcmds Info: \pdf@ifprimitive is available.
Package pdftexcmds Info: \pdfdraftmode found.
)) (C:\Users\saulo\AppData\Local\Programs\MiKTeX\tex/latex/hycolor\hycolor.sty
Package: hycolor 2020-01-27 v1.10 Color options for hyperref/bookmark (HO)
) (C:\Users\saulo\AppData\Local\Programs\MiKTeX\tex/latex/hyperref\nameref.sty
Package: nameref 2025-06-21 v2.57 Cross-referencing by name of section
 (C:\Users\saulo\AppData\Local\Programs\MiKTeX\tex/latex/refcount\refcount.sty
Package: refcount 2019/12/15 v3.6 Data extraction from label references (HO)
) (C:\Users\saulo\AppData\Local\Programs\MiKTeX\tex/generic/gettitlestring\gettitlestring.sty
Package: gettitlestring 2019/12/15 v1.6 Cleanup title references (HO)
 (C:\Users\saulo\AppData\Local\Programs\MiKTeX\tex/latex/kvoptions\kvoptions.sty
Package: kvoptions 2022-06-15 v3.15 Key value format for package options (HO)
))
\c@section@level=\count288
) (C:\Users\saulo\AppData\Local\Programs\MiKTeX\tex/latex/etoolbox\etoolbox.sty
Package: etoolbox 2025/10/02 v2.5m e-TeX tools for LaTeX (JAW)
\etb@tempcnta=\count289
) (C:\Users\saulo\AppData\Local\Programs\MiKTeX\tex/generic/stringenc\stringenc.sty
Package: stringenc 2019/11/29 v1.12 Convert strings between diff. encodings (HO)
)
\@linkdim=\dimen158
\Hy@linkcounter=\count290
\Hy@pagecounter=\count291
 (C:\Users\saulo\AppData\Local\Programs\MiKTeX\tex/latex/hyperref\pd1enc.def
File: pd1enc.def 2025-07-12 v7.01o Hyperref: PDFDocEncoding definition (HO)
Now handling font encoding PD1 ...
... no UTF-8 mapping file for font encoding PD1
) (C:\Users\saulo\AppData\Local\Programs\MiKTeX\tex/generic/intcalc\intcalc.sty
Package: intcalc 2019/12/15 v1.3 Expandable calculations with integers (HO)
)
\Hy@SavedSpaceFactor=\count292
 (C:\Users\saulo\AppData\Local\Programs\MiKTeX\tex/latex/hyperref\puenc.def
File: puenc.def 2025-07-12 v7.01o Hyperref: PDF Unicode definition (HO)
Now handling font encoding PU ...
... no UTF-8 mapping file for font encoding PU
)
Package hyperref Info: Hyper figures OFF on input line 4195.
Package hyperref Info: Link nesting OFF on input line 4200.
Package hyperref Info: Hyper index ON on input line 4203.
Package hyperref Info: Plain pages OFF on input line 4210.
Package hyperref Info: Backreferencing OFF on input line 4215.
Package hyperref Info: Implicit mode ON; LaTeX internals redefined.
Package hyperref Info: Bookmarks ON on input line 4462.
\c@Hy@tempcnt=\count293
 (C:\Users\saulo\AppData\Local\Programs\MiKTeX\tex/latex/url\url.sty
\Urlmuskip=\muskip17
Package: url 2013/09/16  ver 3.4  Verb mode for urls, etc.
)
LaTeX Info: Redefining \url on input line 4801.
\XeTeXLinkMargin=\dimen159
 (C:\Users\saulo\AppData\Local\Programs\MiKTeX\tex/generic/bitset\bitset.sty
Package: bitset 2019/12/09 v1.3 Handle bit-vector datatype (HO)
 (C:\Users\saulo\AppData\Local\Programs\MiKTeX\tex/generic/bigintcalc\bigintcalc.sty
Package: bigintcalc 2019/12/15 v1.5 Expandable calculations on big integers (HO)
))
\Fld@menulength=\count294
\Field@Width=\dimen160
\Fld@charsize=\dimen161
Package hyperref Info: Hyper figures OFF on input line 6078.
Package hyperref Info: Link nesting OFF on input line 6083.
Package hyperref Info: Hyper index ON on input line 6086.
Package hyperref Info: backreferencing OFF on input line 6093.
Package hyperref Info: Link coloring OFF on input line 6098.
Package hyperref Info: Link coloring with OCG OFF on input line 6103.
Package hyperref Info: PDF/A mode OFF on input line 6108.
\Hy@abspage=\count295
\c@Item=\count296
\c@Hfootnote=\count297
)
Package hyperref Info: Driver (autodetected): hpdftex.
 (C:\Users\saulo\AppData\Local\Programs\MiKTeX\tex/latex/hyperref\hpdftex.def
File: hpdftex.def 2025-07-12 v7.01o Hyperref driver for pdfTeX
\Fld@listcount=\count298
\c@bookmark@seq@number=\count299
 (C:\Users\saulo\AppData\Local\Programs\MiKTeX\tex/latex/rerunfilecheck\rerunfilecheck.sty
Package: rerunfilecheck 2025-06-21 v1.11 Rerun checks for auxiliary files (HO)
 (C:\Users\saulo\AppData\Local\Programs\MiKTeX\tex/generic/uniquecounter\uniquecounter.sty
Package: uniquecounter 2019/12/15 v1.4 Provide unlimited unique counter (HO)
)
Package uniquecounter Info: New unique counter `rerunfilecheck' on input line 284.
)
\Hy@SectionHShift=\skip51
) (C:\Users\saulo\AppData\Local\Programs\MiKTeX\tex/latex/titlesec\titlesec.sty
Package: titlesec 2025/01/04 v2.17 Sectioning titles
\ttl@box=\box53
\beforetitleunit=\skip52
\aftertitleunit=\skip53
\ttl@plus=\dimen162
\ttl@minus=\dimen163
\ttl@toksa=\toks21
\titlewidth=\dimen164
\titlewidthlast=\dimen165
\titlewidthfirst=\dimen166
) (C:\Users\saulo\AppData\Local\Programs\MiKTeX\tex/latex/psnfss\mathptmx.sty
Package: mathptmx 2020/03/25 PSNFSS-v9.3 Times w/ Math, improved (SPQR, WaS) 
LaTeX Font Info:    Redeclaring symbol font `operators' on input line 28.
LaTeX Font Info:    Overwriting symbol font `operators' in version `normal'
(Font)                  OT1/cmr/m/n --> OT1/ztmcm/m/n on input line 28.
LaTeX Font Info:    Overwriting symbol font `operators' in version `bold'
(Font)                  OT1/cmr/bx/n --> OT1/ztmcm/m/n on input line 28.
LaTeX Font Info:    Redeclaring symbol font `letters' on input line 29.
LaTeX Font Info:    Overwriting symbol font `letters' in version `normal'
(Font)                  OML/cmm/m/it --> OML/ztmcm/m/it on input line 29.
LaTeX Font Info:    Overwriting symbol font `letters' in version `bold'
(Font)                  OML/cmm/b/it --> OML/ztmcm/m/it on input line 29.
LaTeX Font Info:    Redeclaring symbol font `symbols' on input line 30.
LaTeX Font Info:    Overwriting symbol font `symbols' in version `normal'
(Font)                  OMS/cmsy/m/n --> OMS/ztmcm/m/n on input line 30.
LaTeX Font Info:    Overwriting symbol font `symbols' in version `bold'
(Font)                  OMS/cmsy/b/n --> OMS/ztmcm/m/n on input line 30.
LaTeX Font Info:    Redeclaring symbol font `largesymbols' on input line 31.
LaTeX Font Info:    Overwriting symbol font `largesymbols' in version `normal'
(Font)                  OMX/cmex/m/n --> OMX/ztmcm/m/n on input line 31.
LaTeX Font Info:    Overwriting symbol font `largesymbols' in version `bold'
(Font)                  OMX/cmex/m/n --> OMX/ztmcm/m/n on input line 31.
\symbold=\mathgroup4
\symitalic=\mathgroup5
LaTeX Font Info:    Redeclaring math alphabet \mathbf on input line 34.
LaTeX Font Info:    Overwriting math alphabet `\mathbf' in version `normal'
(Font)                  OT1/cmr/bx/n --> OT1/ptm/bx/n on input line 34.
LaTeX Font Info:    Overwriting math alphabet `\mathbf' in version `bold'
(Font)                  OT1/cmr/bx/n --> OT1/ptm/bx/n on input line 34.
LaTeX Font Info:    Redeclaring math alphabet \mathit on input line 35.
LaTeX Font Info:    Overwriting math alphabet `\mathit' in version `normal'
(Font)                  OT1/cmr/m/it --> OT1/ptm/m/it on input line 35.
LaTeX Font Info:    Overwriting math alphabet `\mathit' in version `bold'
(Font)                  OT1/cmr/bx/it --> OT1/ptm/m/it on input line 35.
LaTeX Info: Redefining \hbar on input line 50.
) (C:\Users\saulo\AppData\Local\Programs\MiKTeX\tex/latex/abntex2\abntex2cite.sty
Package: abntex2cite 2018/11/24 v-1.9.7 abnTeX2
 (C:\Users\saulo\AppData\Local\Programs\MiKTeX\tex/latex/base\ifthen.sty
Package: ifthen 2024/03/16 v1.1e Standard LaTeX ifthen package (DPC)
) (C:\Users\saulo\AppData\Local\Programs\MiKTeX\tex/latex/tools\calc.sty
Package: calc 2025/03/01 v4.3b Infix arithmetic (KKT,FJ)
\calc@Acount=\count300
\calc@Bcount=\count301
\calc@Adimen=\dimen167
\calc@Bdimen=\dimen168
\calc@Askip=\skip54
\calc@Bskip=\skip55
LaTeX Info: Redefining \setlength on input line 86.
LaTeX Info: Redefining \addtolength on input line 87.
\calc@Ccount=\count302
\calc@Cskip=\skip56
) (C:\Users\saulo\AppData\Local\Programs\MiKTeX\tex/latex/abntex2\abntex2abrev.sty)
\minimumbiblabelwidth=\skip57
\ABCIauxlen=\skip58
\c@ABCIaux=\count303
\c@ABCImax=\count304
 (C:\Users\saulo\AppData\Local\Programs\MiKTeX\tex/generic/iftex\ifpdf.sty
Package: ifpdf 2019/10/25 v3.4 ifpdf legacy package. Use iftex instead.
) (C:\Users\saulo\AppData\Local\Programs\MiKTeX\tex/generic/iftex\ifxetex.sty
Package: ifxetex 2019/10/25 v0.7 ifxetex legacy package. Use iftex instead.
) (C:\Users\saulo\AppData\Local\Programs\MiKTeX\tex/latex/relsize\relsize.sty
Package: relsize 2013/03/29 ver 4.1
)
\biblabelsep=\skip59
LaTeX Info: Redefining \newblock on input line 591.
LaTeX Info: Redefining \cite on input line 618.
\ABCItoken=\toks22
) (C:\Users\saulo\AppData\Local\Programs\MiKTeX\tex/latex/xcolor\xcolor.sty
Package: xcolor 2024/09/29 v3.02 LaTeX color extensions (UK)
 (C:\Users\saulo\AppData\Local\Programs\MiKTeX\tex/latex/graphics-cfg\color.cfg
File: color.cfg 2016/01/02 v1.6 sample color configuration
)
Package xcolor Info: Driver file: pdftex.def on input line 274.
 (C:\Users\saulo\AppData\Local\Programs\MiKTeX\tex/latex/graphics-def\pdftex.def
File: pdftex.def 2025/09/29 v1.2d Graphics/color driver for pdftex
) (C:\Users\saulo\AppData\Local\Programs\MiKTeX\tex/latex/graphics\mathcolor.ltx)
Package xcolor Info: Model `cmy' substituted by `cmy0' on input line 1349.
Package xcolor Info: Model `hsb' substituted by `rgb' on input line 1353.
Package xcolor Info: Model `RGB' extended on input line 1365.
Package xcolor Info: Model `HTML' substituted by `rgb' on input line 1367.
Package xcolor Info: Model `Hsb' substituted by `hsb' on input line 1368.
Package xcolor Info: Model `tHsb' substituted by `hsb' on input line 1369.
Package xcolor Info: Model `HSB' substituted by `hsb' on input line 1370.
Package xcolor Info: Model `Gray' substituted by `gray' on input line 1371.
Package xcolor Info: Model `wave' substituted by `hsb' on input line 1372.
) (C:\Users\saulo\AppData\Local\Programs\MiKTeX\tex/latex/colortbl\colortbl.sty
Package: colortbl 2024/10/29 v1.0k Color table columns (DPC)
 (C:\Users\saulo\AppData\Local\Programs\MiKTeX\tex/latex/tools\array.sty
Package: array 2025/09/25 v2.6n Tabular extension package (FMi)
\col@sep=\dimen169
\ar@mcellbox=\box54
\extrarowheight=\dimen170
\NC@list=\toks23
\extratabsurround=\skip60
\backup@length=\skip61
\ar@cellbox=\box55
)
\everycr=\toks24
\minrowclearance=\skip62
\rownum=\count305
) (C:\Users\saulo\AppData\Local\Programs\MiKTeX\tex/latex/tools\longtable.sty
Package: longtable 2025-10-13 v4.24 Multi-page Table package (DPC)
\LTleft=\skip63
\LTright=\skip64
\LTpre=\skip65
\LTpost=\skip66
\LTchunksize=\count306
\LTcapwidth=\dimen171
\LT@head=\box56
\LT@firsthead=\box57
\LT@foot=\box58
\LT@lastfoot=\box59
\LT@gbox=\box60
\LT@cols=\count307
\LT@rows=\count308
\c@LT@tables=\count309
\c@LT@chunks=\count310
\LT@p@ftn=\toks25
) (C:\Users\saulo\AppData\Local\Programs\MiKTeX\tex/latex/multirow\multirow.sty
Package: multirow 2024/11/12 v2.9 Span multiple rows of a table
\multirow@colwidth=\skip67
\multirow@cntb=\count311
\multirow@dima=\skip68
\bigstrutjot=\dimen172
) (C:\Users\saulo\AppData\Local\Programs\MiKTeX\tex/latex/listings\listings.sty
\lst@mode=\count312
\lst@gtempboxa=\box61
\lst@token=\toks26
\lst@length=\count313
\lst@currlwidth=\dimen173
\lst@column=\count314
\lst@pos=\count315
\lst@lostspace=\dimen174
\lst@width=\dimen175
\lst@newlines=\count316
\lst@lineno=\count317
\lst@maxwidth=\dimen176
 (C:\Users\saulo\AppData\Local\Programs\MiKTeX\tex/latex/listings\lstpatch.sty
File: lstpatch.sty 2025/11/14 1.11b (Carsten Heinz)
) (C:\Users\saulo\AppData\Local\Programs\MiKTeX\tex/latex/listings\lstmisc.sty
File: lstmisc.sty 2025/11/14 1.11b (Carsten Heinz)
\c@lstnumber=\count318
\lst@skipnumbers=\count319
\lst@framebox=\box62
) (C:\Users\saulo\AppData\Local\Programs\MiKTeX\tex/latex/listings\listings.cfg
File: listings.cfg 2025/11/14 1.11b listings configuration
))
Package: listings 2025/11/14 1.11b (Carsten Heinz)

==> First Aid for listings.sty no longer applied!
    Expected:
        2024/09/23 1.10c (Carsten Heinz)
    but found:
        2025/11/14 1.11b (Carsten Heinz)
    so I'm assuming it got fixed.
(C:\Users\saulo\AppData\Local\Programs\MiKTeX\tex/latex/matlab-prettifier\matlab-prettifier.sty
Package: matlab-prettifier 2014/06/19 v0.3 A package for prettyprinting Matlab source code
 (C:\Users\saulo\AppData\Local\Programs\MiKTeX\tex/latex/base\textcomp.sty
Package: textcomp 2024/04/24 v2.1b Standard LaTeX package
)
\netBracketCount@mlpr=\count320
\blkLvl@mlpr=\count321
\blkLvlAtClassdef@mlpr=\count322
\emHeight@mlpr=\skip69
\jayDepth@mlpr=\skip70
\sectionRuleOffset@mlpr=\skip71
\toks@mlpr=\toks27
) (C:\Users\saulo\AppData\Local\Programs\MiKTeX\tex/latex/makecell\makecell.sty
Package: makecell 2009/08/03 V0.1e Managing of Tab Column Heads and Cells
\rotheadsize=\dimen177
\c@nlinenum=\count323
\TeXr@lab=\toks28
) (C:\Users\saulo\AppData\Local\Programs\MiKTeX\tex/latex/lastpage\lastpage.sty
Package: lastpage 2025/08/14 v2.1h lastpage: 2.09 or 2e? (HMM)
 (C:\Users\saulo\AppData\Local\Programs\MiKTeX\tex/latex/lastpage\lastpage2e.sty
Package: lastpage2e 2025/08/14 v2.1h Decide which 2e lastpage version to use (HMM)
 (C:\Users\saulo\AppData\Local\Programs\MiKTeX\tex/latex/lastpage\lastpagemodern.sty
Package: lastpagemodern 2025-08-14 v2.1h Refers to last page's name (HMM; JPG)
\c@lastpagecount=\count324
) 
)) (C:\Users\saulo\AppData\Local\Programs\MiKTeX\tex/latex/fancyhdr\fancyhdr.sty
Package: fancyhdr 2025/02/07 v5.2 Extensive control of page headers and footers
\f@nch@headwidth=\skip72
\f@nch@offset@elh=\skip73
\f@nch@offset@erh=\skip74
\f@nch@offset@olh=\skip75
\f@nch@offset@orh=\skip76
\f@nch@offset@elf=\skip77
\f@nch@offset@erf=\skip78
\f@nch@offset@olf=\skip79
\f@nch@offset@orf=\skip80
\f@nch@height=\skip81
\f@nch@footalignment=\skip82
\f@nch@widthL=\skip83
\f@nch@widthC=\skip84
\f@nch@widthR=\skip85
\@temptokenb=\toks29
) (C:\Users\saulo\AppData\Local\Programs\MiKTeX\tex/latex/graphics\graphicx.sty
Package: graphicx 2024/12/31 v1.2e Enhanced LaTeX Graphics (DPC,SPQR)
 (C:\Users\saulo\AppData\Local\Programs\MiKTeX\tex/latex/graphics\graphics.sty
Package: graphics 2024/08/06 v1.4g Standard LaTeX Graphics (DPC,SPQR)
 (C:\Users\saulo\AppData\Local\Programs\MiKTeX\tex/latex/graphics\trig.sty
Package: trig 2023/12/02 v1.11 sin cos tan (DPC)
) (C:\Users\saulo\AppData\Local\Programs\MiKTeX\tex/latex/graphics-cfg\graphics.cfg
File: graphics.cfg 2016/06/04 v1.11 sample graphics configuration
)
Package graphics Info: Driver file: pdftex.def on input line 106.
)
\Gin@req@height=\dimen178
\Gin@req@width=\dimen179
) (C:\Users\saulo\AppData\Local\Programs\MiKTeX\tex/latex/float\float.sty
Package: float 2001/11/08 v1.3d Float enhancements (AL)
\c@float@type=\count325
\float@exts=\toks30
\float@box=\box63
\@float@everytoks=\toks31
\@floatcapt=\box64
) (C:\Users\saulo\AppData\Local\Programs\MiKTeX\tex/latex/caption\subcaption.sty
Package: subcaption 2023/07/28 v1.6b Sub-captions (AR)
 (C:\Users\saulo\AppData\Local\Programs\MiKTeX\tex/latex/caption\caption.sty
Package: caption 2023/08/05 v3.6o Customizing captions (AR)
 (C:\Users\saulo\AppData\Local\Programs\MiKTeX\tex/latex/caption\caption3.sty
Package: caption3 2023/07/31 v2.4d caption3 kernel (AR)
\caption@tempdima=\dimen180
\captionmargin=\dimen181
\caption@leftmargin=\dimen182
\caption@rightmargin=\dimen183
\caption@width=\dimen184
\caption@indent=\dimen185
\caption@parindent=\dimen186
\caption@hangindent=\dimen187
Package caption Info: Standard document class detected.
)
\c@caption@flags=\count326
\c@continuedfloat=\count327
Package caption Info: float package is loaded.
Package caption Info: hyperref package is loaded.
Package caption Info: listings package is loaded.
Package caption Info: longtable package is loaded.
 (C:\Users\saulo\AppData\Local\Programs\MiKTeX\tex/latex/caption\ltcaption.sty
Package: ltcaption 2021/01/08 v1.4c longtable captions (AR)
))
Package caption Info: New subtype `subfigure' on input line 238.
\c@subfigure=\count328
Package caption Info: New subtype `subtable' on input line 238.
\c@subtable=\count329
) (C:\Users\saulo\AppData\Local\Programs\MiKTeX\tex/latex/amsmath\amsmath.sty
Package: amsmath 2025/07/09 v2.17z AMS math features
\@mathmargin=\skip86

For additional information on amsmath, use the `?' option.
(C:\Users\saulo\AppData\Local\Programs\MiKTeX\tex/latex/amsmath\amstext.sty
Package: amstext 2024/11/17 v2.01 AMS text
 (C:\Users\saulo\AppData\Local\Programs\MiKTeX\tex/latex/amsmath\amsgen.sty
File: amsgen.sty 1999/11/30 v2.0 generic functions
\@emptytoks=\toks32
\ex@=\dimen188
)) (C:\Users\saulo\AppData\Local\Programs\MiKTeX\tex/latex/amsmath\amsbsy.sty
Package: amsbsy 1999/11/29 v1.2d Bold Symbols
\pmbraise@=\dimen189
) (C:\Users\saulo\AppData\Local\Programs\MiKTeX\tex/latex/amsmath\amsopn.sty
Package: amsopn 2022/04/08 v2.04 operator names
)
\inf@bad=\count330
LaTeX Info: Redefining \frac on input line 233.
\uproot@=\count331
\leftroot@=\count332
LaTeX Info: Redefining \overline on input line 398.
LaTeX Info: Redefining \colon on input line 409.
\classnum@=\count333
\DOTSCASE@=\count334
LaTeX Info: Redefining \ldots on input line 495.
LaTeX Info: Redefining \dots on input line 498.
LaTeX Info: Redefining \cdots on input line 619.
\Mathstrutbox@=\box65
\strutbox@=\box66
LaTeX Info: Redefining \big on input line 721.
LaTeX Info: Redefining \Big on input line 722.
LaTeX Info: Redefining \bigg on input line 723.
LaTeX Info: Redefining \Bigg on input line 724.
\big@size=\dimen190
LaTeX Font Info:    Redeclaring font encoding OML on input line 742.
LaTeX Font Info:    Redeclaring font encoding OMS on input line 743.
\macc@depth=\count335
LaTeX Info: Redefining \bmod on input line 904.
LaTeX Info: Redefining \pmod on input line 909.
LaTeX Info: Redefining \smash on input line 939.
LaTeX Info: Redefining \relbar on input line 969.
LaTeX Info: Redefining \Relbar on input line 970.
\c@MaxMatrixCols=\count336
\dotsspace@=\muskip18
\c@parentequation=\count337
\dspbrk@lvl=\count338
\tag@help=\toks33
\row@=\count339
\column@=\count340
\maxfields@=\count341
\andhelp@=\toks34
\eqnshift@=\dimen191
\alignsep@=\dimen192
\tagshift@=\dimen193
\tagwidth@=\dimen194
\totwidth@=\dimen195
\lineht@=\dimen196
\@envbody=\toks35
\multlinegap=\skip87
\multlinetaggap=\skip88
\mathdisplay@stack=\toks36
LaTeX Info: Redefining \[ on input line 2950.
LaTeX Info: Redefining \] on input line 2951.
) (C:\Users\saulo\AppData\Local\Programs\MiKTeX\tex/latex/amsfonts\amssymb.sty
Package: amssymb 2013/01/14 v3.01 AMS font symbols
 (C:\Users\saulo\AppData\Local\Programs\MiKTeX\tex/latex/amsfonts\amsfonts.sty
Package: amsfonts 2013/01/14 v3.01 Basic AMSFonts support
\symAMSa=\mathgroup6
\symAMSb=\mathgroup7
LaTeX Font Info:    Overwriting math alphabet `\mathfrak' in version `bold'
(Font)                  U/euf/m/n --> U/euf/b/n on input line 106.
)) (C:\Users\saulo\AppData\Local\Programs\MiKTeX\tex/latex/siunitx\siunitx.sty
Package: siunitx 2025-07-09 v3.4.14 A comprehensive (SI) units package
\l__siunitx_number_uncert_offset_int=\count342
\l__siunitx_number_exponent_fixed_int=\count343
\l__siunitx_number_min_decimal_int=\count344
\l__siunitx_number_min_integer_int=\count345
\l__siunitx_number_round_precision_int=\count346
\l__siunitx_number_lower_threshold_int=\count347
\l__siunitx_number_upper_threshold_int=\count348
\l__siunitx_number_group_first_int=\count349
\l__siunitx_number_group_size_int=\count350
\l__siunitx_number_group_minimum_int=\count351
\l__siunitx_angle_tmp_dim=\dimen197
\l__siunitx_angle_marker_box=\box67
\l__siunitx_angle_unit_box=\box68
\l__siunitx_compound_count_int=\count352
 (C:\Users\saulo\AppData\Local\Programs\MiKTeX\tex/latex/translations\translations.sty
Package: translations 2022/02/05 v1.12 internationalization of LaTeX2e packages (CN)
)
\l__siunitx_table_tmp_box=\box69
\l__siunitx_table_tmp_dim=\dimen198
\l__siunitx_table_column_width_dim=\dimen199
\l__siunitx_table_integer_box=\box70
\l__siunitx_table_decimal_box=\box71
\l__siunitx_table_uncert_box=\box72
\l__siunitx_table_before_box=\box73
\l__siunitx_table_after_box=\box74
\l__siunitx_table_before_dim=\dimen256
\l__siunitx_table_carry_dim=\dimen257
\l__siunitx_unit_tmp_int=\count353
\l__siunitx_unit_position_int=\count354
\l__siunitx_unit_total_int=\count355
) (C:\Users\saulo\AppData\Local\Programs\MiKTeX\tex/latex/circuitikz\circuitikz.sty
Package: circuitikz 2025/07/08{} The CircuiTikz circuit drawing package version 1.8.2
 (C:\Users\saulo\AppData\Local\Programs\MiKTeX\tex/latex/pgf/frontendlayer\tikz.sty (C:\Users\saulo\AppData\Local\Programs\MiKTeX\tex/latex/pgf/basiclayer\pgf.sty (C:\Users\saulo\AppData\Local\Programs\MiKTeX\tex/latex/pgf/utilities\pgfrcs.sty (C:\Users\saulo\AppData\Local\Programs\MiKTeX\tex/generic/pgf/utilities\pgfutil-common.tex
\pgfutil@everybye=\toks37
\pgfutil@tempdima=\dimen258
\pgfutil@tempdimb=\dimen259
) (C:\Users\saulo\AppData\Local\Programs\MiKTeX\tex/generic/pgf/utilities\pgfutil-latex.def
\pgfutil@abb=\box75
) (C:\Users\saulo\AppData\Local\Programs\MiKTeX\tex/generic/pgf/utilities\pgfrcs.code.tex (C:\Users\saulo\AppData\Local\Programs\MiKTeX\tex/generic/pgf\pgf.revision.tex)
Package: pgfrcs 2025-08-29 v3.1.11a (3.1.11a)
))
Package: pgf 2025-08-29 v3.1.11a (3.1.11a)
 (C:\Users\saulo\AppData\Local\Programs\MiKTeX\tex/latex/pgf/basiclayer\pgfcore.sty (C:\Users\saulo\AppData\Local\Programs\MiKTeX\tex/latex/pgf/systemlayer\pgfsys.sty (C:\Users\saulo\AppData\Local\Programs\MiKTeX\tex/generic/pgf/systemlayer\pgfsys.code.tex
Package: pgfsys 2025-08-29 v3.1.11a (3.1.11a)
 (C:\Users\saulo\AppData\Local\Programs\MiKTeX\tex/generic/pgf/utilities\pgfkeys.code.tex
\pgfkeys@pathtoks=\toks38
\pgfkeys@temptoks=\toks39
 (C:\Users\saulo\AppData\Local\Programs\MiKTeX\tex/generic/pgf/utilities\pgfkeyslibraryfiltered.code.tex
\pgfkeys@tmptoks=\toks40
))
\pgf@x=\dimen260
\pgf@y=\dimen261
\pgf@xa=\dimen262
\pgf@ya=\dimen263
\pgf@xb=\dimen264
\pgf@yb=\dimen265
\pgf@xc=\dimen266
\pgf@yc=\dimen267
\pgf@xd=\dimen268
\pgf@yd=\dimen269
\w@pgf@writea=\write3
\r@pgf@reada=\read3
\c@pgf@counta=\count356
\c@pgf@countb=\count357
\c@pgf@countc=\count358
\c@pgf@countd=\count359
\t@pgf@toka=\toks41
\t@pgf@tokb=\toks42
\t@pgf@tokc=\toks43
\pgf@sys@id@count=\count360
 (C:\Users\saulo\AppData\Local\Programs\MiKTeX\tex/generic/pgf/systemlayer\pgf.cfg
File: pgf.cfg 2025-08-29 v3.1.11a (3.1.11a)
)
Driver file for pgf: pgfsys-pdftex.def
 (C:\Users\saulo\AppData\Local\Programs\MiKTeX\tex/generic/pgf/systemlayer\pgfsys-pdftex.def
File: pgfsys-pdftex.def 2025-08-29 v3.1.11a (3.1.11a)
 (C:\Users\saulo\AppData\Local\Programs\MiKTeX\tex/generic/pgf/systemlayer\pgfsys-common-pdf.def
File: pgfsys-common-pdf.def 2025-08-29 v3.1.11a (3.1.11a)
))) (C:\Users\saulo\AppData\Local\Programs\MiKTeX\tex/generic/pgf/systemlayer\pgfsyssoftpath.code.tex
File: pgfsyssoftpath.code.tex 2025-08-29 v3.1.11a (3.1.11a)
\pgfsyssoftpath@smallbuffer@items=\count361
\pgfsyssoftpath@bigbuffer@items=\count362
) (C:\Users\saulo\AppData\Local\Programs\MiKTeX\tex/generic/pgf/systemlayer\pgfsysprotocol.code.tex
File: pgfsysprotocol.code.tex 2025-08-29 v3.1.11a (3.1.11a)
)) (C:\Users\saulo\AppData\Local\Programs\MiKTeX\tex/generic/pgf/basiclayer\pgfcore.code.tex
Package: pgfcore 2025-08-29 v3.1.11a (3.1.11a)
 (C:\Users\saulo\AppData\Local\Programs\MiKTeX\tex/generic/pgf/math\pgfmath.code.tex (C:\Users\saulo\AppData\Local\Programs\MiKTeX\tex/generic/pgf/math\pgfmathutil.code.tex) (C:\Users\saulo\AppData\Local\Programs\MiKTeX\tex/generic/pgf/math\pgfmathparser.code.tex
\pgfmath@dimen=\dimen270
\pgfmath@count=\count363
\pgfmath@box=\box76
\pgfmath@toks=\toks44
\pgfmath@stack@operand=\toks45
\pgfmath@stack@operation=\toks46
) (C:\Users\saulo\AppData\Local\Programs\MiKTeX\tex/generic/pgf/math\pgfmathfunctions.code.tex) (C:\Users\saulo\AppData\Local\Programs\MiKTeX\tex/generic/pgf/math\pgfmathfunctions.basic.code.tex) (C:\Users\saulo\AppData\Local\Programs\MiKTeX\tex/generic/pgf/math\pgfmathfunctions.trigonometric.code.tex) (C:\Users\saulo\AppData\Local\Programs\MiKTeX\tex/generic/pgf/math\pgfmathfunctions.random.code.tex) (C:\Users\saulo\AppData\Local\Programs\MiKTeX\tex/generic/pgf/math\pgfmathfunctions.comparison.code.tex) (C:\Users\saulo\AppData\Local\Programs\MiKTeX\tex/generic/pgf/math\pgfmathfunctions.base.code.tex) (C:\Users\saulo\AppData\Local\Programs\MiKTeX\tex/generic/pgf/math\pgfmathfunctions.round.code.tex) (C:\Users\saulo\AppData\Local\Programs\MiKTeX\tex/generic/pgf/math\pgfmathfunctions.misc.code.tex) (C:\Users\saulo\AppData\Local\Programs\MiKTeX\tex/generic/pgf/math\pgfmathfunctions.integerarithmetics.code.tex) (C:\Users\saulo\AppData\Local\Programs\MiKTeX\tex/generic/pgf/math\pgfmathcalc.code.tex) (C:\Users\saulo\AppData\Local\Programs\MiKTeX\tex/generic/pgf/math\pgfmathfloat.code.tex
\c@pgfmathroundto@lastzeros=\count364
)) (C:\Users\saulo\AppData\Local\Programs\MiKTeX\tex/generic/pgf/math\pgfint.code.tex) (C:\Users\saulo\AppData\Local\Programs\MiKTeX\tex/generic/pgf/basiclayer\pgfcorepoints.code.tex
File: pgfcorepoints.code.tex 2025-08-29 v3.1.11a (3.1.11a)
\pgf@picminx=\dimen271
\pgf@picmaxx=\dimen272
\pgf@picminy=\dimen273
\pgf@picmaxy=\dimen274
\pgf@pathminx=\dimen275
\pgf@pathmaxx=\dimen276
\pgf@pathminy=\dimen277
\pgf@pathmaxy=\dimen278
\pgf@xx=\dimen279
\pgf@xy=\dimen280
\pgf@yx=\dimen281
\pgf@yy=\dimen282
\pgf@zx=\dimen283
\pgf@zy=\dimen284
) (C:\Users\saulo\AppData\Local\Programs\MiKTeX\tex/generic/pgf/basiclayer\pgfcorepathconstruct.code.tex
File: pgfcorepathconstruct.code.tex 2025-08-29 v3.1.11a (3.1.11a)
\pgf@path@lastx=\dimen285
\pgf@path@lasty=\dimen286
) (C:\Users\saulo\AppData\Local\Programs\MiKTeX\tex/generic/pgf/basiclayer\pgfcorepathusage.code.tex
File: pgfcorepathusage.code.tex 2025-08-29 v3.1.11a (3.1.11a)
\pgf@shorten@end@additional=\dimen287
\pgf@shorten@start@additional=\dimen288
) (C:\Users\saulo\AppData\Local\Programs\MiKTeX\tex/generic/pgf/basiclayer\pgfcorescopes.code.tex
File: pgfcorescopes.code.tex 2025-08-29 v3.1.11a (3.1.11a)
\pgfpic=\box77
\pgf@hbox=\box78
\pgf@layerbox@main=\box79
\pgf@picture@serial@count=\count365
) (C:\Users\saulo\AppData\Local\Programs\MiKTeX\tex/generic/pgf/basiclayer\pgfcoregraphicstate.code.tex
File: pgfcoregraphicstate.code.tex 2025-08-29 v3.1.11a (3.1.11a)
\pgflinewidth=\dimen289
) (C:\Users\saulo\AppData\Local\Programs\MiKTeX\tex/generic/pgf/basiclayer\pgfcoretransformations.code.tex
File: pgfcoretransformations.code.tex 2025-08-29 v3.1.11a (3.1.11a)
\pgf@pt@x=\dimen290
\pgf@pt@y=\dimen291
\pgf@pt@temp=\dimen292
) (C:\Users\saulo\AppData\Local\Programs\MiKTeX\tex/generic/pgf/basiclayer\pgfcorequick.code.tex
File: pgfcorequick.code.tex 2025-08-29 v3.1.11a (3.1.11a)
) (C:\Users\saulo\AppData\Local\Programs\MiKTeX\tex/generic/pgf/basiclayer\pgfcoreobjects.code.tex
File: pgfcoreobjects.code.tex 2025-08-29 v3.1.11a (3.1.11a)
) (C:\Users\saulo\AppData\Local\Programs\MiKTeX\tex/generic/pgf/basiclayer\pgfcorepathprocessing.code.tex
File: pgfcorepathprocessing.code.tex 2025-08-29 v3.1.11a (3.1.11a)
) (C:\Users\saulo\AppData\Local\Programs\MiKTeX\tex/generic/pgf/basiclayer\pgfcorearrows.code.tex
File: pgfcorearrows.code.tex 2025-08-29 v3.1.11a (3.1.11a)
\pgfarrowsep=\dimen293
) (C:\Users\saulo\AppData\Local\Programs\MiKTeX\tex/generic/pgf/basiclayer\pgfcoreshade.code.tex
File: pgfcoreshade.code.tex 2025-08-29 v3.1.11a (3.1.11a)
\pgf@max=\dimen294
\pgf@sys@shading@range@num=\count366
\pgf@shadingcount=\count367
) (C:\Users\saulo\AppData\Local\Programs\MiKTeX\tex/generic/pgf/basiclayer\pgfcoreimage.code.tex
File: pgfcoreimage.code.tex 2025-08-29 v3.1.11a (3.1.11a)
) (C:\Users\saulo\AppData\Local\Programs\MiKTeX\tex/generic/pgf/basiclayer\pgfcoreexternal.code.tex
File: pgfcoreexternal.code.tex 2025-08-29 v3.1.11a (3.1.11a)
\pgfexternal@startupbox=\box80
) (C:\Users\saulo\AppData\Local\Programs\MiKTeX\tex/generic/pgf/basiclayer\pgfcorelayers.code.tex
File: pgfcorelayers.code.tex 2025-08-29 v3.1.11a (3.1.11a)
) (C:\Users\saulo\AppData\Local\Programs\MiKTeX\tex/generic/pgf/basiclayer\pgfcoretransparency.code.tex
File: pgfcoretransparency.code.tex 2025-08-29 v3.1.11a (3.1.11a)
) (C:\Users\saulo\AppData\Local\Programs\MiKTeX\tex/generic/pgf/basiclayer\pgfcorepatterns.code.tex
File: pgfcorepatterns.code.tex 2025-08-29 v3.1.11a (3.1.11a)
) (C:\Users\saulo\AppData\Local\Programs\MiKTeX\tex/generic/pgf/basiclayer\pgfcorerdf.code.tex
File: pgfcorerdf.code.tex 2025-08-29 v3.1.11a (3.1.11a)
))) (C:\Users\saulo\AppData\Local\Programs\MiKTeX\tex/generic/pgf/modules\pgfmoduleshapes.code.tex
File: pgfmoduleshapes.code.tex 2025-08-29 v3.1.11a (3.1.11a)
\pgfnodeparttextbox=\box81
) (C:\Users\saulo\AppData\Local\Programs\MiKTeX\tex/generic/pgf/modules\pgfmoduleplot.code.tex
File: pgfmoduleplot.code.tex 2025-08-29 v3.1.11a (3.1.11a)
) (C:\Users\saulo\AppData\Local\Programs\MiKTeX\tex/latex/pgf/compatibility\pgfcomp-version-0-65.sty
Package: pgfcomp-version-0-65 2025-08-29 v3.1.11a (3.1.11a)
\pgf@nodesepstart=\dimen295
\pgf@nodesepend=\dimen296
) (C:\Users\saulo\AppData\Local\Programs\MiKTeX\tex/latex/pgf/compatibility\pgfcomp-version-1-18.sty
Package: pgfcomp-version-1-18 2025-08-29 v3.1.11a (3.1.11a)
)) (C:\Users\saulo\AppData\Local\Programs\MiKTeX\tex/latex/pgf/utilities\pgffor.sty (C:\Users\saulo\AppData\Local\Programs\MiKTeX\tex/latex/pgf/utilities\pgfkeys.sty (C:\Users\saulo\AppData\Local\Programs\MiKTeX\tex/generic/pgf/utilities\pgfkeys.code.tex)) (C:\Users\saulo\AppData\Local\Programs\MiKTeX\tex/latex/pgf/math\pgfmath.sty (C:\Users\saulo\AppData\Local\Programs\MiKTeX\tex/generic/pgf/math\pgfmath.code.tex)) (C:\Users\saulo\AppData\Local\Programs\MiKTeX\tex/generic/pgf/utilities\pgffor.code.tex
Package: pgffor 2025-08-29 v3.1.11a (3.1.11a)
\pgffor@iter=\dimen297
\pgffor@skip=\dimen298
\pgffor@stack=\toks47
\pgffor@toks=\toks48
)) (C:\Users\saulo\AppData\Local\Programs\MiKTeX\tex/generic/pgf/frontendlayer/tikz\tikz.code.tex
Package: tikz 2025-08-29 v3.1.11a (3.1.11a)
 (C:\Users\saulo\AppData\Local\Programs\MiKTeX\tex/generic/pgf/libraries\pgflibraryplothandlers.code.tex
File: pgflibraryplothandlers.code.tex 2025-08-29 v3.1.11a (3.1.11a)
\pgf@plot@mark@count=\count368
\pgfplotmarksize=\dimen299
)
\tikz@lastx=\dimen300
\tikz@lasty=\dimen301
\tikz@lastxsaved=\dimen302
\tikz@lastysaved=\dimen303
\tikz@lastmovetox=\dimen304
\tikz@lastmovetoy=\dimen305
\tikzleveldistance=\dimen306
\tikzsiblingdistance=\dimen307
\tikz@figbox=\box82
\tikz@figbox@bg=\box83
\tikz@tempbox=\box84
\tikz@tempbox@bg=\box85
\tikztreelevel=\count369
\tikznumberofchildren=\count370
\tikznumberofcurrentchild=\count371
\tikz@fig@count=\count372
 (C:\Users\saulo\AppData\Local\Programs\MiKTeX\tex/generic/pgf/modules\pgfmodulematrix.code.tex
File: pgfmodulematrix.code.tex 2025-08-29 v3.1.11a (3.1.11a)
\pgfmatrixcurrentrow=\count373
\pgfmatrixcurrentcolumn=\count374
\pgf@matrix@numberofcolumns=\count375
)
\tikz@expandcount=\count376
 (C:\Users\saulo\AppData\Local\Programs\MiKTeX\tex/generic/pgf/frontendlayer/tikz/libraries\tikzlibrarytopaths.code.tex
File: tikzlibrarytopaths.code.tex 2025-08-29 v3.1.11a (3.1.11a)
))) (C:\Users\saulo\AppData\Local\Programs\MiKTeX\tex/generic/pgf/frontendlayer/tikz/libraries\tikzlibrarycalc.code.tex
File: tikzlibrarycalc.code.tex 2025-08-29 v3.1.11a (3.1.11a)
) (C:\Users\saulo\AppData\Local\Programs\MiKTeX\tex/generic/pgf/libraries\pgflibraryarrows.meta.code.tex
File: pgflibraryarrows.meta.code.tex 2025-08-29 v3.1.11a (3.1.11a)
\pgfarrowinset=\dimen308
\pgfarrowlength=\dimen309
\pgfarrowwidth=\dimen310
\pgfarrowlinewidth=\dimen311
) (C:\Users\saulo\AppData\Local\Programs\MiKTeX\tex/generic/pgf/frontendlayer/tikz/libraries\tikzlibrarybending.code.tex
File: tikzlibrarybending.code.tex 2025-08-29 v3.1.11a (3.1.11a)
 (C:\Users\saulo\AppData\Local\Programs\MiKTeX\tex/generic/pgf/modules\pgfmodulebending.code.tex
File: pgfmodulebending.code.tex 2025-08-29 v3.1.11a (3.1.11a)
 (C:\Users\saulo\AppData\Local\Programs\MiKTeX\tex/generic/pgf/modules\pgfmodulenonlineartransformations.code.tex
File: pgfmodulenonlineartransformations.code.tex 2025-08-29 v3.1.11a (3.1.11a)
\pgftransformnonlinearflatness=\dimen312
) (C:\Users\saulo\AppData\Local\Programs\MiKTeX\tex/generic/pgf/libraries\pgflibrarycurvilinear.code.tex
File: pgflibrarycurvilinear.code.tex 2025-08-29 v3.1.11a (3.1.11a)
\pgf@curvilinear@time@a=\dimen313
\pgf@curvilinear@length@a=\dimen314
\pgf@curvilinear@length@b=\dimen315
\pgf@curvilinear@length@c=\dimen316
\pgf@curvilinear@length@d=\dimen317
)
\pgf@arrows@the@rigidity=\dimen318
)) (C:\Users\saulo\AppData\Local\Programs\MiKTeX\tex/generic/pgf/frontendlayer/tikz/libraries\tikzlibraryfpu.code.tex (C:\Users\saulo\AppData\Local\Programs\MiKTeX\tex/generic/pgf/libraries\pgflibraryfpu.code.tex)) (C:\Users\saulo\AppData\Local\Programs\MiKTeX\tex/generic/circuitikz\pgfcirc.defines.tex
\pgf@circ@count@a=\count377
\pgf@circ@count@b=\count378
\pgf@circ@count@c=\count379
\pgf@circ@res@up=\dimen319
\pgf@circ@res@down=\dimen320
\pgf@circ@res@zero=\dimen321
\pgf@circ@res@left=\dimen322
\pgf@circ@res@right=\dimen323
\pgf@circ@res@other=\dimen324
\pgf@circ@res@step=\dimen325
\pgf@circ@res@temp=\dimen326
\pgf@circ@Rlen=\dimen327
\pgf@circ@scaled@Rlen=\dimen328
\pgfstartlinewidth=\dimen329
) (C:\Users\saulo\AppData\Local\Programs\MiKTeX\tex/generic/circuitikz\pgfcircutils.tex
\ctikz@scratchbox=\box86
) (C:\Users\saulo\AppData\Local\Programs\MiKTeX\tex/generic/circuitikz\pgfcircpath.tex) (C:\Users\saulo\AppData\Local\Programs\MiKTeX\tex/generic/circuitikz\pgfcircshapes.tex) (C:\Users\saulo\AppData\Local\Programs\MiKTeX\tex/generic/circuitikz\pgfcircmonopoles.tex) (C:\Users\saulo\AppData\Local\Programs\MiKTeX\tex/generic/circuitikz\pgfcircbipoles.tex) (C:\Users\saulo\AppData\Local\Programs\MiKTeX\tex/generic/circuitikz\pgfcirctripoles.tex
\pgf@circ@res@count=\count380
) (C:\Users\saulo\AppData\Local\Programs\MiKTeX\tex/generic/circuitikz\pgfcircquadpoles.tex) (C:\Users\saulo\AppData\Local\Programs\MiKTeX\tex/generic/circuitikz\pgfcircmultipoles.tex) (C:\Users\saulo\AppData\Local\Programs\MiKTeX\tex/generic/circuitikz\pgfcirclabel.tex) (C:\Users\saulo\AppData\Local\Programs\MiKTeX\tex/generic/circuitikz\pgfcircvoltage.tex
\pgfcirc@labelshift=\dimen330
) (C:\Users\saulo\AppData\Local\Programs\MiKTeX\tex/generic/circuitikz\pgfcirccurrent.tex) (C:\Users\saulo\AppData\Local\Programs\MiKTeX\tex/generic/circuitikz\pgfcircflow.tex)) (C:\Users\saulo\AppData\Local\Programs\MiKTeX\tex/generic/pgf/frontendlayer/tikz/libraries\tikzlibraryarrows.code.tex
File: tikzlibraryarrows.code.tex 2025-08-29 v3.1.11a (3.1.11a)
 (C:\Users\saulo\AppData\Local\Programs\MiKTeX\tex/generic/pgf/libraries\pgflibraryarrows.code.tex
File: pgflibraryarrows.code.tex 2025-08-29 v3.1.11a (3.1.11a)
\arrowsize=\dimen331
)) (C:\Users\saulo\AppData\Local\Programs\MiKTeX\tex/latex/ragged2e\ragged2e.sty
Package: ragged2e 2023/06/22 v3.6 ragged2e Package
\CenteringLeftskip=\skip89
\RaggedLeftLeftskip=\skip90
\RaggedRightLeftskip=\skip91
\CenteringRightskip=\skip92
\RaggedLeftRightskip=\skip93
\RaggedRightRightskip=\skip94
\CenteringParfillskip=\skip95
\RaggedLeftParfillskip=\skip96
\RaggedRightParfillskip=\skip97
\JustifyingParfillskip=\skip98
\CenteringParindent=\skip99
\RaggedLeftParindent=\skip100
\RaggedRightParindent=\skip101
\JustifyingParindent=\skip102
) (C:\Users\saulo\AppData\Local\Programs\MiKTeX\tex/latex/enumitem\enumitem.sty
Package: enumitem 2025/02/06 v3.11 Customized lists
\labelindent=\skip103
\enit@outerparindent=\dimen332
\enit@toks=\toks49
\enit@inbox=\box87
\enit@count@id=\count381
\enitdp@description=\count382
)
LaTeX Font Info:    Trying to load font information for T1+ptm on input line 112.
 (C:\Users\saulo\AppData\Local\Programs\MiKTeX\tex/latex/psnfss\t1ptm.fd
File: t1ptm.fd 2001/06/04 font definitions for T1/ptm.
) (C:\Users\saulo\AppData\Local\Programs\MiKTeX\tex/latex/l3backend\l3backend-pdftex.def
File: l3backend-pdftex.def 2025-10-09 L3 backend support: PDF output (pdfTeX)
\l__color_backend_stack_int=\count383
) (main.aux
Package babel Info: 'brazil' activates 'portuges' shorthands.
(babel)             Reported on input line 9.
)
\openout1 = `main.aux'.

LaTeX Font Info:    Checking defaults for OML/cmm/m/it on input line 112.
LaTeX Font Info:    ... okay on input line 112.
LaTeX Font Info:    Checking defaults for OMS/cmsy/m/n on input line 112.
LaTeX Font Info:    ... okay on input line 112.
LaTeX Font Info:    Checking defaults for OT1/cmr/m/n on input line 112.
LaTeX Font Info:    ... okay on input line 112.
LaTeX Font Info:    Checking defaults for T1/cmr/m/n on input line 112.
LaTeX Font Info:    ... okay on input line 112.
LaTeX Font Info:    Checking defaults for TS1/cmr/m/n on input line 112.
LaTeX Font Info:    ... okay on input line 112.
LaTeX Font Info:    Checking defaults for OMX/cmex/m/n on input line 112.
LaTeX Font Info:    ... okay on input line 112.
LaTeX Font Info:    Checking defaults for U/cmr/m/n on input line 112.
LaTeX Font Info:    ... okay on input line 112.
LaTeX Font Info:    Checking defaults for PD1/pdf/m/n on input line 112.
LaTeX Font Info:    ... okay on input line 112.
LaTeX Font Info:    Checking defaults for PU/pdf/m/n on input line 112.
LaTeX Font Info:    ... okay on input line 112.

*geometry* driver: auto-detecting
*geometry* detected driver: pdftex
*geometry* verbose mode - [ preamble ] result:
* driver: pdftex
* paper: a4paper
* layout: <same size as paper>
* layoutoffset:(h,v)=(0.0pt,0.0pt)
* modes: 
* h-part:(L,W,R)=(85.35826pt, 455.24411pt, 56.9055pt)
* v-part:(T,H,B)=(85.35826pt, 702.78308pt, 56.9055pt)
* \paperwidth=597.50787pt
* \paperheight=845.04684pt
* \textwidth=455.24411pt
* \textheight=702.78308pt
* \oddsidemargin=13.08827pt
* \evensidemargin=13.08827pt
* \topmargin=-23.91173pt
* \headheight=12.0pt
* \headsep=25.0pt
* \topskip=12.0pt
* \footskip=30.0pt
* \marginparwidth=35.0pt
* \marginparsep=10.0pt
* \columnsep=10.0pt
* \skip\footins=10.8pt plus 4.0pt minus 2.0pt
* \hoffset=0.0pt
* \voffset=0.0pt
* \mag=1000
* \@twocolumnfalse
* \@twosidefalse
* \@mparswitchfalse
* \@reversemarginfalse
* (1in=72.27pt=25.4mm, 1cm=28.453pt)

Package hyperref Info: Link coloring OFF on input line 112.
(main.out) (main.out)
\@outlinefile=\write4
\openout4 = `main.out'.

 (C:\Users\saulo\AppData\Local\Programs\MiKTeX\tex/context/base/mkii\supp-pdf.mkii
[Loading MPS to PDF converter (version 2006.09.02).]
\scratchcounter=\count384
\scratchdimen=\dimen333
\scratchbox=\box88
\nofMPsegments=\count385
\nofMParguments=\count386
\everyMPshowfont=\toks50
\MPscratchCnt=\count387
\MPscratchDim=\dimen334
\MPnumerator=\count388
\makeMPintoPDFobject=\count389
\everyMPtoPDFconversion=\toks51
) (C:\Users\saulo\AppData\Local\Programs\MiKTeX\tex/latex/epstopdf-pkg\epstopdf-base.sty
Package: epstopdf-base 2020-01-24 v2.11 Base part for package epstopdf
 (C:\Users\saulo\AppData\Local\Programs\MiKTeX\tex/latex/grfext\grfext.sty
Package: grfext 2019/12/03 v1.3 Manage graphics extensions (HO)
)
Package epstopdf-base Info: Redefining graphics rule for `.eps' on input line 485.
Package grfext Info: Graphics extension search list:
(grfext)             [.pdf,.png,.jpg,.mps,.jpeg,.jbig2,.jb2,.PDF,.PNG,.JPG,.JPEG,.JBIG2,.JB2,.eps]
(grfext)             \AppendGraphicsExtensions on input line 504.
 (C:\Users\saulo\AppData\Local\Programs\MiKTeX\tex/latex/00miktex\epstopdf-sys.cfg
File: epstopdf-sys.cfg 2021/03/18 v2.0 Configuration of epstopdf for MiKTeX
))
\c@lstlisting=\count390
Package caption Info: Begin \AtBeginDocument code.
Package caption Info: End \AtBeginDocument code.
 (C:\Users\saulo\AppData\Local\Programs\MiKTeX\tex/latex/translations/dicts\translations-basic-dictionary-brazil.trsl
File: translations-basic-dictionary-brazil.trsl (brazil translation file `translations-basic-dictionary')
)
Package translations Info: loading dictionary `translations-basic-dictionary' for `brazil'. on input line 112.
<Figuras/UFCG.png, id=198, 112.9821pt x 114.1866pt>
File: Figuras/UFCG.png Graphic file (type png)
<use Figuras/UFCG.png>
Package pdftex.def Info: Figuras/UFCG.png  used on input line 120.
(pdftex.def)             Requested size: 85.35826pt x 86.2722pt.
 [1

{C:/Users/saulo/AppData/Local/MiKTeX/fonts/map/pdftex/pdftex.map}{C:/Users/saulo/AppData/Local/Programs/MiKTeX/fonts/enc/dvips/base/8r.enc} <./Figuras/UFCG.png>]
pdfTeX warning (ext4): destination with the same identifier (name{page.1}) has been already used, duplicate ignored
<to be read again> 
                   \relax 
l.184 	\end{titlepage}
                       [1] (main.toc
LaTeX Font Info:    Trying to load font information for OT1+ztmcm on input line 4.
 (C:\Users\saulo\AppData\Local\Programs\MiKTeX\tex/latex/psnfss\ot1ztmcm.fd
File: ot1ztmcm.fd 2000/01/03 Fontinst v1.801 font definitions for OT1/ztmcm.
)
LaTeX Font Info:    Trying to load font information for OML+ztmcm on input line 4.
 (C:\Users\saulo\AppData\Local\Programs\MiKTeX\tex/latex/psnfss\omlztmcm.fd
File: omlztmcm.fd 2000/01/03 Fontinst v1.801 font definitions for OML/ztmcm.
)
LaTeX Font Info:    Trying to load font information for OMS+ztmcm on input line 4.
 (C:\Users\saulo\AppData\Local\Programs\MiKTeX\tex/latex/psnfss\omsztmcm.fd
File: omsztmcm.fd 2000/01/03 Fontinst v1.801 font definitions for OMS/ztmcm.
)
LaTeX Font Info:    Trying to load font information for OMX+ztmcm on input line 4.
 (C:\Users\saulo\AppData\Local\Programs\MiKTeX\tex/latex/psnfss\omxztmcm.fd
File: omxztmcm.fd 2000/01/03 Fontinst v1.801 font definitions for OMX/ztmcm.
)
LaTeX Font Info:    Trying to load font information for OT1+ptm on input line 4.
 (C:\Users\saulo\AppData\Local\Programs\MiKTeX\tex/latex/psnfss\ot1ptm.fd
File: ot1ptm.fd 2001/06/04 font definitions for OT1/ptm.
)
LaTeX Font Info:    Font shape `OT1/ptm/bx/n' in size <12> not available
(Font)              Font shape `OT1/ptm/b/n' tried instead on input line 4.
LaTeX Font Info:    Font shape `OT1/ptm/bx/n' in size <9> not available
(Font)              Font shape `OT1/ptm/b/n' tried instead on input line 4.
LaTeX Font Info:    Font shape `OT1/ptm/bx/n' in size <7> not available
(Font)              Font shape `OT1/ptm/b/n' tried instead on input line 4.

pdfTeX warning (ext4): destination with the same identifier (name{page.1}) has been already used, duplicate ignored
<to be read again> 
                   \relax 
l.37 ...e de Adaptação}{31}{subsubsection.5.4.3}
                                                  % [1])
\tf@toc=\write5
\openout5 = `main.toc'.

 [2] (main.lof)
\tf@lof=\write6
\openout6 = `main.lof'.

 [3] (main.lot)
\tf@lot=\write7
\openout7 = `main.lot'.

 [4]
pdfTeX warning (ext4): destination with the same identifier (name{page.1}) has been already used, duplicate ignored
<to be read again> 
                   \relax 
l.215 
       [1

]
pdfTeX warning (ext4): destination with the same identifier (name{page.2}) has been already used, duplicate ignored
<to be read again> 
                   \relax 
l.259 
       [2]
pdfTeX warning (ext4): destination with the same identifier (name{page.3}) has been already used, duplicate ignored
<to be read again> 
                   \relax 
l.309 \begin{equation}
                       [3]
pdfTeX warning (ext4): destination with the same identifier (name{page.4}) has been already used, duplicate ignored
<to be read again> 
                   \relax 
l.349 \end{equation}
                     [4] [5] [6] [7] [8]
LaTeX Font Info:    Trying to load font information for TS1+ptm on input line 488.
 (C:\Users\saulo\AppData\Local\Programs\MiKTeX\tex/latex/psnfss\ts1ptm.fd
File: ts1ptm.fd 2001/06/04 font definitions for TS1/ptm.
) [9] [10] [11] [12] [13] [14] [15] [16] [17]
<Figuras/modelo1/M1T1 - Graf.png, id=599, 647.41875pt x 568.37344pt>
File: Figuras/modelo1/M1T1 - Graf.png Graphic file (type png)
<use Figuras/modelo1/M1T1 - Graf.png>
Package pdftex.def Info: Figuras/modelo1/M1T1 - Graf.png  used on input line 852.
(pdftex.def)             Requested size: 218.51521pt x 191.83076pt.
<Figuras/modelo1/M1T1-Erro.png, id=600, 572.89032pt x 589.4522pt>
File: Figuras/modelo1/M1T1-Erro.png Graphic file (type png)
<use Figuras/modelo1/M1T1-Erro.png>
Package pdftex.def Info: Figuras/modelo1/M1T1-Erro.png  used on input line 860.
(pdftex.def)             Requested size: 182.09486pt x 187.36035pt.
<Figuras/modelo1/M1T2-G2.png, id=601, 648.92438pt x 573.64313pt>
File: Figuras/modelo1/M1T2-G2.png Graphic file (type png)
<use Figuras/modelo1/M1T2-G2.png>
Package pdftex.def Info: Figuras/modelo1/M1T2-G2.png  used on input line 871.
(pdftex.def)             Requested size: 218.51521pt x 193.16292pt.
<Figuras/modelo1/M1T2-E2.png, id=602, 570.63188pt x 587.19376pt>
File: Figuras/modelo1/M1T2-E2.png Graphic file (type png)
<use Figuras/modelo1/M1T2-E2.png>
Package pdftex.def Info: Figuras/modelo1/M1T2-E2.png  used on input line 878.
(pdftex.def)             Requested size: 182.09486pt x 187.37721pt.
 [18 <./Figuras/modelo1/M1T1 - Graf.png> <./Figuras/modelo1/M1T1-Erro.png>]
<Figuras/modelo1/M1T3-GE.png, id=611, 474.27188pt x 390.70969pt>
File: Figuras/modelo1/M1T3-GE.png Graphic file (type png)
<use Figuras/modelo1/M1T3-GE.png>
Package pdftex.def Info: Figuras/modelo1/M1T3-GE.png  used on input line 893.
(pdftex.def)             Requested size: 218.51521pt x 180.01479pt.
<Figuras/modelo1/M1T3-ERR.png, id=612, 475.02469pt x 386.94562pt>
File: Figuras/modelo1/M1T3-ERR.png Graphic file (type png)
<use Figuras/modelo1/M1T3-ERR.png>
Package pdftex.def Info: Figuras/modelo1/M1T3-ERR.png  used on input line 900.
(pdftex.def)             Requested size: 218.51521pt x 177.99715pt.


Package hyperref Warning: Token not allowed in a PDF string (Unicode):
(hyperref)                removing `math shift' on input line 906.


Package hyperref Warning: Token not allowed in a PDF string (Unicode):
(hyperref)                removing `math shift' on input line 906.

[19 <./Figuras/modelo1/M1T2-G2.png> <./Figuras/modelo1/M1T2-E2.png> <./Figuras/modelo1/M1T3-GE.png> <./Figuras/modelo1/M1T3-ERR.png>]
<Figuras/modelo1/M1TF-GF1.png, id=624, 617.30624pt x 524.71031pt>
File: Figuras/modelo1/M1TF-GF1.png Graphic file (type png)
<use Figuras/modelo1/M1TF-GF1.png>
Package pdftex.def Info: Figuras/modelo1/M1TF-GF1.png  used on input line 917.
(pdftex.def)             Requested size: 218.51521pt x 185.73302pt.
<Figuras/modelo1/M1TF-GF2.png, id=625, 628.59843pt x 525.46312pt>
File: Figuras/modelo1/M1TF-GF2.png Graphic file (type png)
<use Figuras/modelo1/M1TF-GF2.png>
Package pdftex.def Info: Figuras/modelo1/M1TF-GF2.png  used on input line 924.
(pdftex.def)             Requested size: 218.51521pt x 182.65604pt.
<Figuras/modelo1/M1TF-EF1.png, id=626, 620.3175pt x 529.98pt>
File: Figuras/modelo1/M1TF-EF1.png Graphic file (type png)
<use Figuras/modelo1/M1TF-EF1.png>
Package pdftex.def Info: Figuras/modelo1/M1TF-EF1.png  used on input line 934.
(pdftex.def)             Requested size: 218.51521pt x 186.69261pt.
<Figuras/modelo1/M1TF-EF2.png, id=627, 633.11531pt x 529.22719pt>
File: Figuras/modelo1/M1TF-EF2.png Graphic file (type png)
<use Figuras/modelo1/M1TF-EF2.png>
Package pdftex.def Info: Figuras/modelo1/M1TF-EF2.png  used on input line 941.
(pdftex.def)             Requested size: 218.51521pt x 182.65625pt.
 [20 <./Figuras/modelo1/M1TF-GF1.png> <./Figuras/modelo1/M1TF-GF2.png> <./Figuras/modelo1/M1TF-EF1.png> <./Figuras/modelo1/M1TF-EF2.png>]

Package hyperref Warning: Token not allowed in a PDF string (Unicode):
(hyperref)                removing `math shift' on input line 951.


Package hyperref Warning: Token not allowed in a PDF string (Unicode):
(hyperref)                removing `\phi' on input line 951.


Package hyperref Warning: Token not allowed in a PDF string (Unicode):
(hyperref)                removing `\omega' on input line 951.


Package hyperref Warning: Token not allowed in a PDF string (Unicode):
(hyperref)                removing `math shift' on input line 951.

<Figuras/modelo2/M2T1-GE.png, id=639, 1192.455pt x 621.82312pt>
File: Figuras/modelo2/M2T1-GE.png Graphic file (type png)
<use Figuras/modelo2/M2T1-GE.png>
Package pdftex.def Info: Figuras/modelo2/M2T1-GE.png  used on input line 985.
(pdftex.def)             Requested size: 341.43306pt x 178.0469pt.
[21]
LaTeX Font Info:    Font shape `OT1/ptm/bx/n' in size <10> not available
(Font)              Font shape `OT1/ptm/b/n' tried instead on input line 998.
LaTeX Font Info:    Font shape `OT1/ptm/bx/n' in size <7.4> not available
(Font)              Font shape `OT1/ptm/b/n' tried instead on input line 998.
LaTeX Font Info:    Font shape `OT1/ptm/bx/n' in size <6> not available
(Font)              Font shape `OT1/ptm/b/n' tried instead on input line 998.
<Figuras/modelo2/M2T1-GER.png, id=646, 1228.59pt x 622.57594pt>
File: Figuras/modelo2/M2T1-GER.png Graphic file (type png)
<use Figuras/modelo2/M2T1-GER.png>
Package pdftex.def Info: Figuras/modelo2/M2T1-GER.png  used on input line 999.
(pdftex.def)             Requested size: 218.51521pt x 110.72887pt.
<Figuras/modelo2/M2T1-GERR.png, id=647, 1245.9047pt x 633.11531pt>
File: Figuras/modelo2/M2T1-GERR.png Graphic file (type png)
<use Figuras/modelo2/M2T1-GERR.png>
Package pdftex.def Info: Figuras/modelo2/M2T1-GERR.png  used on input line 1004.
(pdftex.def)             Requested size: 218.51521pt x 111.03835pt.
 [22 <./Figuras/modelo2/M2T1-GE.png> <./Figuras/modelo2/M2T1-GER.png> <./Figuras/modelo2/M2T1-GERR.png>]
<Figuras/modelo2/M2T2-GE.png, id=658, 1181.16281pt x 609.77812pt>
File: Figuras/modelo2/M2T2-GE.png Graphic file (type png)
<use Figuras/modelo2/M2T2-GE.png>
Package pdftex.def Info: Figuras/modelo2/M2T2-GE.png  used on input line 1020.
(pdftex.def)             Requested size: 341.43306pt x 176.26355pt.
<Figuras/modelo2/M2T2-GER.png, id=659, 1203.7472pt x 624.08156pt>
File: Figuras/modelo2/M2T2-GER.png Graphic file (type png)
<use Figuras/modelo2/M2T2-GER.png>
Package pdftex.def Info: Figuras/modelo2/M2T2-GER.png  used on input line 1031.
(pdftex.def)             Requested size: 218.51521pt x 113.2821pt.
<Figuras/modelo2/M2T2-GERR.png, id=660, 1191.7022pt x 618.81187pt>
File: Figuras/modelo2/M2T2-GERR.png Graphic file (type png)
<use Figuras/modelo2/M2T2-GERR.png>
Package pdftex.def Info: Figuras/modelo2/M2T2-GERR.png  used on input line 1036.
(pdftex.def)             Requested size: 218.51521pt x 113.46808pt.
 [23 <./Figuras/modelo2/M2T2-GE.png> <./Figuras/modelo2/M2T2-GER.png> <./Figuras/modelo2/M2T2-GERR.png>]
<Figuras/modelo2/M2T3-GE.png, id=670, 1171.37625pt x 610.53094pt>
File: Figuras/modelo2/M2T3-GE.png Graphic file (type png)
<use Figuras/modelo2/M2T3-GE.png>
Package pdftex.def Info: Figuras/modelo2/M2T3-GE.png  used on input line 1052.
(pdftex.def)             Requested size: 341.43306pt x 177.95308pt.
<Figuras/modelo2/M2T3-GER.png, id=671, 1197.72469pt x 633.86812pt>
File: Figuras/modelo2/M2T3-GER.png Graphic file (type png)
<use Figuras/modelo2/M2T3-GER.png>
Package pdftex.def Info: Figuras/modelo2/M2T3-GER.png  used on input line 1063.
(pdftex.def)             Requested size: 218.51521pt x 115.63885pt.
<Figuras/modelo2/M2T3-GERR.png, id=672, 1193.96063pt x 633.11531pt>
File: Figuras/modelo2/M2T3-GERR.png Graphic file (type png)
<use Figuras/modelo2/M2T3-GERR.png>
Package pdftex.def Info: Figuras/modelo2/M2T3-GERR.png  used on input line 1068.
(pdftex.def)             Requested size: 218.51521pt x 115.86862pt.
 [24 <./Figuras/modelo2/M2T3-GE.png> <./Figuras/modelo2/M2T3-GER.png> <./Figuras/modelo2/M2T3-GERR.png>]

Package hyperref Warning: Token not allowed in a PDF string (Unicode):
(hyperref)                removing `math shift' on input line 1082.


Package hyperref Warning: Token not allowed in a PDF string (Unicode):
(hyperref)                removing `\phi' on input line 1082.


Package hyperref Warning: Token not allowed in a PDF string (Unicode):
(hyperref)                removing `\omega' on input line 1082.


Package hyperref Warning: Token not allowed in a PDF string (Unicode):
(hyperref)                removing `math shift' on input line 1082.

<Figuras/modelo3/M3T1-GE.png, id=687, 1187.93813pt x 611.28375pt>
File: Figuras/modelo3/M3T1-GE.png Graphic file (type png)
<use Figuras/modelo3/M3T1-GE.png>
Package pdftex.def Info: Figuras/modelo3/M3T1-GE.png  used on input line 1117.
(pdftex.def)             Requested size: 398.33858pt x 204.97952pt.
[25]
<Figuras/modelo3/M3T1-GER.png, id=693, 1243.64626pt x 636.87938pt>
File: Figuras/modelo3/M3T1-GER.png Graphic file (type png)
<use Figuras/modelo3/M3T1-GER.png>
Package pdftex.def Info: Figuras/modelo3/M3T1-GER.png  used on input line 1128.
(pdftex.def)             Requested size: 218.51521pt x 111.90259pt.
<Figuras/modelo3/M3T1-GERR.png, id=694, 1187.93813pt x 633.86812pt>
File: Figuras/modelo3/M3T1-GERR.png Graphic file (type png)
<use Figuras/modelo3/M3T1-GERR.png>
Package pdftex.def Info: Figuras/modelo3/M3T1-GERR.png  used on input line 1133.
(pdftex.def)             Requested size: 218.51521pt x 116.59639pt.
<Figuras/modelo3/M3T2-GE.png, id=697, 1179.65718pt x 624.83438pt>
File: Figuras/modelo3/M3T2-GE.png Graphic file (type png)
<use Figuras/modelo3/M3T2-GE.png>
Package pdftex.def Info: Figuras/modelo3/M3T2-GE.png  used on input line 1149.
(pdftex.def)             Requested size: 341.43306pt x 180.84456pt.
 [26 <./Figuras/modelo3/M3T1-GE.png> <./Figuras/modelo3/M3T1-GER.png> <./Figuras/modelo3/M3T1-GERR.png>]
<Figuras/modelo3/M3T2-GER.png, id=705, 1216.545pt x 628.59843pt>
File: Figuras/modelo3/M3T2-GER.png Graphic file (type png)
<use Figuras/modelo3/M3T2-GER.png>
Package pdftex.def Info: Figuras/modelo3/M3T2-GER.png  used on input line 1160.
(pdftex.def)             Requested size: 218.51521pt x 112.90305pt.
<Figuras/modelo3/M3T2-GEER.png, id=706, 1178.90437pt x 636.12656pt>
File: Figuras/modelo3/M3T2-GEER.png Graphic file (type png)
<use Figuras/modelo3/M3T2-GEER.png>
Package pdftex.def Info: Figuras/modelo3/M3T2-GEER.png  used on input line 1165.
(pdftex.def)             Requested size: 218.51521pt x 117.90482pt.
 [27 <./Figuras/modelo3/M3T2-GE.png> <./Figuras/modelo3/M3T2-GER.png> <./Figuras/modelo3/M3T2-GEER.png>]
<Figuras/modelo3/M3T3-GE.png, id=716, 1163.84813pt x 614.295pt>
File: Figuras/modelo3/M3T3-GE.png Graphic file (type png)
<use Figuras/modelo3/M3T3-GE.png>
Package pdftex.def Info: Figuras/modelo3/M3T3-GE.png  used on input line 1181.
(pdftex.def)             Requested size: 398.33858pt x 210.24478pt.
<Figuras/modelo3/M3T3-GER.png, id=717, 1201.48875pt x 618.05907pt>
File: Figuras/modelo3/M3T3-GER.png Graphic file (type png)
<use Figuras/modelo3/M3T3-GER.png>
Package pdftex.def Info: Figuras/modelo3/M3T3-GER.png  used on input line 1192.
(pdftex.def)             Requested size: 218.51521pt x 112.40582pt.
<Figuras/modelo3/M3T3-GEER.png, id=718, 1211.27531pt x 616.55344pt>
File: Figuras/modelo3/M3T3-GEER.png Graphic file (type png)
<use Figuras/modelo3/M3T3-GEER.png>
Package pdftex.def Info: Figuras/modelo3/M3T3-GEER.png  used on input line 1197.
(pdftex.def)             Requested size: 218.51521pt x 111.21942pt.
 [28 <./Figuras/modelo3/M3T3-GE.png> <./Figuras/modelo3/M3T3-GER.png> <./Figuras/modelo3/M3T3-GEER.png>]

Package hyperref Warning: Token not allowed in a PDF string (Unicode):
(hyperref)                removing `math shift' on input line 1210.


Package hyperref Warning: Token not allowed in a PDF string (Unicode):
(hyperref)                removing `\omega' on input line 1210.


Package hyperref Warning: Token not allowed in a PDF string (Unicode):
(hyperref)                removing `math shift' on input line 1210.

[29]
<Figuras/modelo4/M4T1-GE.png, id=736, 1199.23032pt x 628.59843pt>
File: Figuras/modelo4/M4T1-GE.png Graphic file (type png)
<use Figuras/modelo4/M4T1-GE.png>
Package pdftex.def Info: Figuras/modelo4/M4T1-GE.png  used on input line 1248.
(pdftex.def)             Requested size: 398.33858pt x 208.79054pt.
<Figuras/modelo4/M4T1-GER.png, id=737, 1211.27531pt x 639.89063pt>
File: Figuras/modelo4/M4T1-GER.png Graphic file (type png)
<use Figuras/modelo4/M4T1-GER.png>
Package pdftex.def Info: Figuras/modelo4/M4T1-GER.png  used on input line 1259.
(pdftex.def)             Requested size: 218.51521pt x 115.4292pt.
<Figuras/modelo4/M4T1-GERR.png, id=738, 1209.76968pt x 645.16031pt>
File: Figuras/modelo4/M4T1-GERR.png Graphic file (type png)
<use Figuras/modelo4/M4T1-GERR.png>
Package pdftex.def Info: Figuras/modelo4/M4T1-GERR.png  used on input line 1264.
(pdftex.def)             Requested size: 218.51521pt x 116.52745pt.
 [30 <./Figuras/modelo4/M4T1-GE.png> <./Figuras/modelo4/M4T1-GER.png> <./Figuras/modelo4/M4T1-GERR.png>]
<Figuras/modelo4/M4T2-GE.png, id=746, 1187.18532pt x 627.09282pt>
File: Figuras/modelo4/M4T2-GE.png Graphic file (type png)
<use Figuras/modelo4/M4T2-GE.png>
Package pdftex.def Info: Figuras/modelo4/M4T2-GE.png  used on input line 1279.
(pdftex.def)             Requested size: 398.33858pt x 210.40512pt.
<Figuras/modelo4/M4T2-GER.png, id=747, 1221.81468pt x 618.81187pt>
File: Figuras/modelo4/M4T2-GER.png Graphic file (type png)
<use Figuras/modelo4/M4T2-GER.png>
Package pdftex.def Info: Figuras/modelo4/M4T2-GER.png  used on input line 1290.
(pdftex.def)             Requested size: 218.51521pt x 110.66371pt.
<Figuras/modelo4/M4T2-GEER.png, id=748, 1200.73593pt x 634.62094pt>
File: Figuras/modelo4/M4T2-GEER.png Graphic file (type png)
<use Figuras/modelo4/M4T2-GEER.png>
Package pdftex.def Info: Figuras/modelo4/M4T2-GEER.png  used on input line 1295.
(pdftex.def)             Requested size: 218.51521pt x 115.48569pt.
 [31 <./Figuras/modelo4/M4T2-GE.png> <./Figuras/modelo4/M4T2-GER.png> <./Figuras/modelo4/M4T2-GEER.png>]
<Figuras/modelo4/M4T3-GE.png, id=758, 1199.23032pt x 618.81187pt>
File: Figuras/modelo4/M4T3-GE.png Graphic file (type png)
<use Figuras/modelo4/M4T3-GE.png>
Package pdftex.def Info: Figuras/modelo4/M4T3-GE.png  used on input line 1311.
(pdftex.def)             Requested size: 398.33858pt x 205.5399pt.
<Figuras/modelo4/M4T3-GER.png, id=759, 1230.09563pt x 626.34pt>
File: Figuras/modelo4/M4T3-GER.png Graphic file (type png)
<use Figuras/modelo4/M4T3-GER.png>
Package pdftex.def Info: Figuras/modelo4/M4T3-GER.png  used on input line 1322.
(pdftex.def)             Requested size: 218.51521pt x 111.26453pt.
<Figuras/modelo4/M4T3-GEER.png, id=760, 1196.21906pt x 618.81187pt>
File: Figuras/modelo4/M4T3-GEER.png Graphic file (type png)
<use Figuras/modelo4/M4T3-GEER.png>
Package pdftex.def Info: Figuras/modelo4/M4T3-GEER.png  used on input line 1327.
(pdftex.def)             Requested size: 218.51521pt x 113.03372pt.
 [32 <./Figuras/modelo4/M4T3-GE.png> <./Figuras/modelo4/M4T3-GER.png> <./Figuras/modelo4/M4T3-GEER.png>]

Package hyperref Warning: Token not allowed in a PDF string (Unicode):
(hyperref)                removing `math shift' on input line 1339.


Package hyperref Warning: Token not allowed in a PDF string (Unicode):
(hyperref)                removing `math shift' on input line 1339.

<Figuras/modelo5/M5T1-GE.png, id=773, 1209.01688pt x 630.10406pt>
File: Figuras/modelo5/M5T1-GE.png Graphic file (type png)
<use Figuras/modelo5/M5T1-GE.png>
Package pdftex.def Info: Figuras/modelo5/M5T1-GE.png  used on input line 1375.
(pdftex.def)             Requested size: 398.33858pt x 207.59846pt.
[33]
<Figuras/modelo5/M5T1-GER.png, id=778, 1216.545pt x 630.85687pt>
File: Figuras/modelo5/M5T1-GER.png Graphic file (type png)
<use Figuras/modelo5/M5T1-GER.png>
Package pdftex.def Info: Figuras/modelo5/M5T1-GER.png  used on input line 1386.
(pdftex.def)             Requested size: 218.51521pt x 113.30869pt.
<Figuras/modelo5/M5T1-GERR.png, id=779, 1226.33156pt x 634.62094pt>
File: Figuras/modelo5/M5T1-GERR.png Graphic file (type png)
<use Figuras/modelo5/M5T1-GERR.png>
Package pdftex.def Info: Figuras/modelo5/M5T1-GERR.png  used on input line 1391.
(pdftex.def)             Requested size: 218.51521pt x 113.0745pt.
<Figuras/modelo5/M5T2-GE.png, id=782, 1205.2528pt x 630.10406pt>
File: Figuras/modelo5/M5T2-GE.png Graphic file (type png)
<use Figuras/modelo5/M5T2-GE.png>
Package pdftex.def Info: Figuras/modelo5/M5T2-GE.png  used on input line 1406.
(pdftex.def)             Requested size: 398.33858pt x 208.25226pt.
 [34 <./Figuras/modelo5/M5T1-GE.png> <./Figuras/modelo5/M5T1-GER.png> <./Figuras/modelo5/M5T1-GERR.png>]
<Figuras/modelo5/M5T2-GER.png, id=790, 1196.97188pt x 636.87938pt>
File: Figuras/modelo5/M5T2-GER.png Graphic file (type png)
<use Figuras/modelo5/M5T2-GER.png>
Package pdftex.def Info: Figuras/modelo5/M5T2-GER.png  used on input line 1417.
(pdftex.def)             Requested size: 218.51521pt x 116.26596pt.
<Figuras/modelo5/M5T2-GERR.png, id=791, 1199.23032pt x 638.385pt>
File: Figuras/modelo5/M5T2-GERR.png Graphic file (type png)
<use Figuras/modelo5/M5T2-GERR.png>
Package pdftex.def Info: Figuras/modelo5/M5T2-GERR.png  used on input line 1422.
(pdftex.def)             Requested size: 218.51521pt x 116.31677pt.
<Figuras/modelo5/M5T3-GE.png, id=794, 1216.545pt x 648.92438pt>
File: Figuras/modelo5/M5T3-GE.png Graphic file (type png)
<use Figuras/modelo5/M5T3-GE.png>
Package pdftex.def Info: Figuras/modelo5/M5T3-GE.png  used on input line 1439.
(pdftex.def)             Requested size: 398.33858pt x 212.4723pt.
 [35 <./Figuras/modelo5/M5T2-GE.png> <./Figuras/modelo5/M5T2-GER.png> <./Figuras/modelo5/M5T2-GERR.png>]
<Figuras/modelo5/M5T3-GER.png, id=802, 1220.30907pt x 636.87938pt>
File: Figuras/modelo5/M5T3-GER.png Graphic file (type png)
<use Figuras/modelo5/M5T3-GER.png>
Package pdftex.def Info: Figuras/modelo5/M5T3-GER.png  used on input line 1450.
(pdftex.def)             Requested size: 218.51521pt x 114.04054pt.
<Figuras/modelo5/M5T3-GERR.png, id=803, 1184.17406pt x 633.11531pt>
File: Figuras/modelo5/M5T3-GERR.png Graphic file (type png)
<use Figuras/modelo5/M5T3-GERR.png>
Package pdftex.def Info: Figuras/modelo5/M5T3-GERR.png  used on input line 1455.
(pdftex.def)             Requested size: 218.51521pt x 116.82501pt.
 [36 <./Figuras/modelo5/M5T3-GE.png> <./Figuras/modelo5/M5T3-GER.png> <./Figuras/modelo5/M5T3-GERR.png>] [37] [38] [39] [40] (main.bbl) [41] [42] [43] [44] [45] [46] 
enddocument/afterlastpage (AED): lastpage setting LastPage.
(main.aux)
 ***********
LaTeX2e <2025-11-01>
L3 programming layer <2025-12-24>
 ***********
Package rerunfilecheck Info: File `main.out' has not changed.
(rerunfilecheck)             Checksum: 9AAED1792C9A783B79E3C609A696AA77;14057.
 ) 
Here is how much of TeX's memory you used:
 50932 strings out of 467871
 1209948 string characters out of 5418375
 1820898 words of memory out of 5000000
 78956 multiletter control sequences out of 15000+600000
 691287 words of font info for 141 fonts, out of 8000000 for 9000
 1141 hyphenation exceptions out of 8191
 99i,17n,108p,1579b,1194s stack positions out of 10000i,1000n,20000p,200000b,200000s
<C:/Users/saulo/AppData/Local/Programs/MiKTeX/fonts/type1/public/amsfonts/cm/cmex10.pfb><C:/Users/saulo/AppData/Local/Programs/MiKTeX/fonts/type1/public/amsfonts/cm/cmmi10.pfb><C:/Users/saulo/AppData/Local/Programs/MiKTeX/fonts/type1/public/amsfonts/cm/cmr10.pfb><C:/Users/saulo/AppData/Local/Programs/MiKTeX/fonts/type1/public/amsfonts/cm/cmsy10.pfb><C:/Users/saulo/AppData/Local/Programs/MiKTeX/fonts/type1/public/amsfonts/symbols/msbm10.pfb><C:/Users/saulo/AppData/Local/Programs/MiKTeX/fonts/type1/public/rsfs/rsfs10.pfb><C:/Users/saulo/AppData/Local/Programs/MiKTeX/fonts/type1/urw/symbol/usyr.pfb><C:/Users/saulo/AppData/Local/Programs/MiKTeX/fonts/type1/urw/symbol/usyr.pfb><C:/Users/saulo/AppData/Local/Programs/MiKTeX/fonts/type1/urw/times/utmb8a.pfb><C:/Users/saulo/AppData/Local/Programs/MiKTeX/fonts/type1/urw/times/utmbi8a.pfb><C:/Users/saulo/AppData/Local/Programs/MiKTeX/fonts/type1/urw/times/utmr8a.pfb><C:/Users/saulo/AppData/Local/Programs/MiKTeX/fonts/type1/urw/times/utmri8a.pfb>
Output written on main.pdf (52 pages, 3039675 bytes).
PDF statistics:
 1005 PDF objects out of 1200 (max. 8388607)
 243 named destinations out of 1000 (max. 500000)
 632 words of extra memory for PDF output out of 10000 (max. 10000000)

