\BOOKMARK [1][-]{section.1}{\376\377\000I\000N\000T\000R\000O\000D\000U\000\307\000\303\000O}{}% 1
\BOOKMARK [1][-]{section.2}{\376\377\000F\000U\000N\000D\000A\000M\000E\000N\000T\000A\000\307\000\303\000O\000\040\000T\000E\000\323\000R\000I\000C\000A}{}% 2
\BOOKMARK [2][-]{subsection.2.1}{\376\377\000M\000o\000d\000e\000l\000o\000s\000\040\000D\000i\000n\000\342\000m\000i\000c\000o\000s\000\040\000d\000e\000\040\000S\000i\000s\000t\000e\000m\000a\000s\000\040\000c\000o\000m\000\040\000M\000o\000d\000e\000l\000a\000g\000e\000m\000\040\000d\000o\000s\000\040\000E\000r\000r\000o\000s}{section.2}% 3
\BOOKMARK [2][-]{subsection.2.2}{\376\377\000D\000i\000s\000c\000r\000e\000t\000i\000z\000a\000\347\000\343\000o\000\040\000d\000e\000\040\000S\000i\000s\000t\000e\000m\000a\000s\000\040\000C\000o\000n\000t\000\355\000n\000u\000o\000s}{section.2}% 4
\BOOKMARK [2][-]{subsection.2.3}{\376\377\000F\000i\000l\000t\000r\000o\000\040\000d\000e\000\040\000K\000a\000l\000m\000a\000n\000\040\000L\000i\000n\000e\000a\000r\000\040\000\050\000L\000K\000F\000\051}{section.2}% 5
\BOOKMARK [2][-]{subsection.2.4}{\376\377\000F\000i\000l\000t\000r\000o\000\040\000d\000e\000\040\000K\000a\000l\000m\000a\000n\000\040\000E\000s\000t\000e\000n\000d\000i\000d\000o\000\040\000\050\000E\000K\000F\000\051}{section.2}% 6
\BOOKMARK [2][-]{subsection.2.5}{\376\377\000D\000i\000s\000c\000r\000e\000t\000i\000z\000a\000\347\000\343\000o\000\040\000d\000a\000\040\000C\000o\000v\000a\000r\000i\000\342\000n\000c\000i\000a\000\040\000d\000o\000\040\000R\000u\000\355\000d\000o\000\040\000d\000e\000\040\000P\000r\000o\000c\000e\000s\000s\000o}{section.2}% 7
\BOOKMARK [1][-]{section.3}{\376\377\000O\000B\000J\000E\000T\000I\000V\000O\000S}{}% 8
\BOOKMARK [1][-]{section.4}{\376\377\000M\000E\000T\000O\000D\000O\000L\000O\000G\000I\000A\000\040\000E\000\040\000F\000O\000R\000M\000U\000L\000A\000\307\000\303\000O\000\040\000D\000O\000S\000\040\000M\000O\000D\000E\000L\000O\000S}{}% 9
\BOOKMARK [2][-]{subsection.4.1}{\376\377\000M\000e\000t\000o\000d\000o\000l\000o\000g\000i\000a\000\040\000d\000e\000\040\000A\000v\000a\000l\000i\000a\000\347\000\343\000o\000\040\000e\000\040\000C\000e\000n\000\341\000r\000i\000o\000s\000\040\000d\000e\000\040\000T\000e\000s\000t\000e}{section.4}% 10
\BOOKMARK [2][-]{subsection.4.2}{\376\377\000F\000o\000r\000m\000u\000l\000a\000\347\000\343\000o\000\040\000M\000a\000t\000e\000m\000\341\000t\000i\000c\000a\000\040\000d\000o\000s\000\040\000M\000o\000d\000e\000l\000o\000s}{section.4}% 11
\BOOKMARK [3][-]{subsubsection.4.2.1}{\376\377\000M\000o\000d\000e\000l\000o\000\040\0001\000:\000\040\000O\000s\000c\000i\000l\000a\000d\000o\000r\000\040\000H\000a\000r\000m\000\364\000n\000i\000c\000o\000\040\000L\000i\000n\000e\000a\000r\000\040\000\050\000L\000K\000F\000\040\000P\000a\000d\000r\000\343\000o\000\051}{subsection.4.2}% 12
\BOOKMARK [3][-]{subsubsection.4.2.2}{\376\377\000M\000o\000d\000e\000l\000o\000\040\0002\000:\000\040\000E\000s\000t\000i\000m\000a\000\347\000\343\000o\000\040\000N\000\343\000o\000\040\000L\000i\000n\000e\000a\000r\000\040\000d\000e\000\040\000P\000a\000r\000\342\000m\000e\000t\000r\000o\000s\000\040\000v\000i\000a\000\040\000E\000K\000F}{subsection.4.2}% 13
\BOOKMARK [3][-]{subsubsection.4.2.3}{\376\377\000M\000o\000d\000e\000l\000o\000\040\0003\000:\000\040\000E\000K\000F\000\040\000d\000e\000\040\0002\000\040\000E\000s\000t\000a\000d\000o\000s\000\040\000\050\000A\000m\000p\000l\000i\000t\000u\000d\000e\000\040\000C\000o\000n\000h\000e\000c\000i\000d\000a\000\051}{subsection.4.2}% 14
\BOOKMARK [3][-]{subsubsection.4.2.4}{\376\377\000M\000o\000d\000e\000l\000o\000\040\0004\000:\000\040\000E\000K\000F\000\040\000A\000l\000t\000e\000r\000n\000a\000t\000i\000v\000o\000\040\000d\000e\000\040\0003\000\040\000E\000s\000t\000a\000d\000o\000s\000\040\000\050\000S\000i\000n\000a\000l\000,\000\040\000D\000e\000r\000i\000v\000a\000d\000a\000\040\000e\000\040\000F\000r\000e\000q\000u\000\352\000n\000c\000i\000a\000\051}{subsection.4.2}% 15
\BOOKMARK [3][-]{subsubsection.4.2.5}{\376\377\000M\000o\000d\000e\000l\000o\000\040\0005\000:\000\040\000E\000K\000F\000\040\000d\000e\000\040\0003\000\040\000E\000s\000t\000a\000d\000o\000s\000\040\000c\000o\000m\000\040\000F\000r\000e\000q\000u\000\352\000n\000c\000i\000a\000\040\000a\000o\000\040\000Q\000u\000a\000d\000r\000a\000d\000o}{subsection.4.2}% 16
\BOOKMARK [1][-]{section.5}{\376\377\000R\000E\000S\000U\000L\000T\000A\000D\000O\000S\000\040\000E\000\040\000D\000I\000S\000C\000U\000S\000S\000\325\000E\000S}{}% 17
\BOOKMARK [2][-]{subsection.5.1}{\376\377\000A\000n\000\341\000l\000i\000s\000e\000\040\000d\000o\000\040\000M\000o\000d\000e\000l\000o\000\040\0001\000:\000\040\000A\000b\000o\000r\000d\000a\000g\000e\000m\000\040\000L\000i\000n\000e\000a\000r\000\040\000\050\000B\000a\000s\000e\000l\000i\000n\000e\000\051}{section.5}% 18
\BOOKMARK [3][-]{subsubsection.5.1.1}{\376\377\000T\000e\000s\000t\000e\000s\000\040\0001\000\040\000e\000\040\0002\000:\000\040\000D\000e\000s\000e\000m\000p\000e\000n\000h\000o\000\040\000e\000m\000\040\000C\000e\000n\000\341\000r\000i\000o\000\040\000N\000o\000m\000i\000n\000a\000l}{subsection.5.1}% 19
\BOOKMARK [3][-]{subsubsection.5.1.2}{\376\377\000T\000e\000s\000t\000e\000\040\0003\000:\000\040\000E\000s\000t\000r\000e\000s\000s\000e\000\040\000d\000e\000\040\000R\000u\000\355\000d\000o\000\040\000e\000\040\000I\000n\000c\000e\000r\000t\000e\000z\000a\000\040\000I\000n\000i\000c\000i\000a\000l}{subsection.5.1}% 20
\BOOKMARK [3][-]{subsubsection.5.1.3}{\376\377\000T\000e\000s\000t\000e\000\040\0004\000:\000\040\000I\000m\000p\000a\000c\000t\000o\000\040\000d\000a\000\040\000N\000\343\000o\000\040\000D\000i\000s\000c\000r\000e\000t\000i\000z\000a\000\347\000\343\000o\000\040\000d\000a\000\040\000C\000o\000v\000a\000r\000i\000\342\000n\000c\000i\000a\000\040\000Q}{subsection.5.1}% 21
\BOOKMARK [3][-]{subsubsection.5.1.4}{\376\377\000C\000o\000n\000c\000l\000u\000s\000\343\000o\000\040\000d\000a\000\040\000P\000a\000r\000c\000i\000a\000l\000\040\000d\000o\000\040\000M\000o\000d\000e\000l\000o\000\040\0001}{subsection.5.1}% 22
\BOOKMARK [2][-]{subsection.5.2}{\376\377\000A\000n\000\341\000l\000i\000s\000e\000\040\000d\000o\000\040\000M\000o\000d\000e\000l\000o\000\040\0002\000:\000\040\000A\000b\000o\000r\000d\000a\000g\000e\000m\000\040\000d\000e\000\040\000T\000r\000\352\000s\000\040\000E\000s\000t\000a\000d\000o\000s\000\040\000\050\000,\000\040\000,\000\040\000A\000\051}{section.5}% 23
\BOOKMARK [3][-]{subsubsection.5.2.1}{\376\377\000T\000e\000s\000t\000e\000\040\0001\000:\000\040\000C\000e\000n\000\341\000r\000i\000o\000\040\000N\000o\000m\000i\000n\000a\000l\000\040\000e\000\040\000C\000o\000n\000v\000e\000r\000g\000\352\000n\000c\000i\000a\000\040\000I\000d\000e\000a\000l}{subsection.5.2}% 24
\BOOKMARK [3][-]{subsubsection.5.2.2}{\376\377\000T\000e\000s\000t\000e\000\040\0002\000:\000\040\000I\000n\000v\000e\000r\000s\000\343\000o\000\040\000d\000e\000\040\000F\000r\000e\000q\000u\000\352\000n\000c\000i\000a\000\040\0001}{subsection.5.2}% 25
\BOOKMARK [3][-]{subsubsection.5.2.3}{\376\377\000T\000e\000s\000t\000e\000\040\0003\000:\000\040\000I\000n\000v\000e\000r\000s\000\343\000o\000\040\000d\000e\000\040\000F\000r\000e\000q\000u\000\352\000n\000c\000i\000a\000\040\0002}{subsection.5.2}% 26
\BOOKMARK [3][-]{subsubsection.5.2.4}{\376\377\000C\000o\000n\000c\000l\000u\000s\000\343\000o\000\040\000P\000a\000r\000c\000i\000a\000l\000\040\000d\000o\000\040\000M\000o\000d\000e\000l\000o\000\040\0002}{subsection.5.2}% 27
\BOOKMARK [2][-]{subsection.5.3}{\376\377\000A\000n\000\341\000l\000i\000s\000e\000\040\000d\000o\000\040\000M\000o\000d\000e\000l\000o\000\040\0003\000:\000\040\000R\000e\000d\000u\000\347\000\343\000o\000\040\000d\000e\000\040\000O\000r\000d\000e\000m\000\040\000e\000\040\000E\000s\000t\000a\000b\000i\000l\000i\000z\000a\000\347\000\343\000o\000\040\000\050\000,\000\040\000\051}{section.5}% 28
\BOOKMARK [3][-]{subsubsection.5.3.1}{\376\377\000T\000e\000s\000t\000e\000\040\0001\000:\000\040\000D\000e\000s\000e\000m\000p\000e\000n\000h\000o\000\040\000e\000m\000\040\000C\000e\000n\000\341\000r\000i\000o\000\040\000N\000o\000m\000i\000n\000a\000l}{subsection.5.3}% 29
\BOOKMARK [3][-]{subsubsection.5.3.2}{\376\377\000T\000e\000s\000t\000e\000\040\0002\000:\000\040\000R\000o\000b\000u\000s\000t\000e\000z\000\040\000\340\000\040\000I\000n\000v\000e\000r\000s\000\343\000o\000\040\000d\000e\000\040\000S\000i\000n\000a\000i\000s\000\040\000e\000\040\000A\000m\000b\000i\000g\000u\000i\000d\000a\000d\000e}{subsection.5.3}% 30
\BOOKMARK [3][-]{subsubsection.5.3.3}{\376\377\000T\000e\000s\000t\000e\000\040\0003\000:\000\040\000C\000o\000n\000v\000e\000r\000g\000\352\000n\000c\000i\000a\000\040\000e\000m\000\040\000C\000o\000n\000d\000i\000\347\000\365\000e\000s\000\040\000d\000e\000\040\000D\000e\000s\000a\000j\000u\000s\000t\000e\000\040\000A\000c\000e\000n\000t\000u\000a\000d\000o}{subsection.5.3}% 31
\BOOKMARK [3][-]{subsubsection.5.3.4}{\376\377\000C\000o\000n\000c\000l\000u\000s\000\343\000o\000\040\000P\000a\000r\000c\000i\000a\000l\000\040\000d\000o\000\040\000M\000o\000d\000e\000l\000o\000\040\0003}{subsection.5.3}% 32
\BOOKMARK [2][-]{subsection.5.4}{\376\377\000A\000n\000\341\000l\000i\000s\000e\000\040\000d\000o\000\040\000M\000o\000d\000e\000l\000o\000\040\0004\000:\000\040\000E\000s\000t\000a\000d\000o\000s\000\040\000D\000i\000n\000\342\000m\000i\000c\000o\000s\000\040\000\050\000x\000,\000\040\000,\000\040\000\051}{section.5}% 33
\BOOKMARK [3][-]{subsubsection.5.4.1}{\376\377\000T\000e\000s\000t\000e\000\040\0001\000:\000\040\000D\000e\000s\000e\000m\000p\000e\000n\000h\000o\000\040\000e\000m\000\040\000C\000e\000n\000\341\000r\000i\000o\000\040\000N\000o\000m\000i\000n\000a\000l}{subsection.5.4}% 34
\BOOKMARK [3][-]{subsubsection.5.4.2}{\376\377\000T\000e\000s\000t\000e\000\040\0002\000:\000\040\000R\000e\000s\000o\000l\000u\000\347\000\343\000o\000\040\000d\000a\000\040\000A\000m\000b\000i\000g\000u\000i\000d\000a\000d\000e\000\040\000d\000e\000\040\000S\000i\000n\000a\000l}{subsection.5.4}% 35
\BOOKMARK [3][-]{subsubsection.5.4.3}{\376\377\000T\000e\000s\000t\000e\000\040\0003\000:\000\040\000R\000o\000b\000u\000s\000t\000e\000z\000\040\000\340\000\040\000E\000s\000t\000i\000m\000a\000t\000i\000v\000a\000\040\000I\000n\000i\000c\000i\000a\000l\000\040\000e\000\040\000T\000r\000a\000n\000s\000i\000e\000n\000t\000e\000\040\000d\000e\000\040\000A\000d\000a\000p\000t\000a\000\347\000\343\000o}{subsection.5.4}% 36
\BOOKMARK [3][-]{subsubsection.5.4.4}{\376\377\000C\000o\000n\000c\000l\000u\000s\000\343\000o\000\040\000d\000a\000\040\000P\000a\000r\000c\000i\000a\000l\000\040\000d\000o\000\040\000M\000o\000d\000e\000l\000o\000\040\0004}{subsection.5.4}% 37
\BOOKMARK [2][-]{subsection.5.5}{\376\377\000A\000n\000\341\000l\000i\000s\000e\000\040\000d\000o\000\040\000M\000o\000d\000e\000l\000o\000\040\0005\000:\000\040\000R\000e\000s\000o\000l\000u\000\347\000\343\000o\000\040\000v\000i\000a\000\040\000F\000r\000e\000q\000u\000\352\000n\000c\000i\000a\000\040\000a\000o\000\040\000Q\000u\000a\000d\000r\000a\000d\000o\000\040\000\050\000x\000,\000\040\000,\000\040\000z\000\051}{section.5}% 38
\BOOKMARK [3][-]{subsubsection.5.5.1}{\376\377\000T\000e\000s\000t\000e\000\040\0001\000:\000\040\000D\000e\000s\000e\000m\000p\000e\000n\000h\000o\000\040\000e\000m\000\040\000C\000e\000n\000\341\000r\000i\000o\000\040\000N\000o\000m\000i\000n\000a\000l}{subsection.5.5}% 39
\BOOKMARK [3][-]{subsubsection.5.5.2}{\376\377\000T\000e\000s\000t\000e\000\040\0002\000:\000\040\000R\000e\000s\000o\000l\000u\000\347\000\343\000o\000\040\000d\000a\000\040\000A\000m\000b\000i\000g\000u\000i\000d\000a\000d\000e\000\040\000d\000e\000\040\000S\000i\000n\000a\000l}{subsection.5.5}% 40
\BOOKMARK [3][-]{subsubsection.5.5.3}{\376\377\000T\000e\000s\000t\000e\000\040\0003\000:\000\040\000R\000o\000b\000u\000s\000t\000e\000z\000\040\000a\000\040\000e\000s\000t\000i\000m\000a\000t\000i\000v\000a\000\040\000i\000n\000i\000c\000i\000a\000l\000\040\000i\000n\000i\000c\000i\000a\000l}{subsection.5.5}% 41
\BOOKMARK [3][-]{subsubsection.5.5.4}{\376\377\000C\000o\000n\000c\000l\000u\000s\000\343\000o\000\040\000P\000a\000r\000c\000i\000a\000l\000\040\000d\000o\000\040\000M\000o\000d\000e\000l\000o\000\040\0005}{subsection.5.5}% 42
\BOOKMARK [3][-]{subsubsection.5.5.5}{\376\377\000S\000\355\000n\000t\000e\000s\000e\000\040\000C\000o\000m\000p\000a\000r\000a\000t\000i\000v\000a\000\040\000d\000a\000\040\000E\000v\000o\000l\000u\000\347\000\343\000o\000\040\000d\000o\000s\000\040\000M\000o\000d\000e\000l\000o\000s}{subsection.5.5}% 43
\BOOKMARK [2][-]{subsection.5.6}{\376\377\000A\000n\000\341\000l\000i\000s\000e\000\040\000C\000o\000m\000p\000a\000r\000a\000t\000i\000v\000a\000\040\000G\000l\000o\000b\000a\000l}{section.5}% 44
\BOOKMARK [1][-]{section.6}{\376\377\000C\000O\000N\000C\000L\000U\000S\000\303\000O}{}% 45
\BOOKMARK [1][-]{appendix.A}{\376\377\000S\000o\000l\000u\000\347\000\343\000o\000\040\000d\000a\000\040\000e\000q\000u\000a\000\347\000\343\000o\000\040\000d\000e\000\040\000e\000s\000t\000a\000d\000o\000s\000\040\000h\000o\000m\000o\000g\000\352\000n\000e\000a}{}% 46
\BOOKMARK [1][-]{appendix.B}{\376\377\000S\000o\000l\000u\000\347\000\343\000o\000\040\000g\000e\000r\000a\000l\000\040\000d\000e\000\040\000e\000s\000t\000a\000d\000o\000s\000\040\000n\000\343\000o\000-\000h\000o\000m\000o\000g\000\352\000n\000e\000a\000\040\000c\000o\000m\000\040\000r\000u\000\355\000d\000o\000\040\000d\000e\000\040\000p\000r\000o\000c\000e\000s\000s\000o}{}% 47
\BOOKMARK [1][-]{appendix.C}{\376\377\000L\000i\000n\000e\000a\000r\000i\000z\000a\000\347\000\343\000o\000\040\000d\000a\000\040\000d\000i\000n\000\342\000m\000i\000c\000a\000\040\000d\000o\000\040\000e\000r\000r\000o\000\040\000d\000e\000\040\000e\000s\000t\000i\000m\000a\000\347\000\343\000o\000\040\000p\000a\000r\000a\000\040\000o\000\040\000F\000i\000l\000t\000r\000o\000\040\000d\000e\000\040\000K\000a\000l\000m\000a\000n\000\040\000E\000s\000t\000e\000n\000d\000i\000d\000o}{}% 48
